E/ActivityThread( 1843): 	at android.content.ContextWrapper.bindService(ContextWrapper.java:538)
E/ActivityThread( 1843): 	at com.google.android.gms.http.e.<init>(SourceFile:94)
E/ActivityThread( 1843): 	at com.google.android.gms.http.GoogleHttpClient.<init>(SourceFile:234)
E/ActivityThread( 1843): 	at com.google.android.gms.http.GoogleHttpClient.<init>(SourceFile:196)
E/ActivityThread( 1843): 	at com.google.android.gms.backup.BackupTransportService.onCreate(SourceFile:1183)
E/ActivityThread( 1843): 	at android.app.ActivityThread.handleCreateService(ActivityThread.java:2731)
E/ActivityThread( 1843): 	at android.app.ActivityThread.access$1800(ActivityThread.java:144)
E/ActivityThread( 1843): 	at android.app.ActivityThread$H.handleMessage(ActivityThread.java:1361)
E/ActivityThread( 1843): 	at android.os.Handler.dispatchMessage(Handler.java:102)
E/ActivityThread( 1843): 	at android.os.Looper.loop(Looper.java:135)
E/ActivityThread( 1843): 	at android.app.ActivityThread.main(ActivityThread.java:5221)
E/ActivityThread( 1843): 	at java.lang.reflect.Method.invoke(Native Method)
E/ActivityThread( 1843): 	at java.lang.reflect.Method.invoke(Method.java:372)
E/ActivityThread( 1843): 	at com.android.internal.os.ZygoteInit$MethodAndArgsCaller.run(ZygoteInit.java:899)
E/ActivityThread( 1843): 	at com.android.internal.os.ZygoteInit.main(ZygoteInit.java:694)
V/BackupManagerService(  746): Connected to transport ComponentInfo{com.google.android.gms/com.google.android.gms.backup.BackupTransportService}
V/BackupManagerService(  746): Registering transport com.google.android.gms/.backup.BackupTransportService::com.google.android.gms/.backup.BackupTransportService = com.android.internal.backup.IBackupTransport$Stub$Proxy@1b5d9ebe
V/BackupManagerService(  746): Scheduling immediate backup pass
V/BackupManagerService(  746): Running a backup pass
V/BackupManagerService(  746): clearing pending backups
V/PerformBackupTask(  746): Beginning backup of 21 targets
D/PerformBackupTask(  746): invokeAgentForBackup on @pm@
E/PMBA    (  746): No global metadata in state file!
I/PMBA    (  746): Previous metadata null mismatch vs 1602158 - rewriting
I/BackupRestoreController(  746): Getting widget state for user: 0
D/BackupManagerService(  746): Now staging backup of com.google.android.talk
D/BackupManagerService(  746): Now staging backup of com.google.android.maps.mytracks
D/BackupManagerService(  746): Now staging backup of com.zegoggles.smssync
D/BackupManagerService(  746): Now staging backup of com.google.android.dialer
D/BackupManagerService(  746): Now staging backup of com.android.providers.settings
D/BackupManagerService(  746): Now staging backup of com.supercell.hayday
D/BackupManagerService(  746): Now staging backup of com.gingersoftware.android.keyboard
D/BackupManagerService(  746): Now staging backup of org.uguess.android.sysinfo.pro
D/BackupManagerService(  746): Now staging backup of net.nvyu.app.clian
D/BackupManagerService(  746): Now staging backup of com.android.sharedstoragebackup
D/BackupManagerService(  746): Now staging backup of com.supercell.clashofclans
D/BackupManagerService(  746): Now staging backup of com.google.android.gm
D/BackupManagerService(  746): Now staging backup of com.android.providers.userdictionary
D/BackupManagerService(  746): Now staging backup of com.android.nfc
D/BackupManagerService(  746): Now staging backup of com.google.android.apps.genie.geniewidget
D/BackupManagerService(  746): Now staging backup of com.google.android.marvin.talkback
D/BackupManagerService(  746): Now staging backup of com.android.vending
D/BackupManagerService(  746): Now staging backup of com.google.android.inputmethod.latin
D/BackupManagerService(  746): Now staging backup of com.google.android.calendar
D/BackupManagerService(  746): Now staging backup of android
D/BackupManagerService(  746): Now staging backup of com.google.android.googlequicksearchbox
I/BackupManagerService(  746): Backup pass finished.
D/WifiService(  746): acquireWifiLockLocked: WifiLock{NlpWifiLock type=2 binder=android.os.BinderProxy@1d10a993}
I/ActivityManager(  746): Killing 7878:com.wsl.noom/u0a152 (adj 15): empty #17
W/libprocessgroup(  746): failed to open /acct/uid_10152/pid_7878/cgroup.procs: No such file or directory
W/ResourcesManager( 1356): Asset path '/system/framework/com.google.android.media.effects.jar' does not exist or contains no resources.
W/ResourcesManager( 1356): Asset path '/system/framework/com.google.android.maps.jar' does not exist or contains no resources.
W/ResourcesManager( 1356): Asset path '/system/framework/com.google.android.maps.jar' does not exist or contains no resources.
W/ResourcesManager( 1356): Asset path '/system/framework/com.google.android.maps.jar' does not exist or contains no resources.
W/ResourcesManager( 1356): Asset path '/system/framework/com.google.android.maps.jar' does not exist or contains no resources.
W/ResourcesManager( 1356): Asset path '/system/framework/com.google.android.maps.jar' does not exist or contains no resources.
D/WifiService(  746): releaseWifiLockLocked: WifiLock{NlpWifiLock type=2 binder=android.os.BinderProxy@1d10a993}
I/ActivityManager(  746): Start proc com.wsl.noom for broadcast com.wsl.noom/com.wsl.activitymonitor.PeriodicAlarmReceiver: pid=9711 uid=10152 gids={50152, 9997, 3003, 3001, 3002, 1028, 1015} abi=armeabi-v7a
W/ResourcesManager( 9711): Asset path '/system/framework/com.google.android.maps.jar' does not exist or contains no resources.
W/ActivityThread( 9711): ClassLoader.loadClass: The class loader returned by Thread.getContextClassLoader() may fail for processes that host multiple applications. You should explicitly specify a context class loader. For example: Thread.setContextClassLoader(getClass().getClassLoader());
I/ActivityManager(  746): Killing 9288:com.nhn.android.nmap/u0a311 (adj 15): empty #17
W/libprocessgroup(  746): failed to open /acct/uid_10311/pid_9288/cgroup.procs: No such file or directory
I/Telecom ( 1281): CallsManager: setCallState ACTIVE -> DISCONNECTED, call: [183161164, ACTIVE, com.android.phone/com.android.services.telephony.TelephonyConnectionService, ***********, 0, childs(0), has_parent(false), [[Capabilities: HOLD SUPPORT_HOLD MUTE]]
I/Telecom ( 1281): CallAudioManager: updateAudioStreamAndMode, mIsRinging: false, mIsTonePlaying: true
I/Telecom ( 1281): CallAudioManager: requestAudioFocusAndSetMode, stream: 0 -> 0
I/Telecom ( 1281): CallAudioManager: updateAudioStreamAndMode, mIsRinging: false, mIsTonePlaying: true
I/Telecom ( 1281): CallAudioManager: requestAudioFocusAndSetMode, stream: 0 -> 0
I/Telecom ( 1281): BluetoothPhoneService: updateHeadsetWithCallState numActive 0, numHeld 0, callState 6, ringing number [da39a3ee5e6b4b0d3255bfef95601890afd80709], ringing type 128
I/Telecom ( 1281): CallAudioManager: updateAudioStreamAndMode, mIsRinging: false, mIsTonePlaying: true
I/Telecom ( 1281): CallAudioManager: requestAudioFocusAndSetMode, stream: 0 -> 0
I/Telecom ( 1281): ConnectionServiceWrapper: Service unbound ComponentInfo{com.android.phone/com.android.services.telephony.TelephonyConnectionService}, from unbind.
I/Telecom ( 1281): ProximitySensorManager: Releasing proximity wake lock
I/DisplayPowerController(  746): Blocking screen on until initial contents have been drawn.
I/Telecom ( 1281): CallAudioManager: updateAudioStreamAndMode, mIsRinging: false, mIsTonePlaying: true
I/Telecom ( 1281): CallAudioManager: requestAudioFocusAndSetMode, stream: 0 -> 0
I/DisplayManagerService(  746): Display device changed: DisplayDeviceInfo{"  ": 1080 x 1920, 60.0 fps, supportedRefreshRates [60.0], density 480, 442.451 x 443.345 dpi, appVsyncOff 7500000, presDeadline 12666667, touch INTERNAL, rotation 0, type BUILT_IN, state ON, FLAG_DEFAULT_DISPLAY, FLAG_ROTATES_WITH_CONTENT, FLAG_SECURE, FLAG_SUPPORTS_PROTECTED_BUFFERS}
I/Telecom ( 1281): PhoneStateBroadcaster: Broadcasted state change: 0
I/Telecom ( 1281): InCallController: onCallRemoved: [183161164, DISCONNECTED, null, ***********, 0, childs(0), has_parent(false), [[Capabilities: HOLD SUPPORT_HOLD MUTE]]
I/Telecom ( 1281): InCallController: Unbinding from InCallService %s
V/ActivityManager(  746): Display changed displayId=0
D/WifiService(  746): acquireWifiLockLocked: WifiLock{NlpWifiLock type=2 binder=android.os.BinderProxy@181865e2}
I/Telecom ( 1281): ProximitySensorManager: Proximity wake lock already released
I/ActivityManager(  746): Start proc com.locnall.KimGiSa for broadcast com.locnall.KimGiSa/.Common.PhoneState.PhoneStateReceiver: pid=9843 uid=10147 gids={50147, 9997, 3003, 1028, 1015} abi=armeabi-v7a
I/DisplayPowerController(  746): Unblocked screen on after 279 ms
I/Telecom ( 1281): CallAudioManager: updateAudioStreamAndMode, mIsRinging: false, mIsTonePlaying: false
W/ResourcesManager( 9549): Asset path '/system/framework/com.android.media.remotedisplay.jar' does not exist or contains no resources.
W/ResourcesManager( 9549): Asset path '/system/framework/com.android.location.provider.jar' does not exist or contains no resources.
D/WifiService(  746): releaseWifiLockLocked: WifiLock{NlpWifiLock type=2 binder=android.os.BinderProxy@181865e2}
D/WifiService(  746): acquireWifiLockLocked: WifiLock{NlpWifiLock type=2 binder=android.os.BinderProxy@181865e2}
W/ActivityManager(  746): getTasks: caller 10147 does not hold GET_TASKS; limiting output
I/ActivityManager(  746): Start proc com.shinhancard.smartshinhan for broadcast com.shinhancard.smartshinhan/kr.co.deotis.wiseportal.librarycompact.WISEMobileReceiver: pid=9888 uid=10142 gids={50142, 9997, 3003, 1028, 1015} abi=armeabi
I/ActivityManager(  746): Start proc kr.co.rememberapp for broadcast kr.co.rememberapp/.receiver.PhoneStateReceiver_: pid=9922 uid=10133 gids={50133, 9997, 3003, 1028, 1015} abi=armeabi
I/ActivityManager(  746): Killing 9104:com.outlook.Z7:client/u0a101 (adj 15): empty #17
W/libprocessgroup(  746): failed to open /acct/uid_10101/pid_9104/cgroup.procs: No such file or directory
I/ActivityManager(  746): Start proc com.makeshop.podbbang for broadcast com.makeshop.podbbang/.player.SystemStateReceiver: pid=9960 uid=10141 gids={50141, 9997, 3003, 1028, 1015, 3002} abi=armeabi-v7a
I/ActivityManager(  746): Killing 9359:ch.bitspin.timely/u0a160 (adj 15): empty #17
W/libprocessgroup(  746): failed to open /acct/uid_10160/pid_9359/cgroup.procs: No such file or directory
I/ActivityManager(  746): Killing 9405:com.syncedsynapse.eventflowwidget/u0a154 (adj 15): empty #17
I/ActivityManager(  746): Start proc com.shinhancard.smartshinhan.mini for broadcast com.shinhancard.smartshinhan.mini/kr.co.deotis.wiseportal.librarycompact.WISEMobileReceiver: pid=9984 uid=10179 gids={50179, 9997, 3003, 3002, 3001, 1028, 1015} abi=armeabi
W/libprocessgroup(  746): failed to open /acct/uid_10154/pid_9405/cgroup.procs: No such file or directory
I/ActivityManager(  746): Killing 9133:com.google.android.deskclock/u0a33 (adj 15): empty #17
W/libprocessgroup(  746): failed to open /acct/uid_10033/pid_9133/cgroup.procs: No such file or directory
W/ActivityManager(  746): getTasks: caller 10147 does not hold GET_TASKS; limiting output
I/ActivityManager(  746): Killing 9234:com.android.providers.calendar/u0a1 (adj 15): empty #17
W/libprocessgroup(  746): failed to open /acct/uid_10001/pid_9234/cgroup.procs: No such file or directory
I/ActivityManager(  746): Start proc com.google.android.apps.fitness for broadcast com.google.android.apps.fitness/.api.services.ActivitySummaryAlarmReceiver: pid=10074 uid=10320 gids={50320, 9997, 3003, 1028, 1015, 3002, 3001} abi=armeabi-v7a
I/ActivityManager(  746): Start proc com.google.android.deskclock for broadcast com.google.android.deskclock/com.android.deskclock.AlarmInitReceiver: pid=10102 uid=10033 gids={50033, 9997, 1028} abi=armeabi-v7a
I/ActivityManager(  746): Start proc com.qualcomm.timeservice for broadcast com.qualcomm.timeservice/.TimeServiceBroadcastReceiver: pid=10132 uid=10068 gids={50068, 9997} abi=armeabi-v7a
I/ActivityManager(  746): Killing 9213:com.google.android.calendar/u0a28 (adj 15): empty #17
W/libprocessgroup(  746): failed to open /acct/uid_10028/pid_9213/cgroup.procs: No such file or directory
I/ActivityManager(  746): Killing 9425:com.google.android.setupwizard/u0a16 (adj 15): empty #17
W/libprocessgroup(  746): failed to open /acct/uid_10016/pid_9425/cgroup.procs: No such file or directory
D/WifiService(  746): releaseWifiLockLocked: WifiLock{NlpWifiLock type=2 binder=android.os.BinderProxy@181865e2}
I/ActivityManager(  746): Start proc com.google.android.keep for broadcast com.google.android.keep/.notification.AlertReceiver: pid=10155 uid=10052 gids={50052, 9997, 3003, 1028, 1015} abi=armeabi-v7a
I/ActivityManager(  746): Killing 9458:com.google.android.gms.unstable/u0a7 (adj 15): empty #17
W/libprocessgroup(  746): failed to open /acct/uid_10007/pid_9458/cgroup.procs: No such file or directory
I/ActivityManager(  746): Killing 9336:android.process.media/u0a5 (adj 15): empty #17
W/libprocessgroup(  746): failed to open /acct/uid_10005/pid_9336/cgroup.procs: No such file or directory
I/ActivityManager(  746): Start proc com.google.android.calendar for broadcast com.google.android.calendar/com.android.calendar.widget.CalendarAppWidgetProvider: pid=10180 uid=10028 gids={50028, 9997, 3003, 1028, 1015} abi=armeabi-v7a
I/ActivityManager(  746): Killing 9597:com.google.android.apps.plus/u0a63 (adj 15): empty #17
W/libprocessgroup(  746): failed to open /acct/uid_10063/pid_9597/cgroup.procs: No such file or directory
I/ActivityManager(  746): Start proc com.android.providers.calendar for content provider com.android.providers.calendar/.CalendarProvider2: pid=10201 uid=10001 gids={50001, 9997, 3003, 1028, 1015} abi=armeabi-v7a
W/ResourcesManager(10201): Asset path '/system/framework/android.test.runner.jar' does not exist or contains no resources.
I/ActivityManager(  746): START u0 {cmp=com.kakao.talk/.activity.friend.miniprofile.MiniProfileActivity (has extras)} from uid 10167 on display 0
I/ActivityManager(  746): Start proc com.nhn.android.nmap for broadcast com.nhn.android.nmap/.bus.alarm.BusAlarmInitReceiver: pid=10229 uid=10311 gids={50311, 9997, 3003, 1028, 1015, 3002, 3001} abi=armeabi
I/ActivityManager(  746): Killing 9624:com.google.android.googlequicksearchbox:search/u0a19 (adj 15): empty #17
W/libprocessgroup(  746): failed to open /acct/uid_10019/pid_9624/cgroup.procs: No such file or directory
I/ActivityManager(  746): Start proc com.outlook.Z7:client for broadcast com.outlook.Z7/com.seven.Z7.app.ClientBroadcastReceiver: pid=10259 uid=10101 gids={50101, 9997, 3003, 1028, 1015} abi=armeabi-v7a
I/ActivityManager(  746): Killing 9653:com.google.android.partnersetup/u0a11 (adj 15): empty #17
W/libprocessgroup(  746): failed to open /acct/uid_10011/pid_9653/cgroup.procs: No such file or directory
I/ActivityManager(  746): Start proc ch.bitspin.timely for broadcast ch.bitspin.timely/.alarm.AlarmBroadcastReceiver: pid=10288 uid=10160 gids={50160, 9997, 3003, 1028} abi=armeabi-v7a
I/ActivityManager(  746): Killing 9843:com.locnall.KimGiSa/u0a147 (adj 15): empty #17
W/libprocessgroup(  746): failed to open /acct/uid_10147/pid_9843/cgroup.procs: No such file or directory
I/ActivityManager(  746): Killing 8720:com.google.android.incallui/u0a8 (adj 15): empty #17
W/ResourcesManager(10288): Asset path '/system/framework/com.android.media.remotedisplay.jar' does not exist or contains no resources.
W/ResourcesManager(10288): Asset path '/system/framework/com.android.location.provider.jar' does not exist or contains no resources.
W/libprocessgroup(  746): failed to open /acct/uid_10008/pid_8720/cgroup.procs: No such file or directory
I/ActivityManager(  746): Start proc com.syncedsynapse.eventflowwidget for broadcast com.syncedsynapse.eventflowwidget/.calendar.CalendarWidgetProvider: pid=10324 uid=10154 gids={50154, 9997, 3003} abi=armeabi-v7a
I/ActivityManager(  746): Killing 9888:com.shinhancard.smartshinhan/u0a142 (adj 15): empty #17
W/libprocessgroup(  746): failed to open /acct/uid_10142/pid_9888/cgroup.procs: No such file or directory
I/ActivityManager(  746): Start proc com.android.cellbroadcastreceiver for broadcast com.android.cellbroadcastreceiver/.CellBroadcastReceiver: pid=10343 uid=10029 gids={50029, 9997} abi=armeabi-v7a
I/ActivityManager(  746): Killing 9922:kr.co.rememberapp/u0a133 (adj 15): empty #17
W/libprocessgroup(  746): failed to open /acct/uid_10133/pid_9922/cgroup.procs: No such file or directory
I/ActivityManager(  746): Start proc kr.co.rememberapp for broadcast kr.co.rememberapp/.receiver.PushReceiver_: pid=10364 uid=10133 gids={50133, 9997, 3003, 1028, 1015} abi=armeabi
I/ActivityManager(  746): Killing 9960:com.makeshop.podbbang/u0a141 (adj 15): empty #17
W/libprocessgroup(  746): failed to open /acct/uid_10141/pid_9960/cgroup.procs: No such file or directory
I/ActivityManager(  746): Killing 9984:com.shinhancard.smartshinhan.mini/u0a179 (adj 15): empty #17
W/libprocessgroup(  746): failed to open /acct/uid_10179/pid_9984/cgroup.procs: No such file or directory
D/TaskPersister(  746): removeObsoleteFile: deleting file=11732_task_thumbnail.png
I/ActivityManager(  746): Start proc com.google.android.setupwizard for broadcast com.google.android.setupwizard/.util.GservicesChangedReceiver: pid=10400 uid=10016 gids={50016, 9997, 3003} abi=armeabi-v7a
I/ActivityManager(  746): Killing 10074:com.google.android.apps.fitness/u0a320 (adj 15): empty #17
W/libprocessgroup(  746): failed to open /acct/uid_10320/pid_10074/cgroup.procs: No such file or directory
I/ActivityManager(  746): Start proc com.google.android.gms.unstable for service com.google.android.gms/.droidguard.DroidGuardService: pid=10435 uid=10007 gids={50007, 9997, 2001, 3003, 1007, 3006, 3002, 3001, 1028, 1015, 1005, 3007} abi=armeabi-v7a
W/ResourcesManager(10435): Asset path '/system/framework/com.android.media.remotedisplay.jar' does not exist or contains no resources.
W/ResourcesManager(10435): Asset path '/system/framework/com.android.location.provider.jar' does not exist or contains no resources.
I/ActivityManager(  746): Start proc com.google.android.googlequicksearchbox:search for service com.google.android.googlequicksearchbox/com.google.android.sidekick.main.remoteservice.GoogleNowRemoteService: pid=10519 uid=10019 gids={50019, 9997, 3003, 3001, 1028, 3002, 1015, 1005} abi=armeabi-v7a
I/ActivityManager(  746): Start proc com.google.android.partnersetup for content provider com.google.android.partnersetup/.RlzAppProvider: pid=10544 uid=10011 gids={50011, 9997, 3003} abi=armeabi-v7a
D/WifiService(  746): New client listening to asynchronous messages
D/WifiService(  746): acquireWifiLockLocked: WifiLock{NlpWifiLock type=2 binder=android.os.BinderProxy@917ce17}
W/InputMethodInfo(  746): Duplicated subtype definition found: , voice
W/InputMethodManagerService(  746): Skipping input method ComponentInfo{appplus.mobi.lockdownpro/appplus.mobi.applock.service.AppLockPlusService}: it does not require the permission android.permission.BIND_INPUT_METHOD
I/ActivityManager(  746): Killing 9549:com.google.android.talk/u0a51 (adj 15): empty #17
W/libprocessgroup(  746): failed to open /acct/uid_10051/pid_9549/cgroup.procs: No such file or directory
I/ActivityManager(  746): Killing 10132:com.qualcomm.timeservice/u0a68 (adj 15): empty #17
D/WifiService(  746): releaseWifiLockLocked: WifiLock{NlpWifiLock type=2 binder=android.os.BinderProxy@917ce17}
W/libprocessgroup(  746): failed to open /acct/uid_10068/pid_10132/cgroup.procs: No such file or directory
I/ActivityManager(  746): Start proc com.google.android.talk for broadcast com.google.android.talk/com.google.android.apps.hangouts.phone.PackageReplacedReceiver: pid=10607 uid=10051 gids={50051, 9997, 3003, 1028, 1015, 3002} abi=armeabi-v7a
I/ActivityManager(  746): START u0 {act=android.intent.action.MAIN cat=[android.intent.category.LAUNCHER] flg=0x10200000 cmp=com.android.chrome/com.google.android.apps.chrome.Main bnds=[648,1532][849,1784] (has extras)} from uid 10019 on display 0
I/ActivityManager(  746): Start proc com.android.chrome for activity com.android.chrome/com.google.android.apps.chrome.ChromeTabbedActivity: pid=10635 uid=10031 gids={50031, 9997, 3003, 1028, 1015} abi=armeabi-v7a
I/ActivityManager(  746): Killing 10155:com.google.android.keep/u0a52 (adj 15): empty #17
W/ResourcesManager(10607): Asset path '/system/framework/com.google.android.media.effects.jar' does not exist or contains no resources.
W/libprocessgroup(  746): failed to open /acct/uid_10052/pid_10155/cgroup.procs: No such file or directory
I/ActivityManager(  746): Activity reported stop, but no longer stopping: ActivityRecord{336ec653 u0 com.google.android.googlequicksearchbox/com.google.android.launcher.GEL t11599}
I/ActivityManager(  746): Start proc com.google.android.apps.plus for broadcast com.google.android.apps.plus/.service.PackagesMediaMonitor: pid=10667 uid=10063 gids={50063, 9997, 3003, 3002, 1028, 1015} abi=armeabi-v7a
W/ResourcesManager(10667): Asset path '/system/framework/com.google.android.maps.jar' does not exist or contains no resources.
I/ActivityManager(  746): Process com.nhn.android.nmap (pid 10229) has died
I/ActivityManager(  746): Start proc android.process.media for content provider com.android.providers.media/.MediaProvider: pid=10688 uid=10005 gids={50005, 9997, 2001, 3003, 1028, 1015, 3007, 1023, 1024} abi=armeabi-v7a
I/ActivityManager(  746): Process ch.bitspin.timely (pid 10288) has died
I/ActivityManager(  746): Process kr.co.rememberapp (pid 10364) has died
D/BackupManagerService(  746): Received broadcast Intent { act=android.intent.action.PACKAGE_CHANGED dat=package:com.google.android.gms flg=0x4000010 (has extras) }
I/BackupManagerService(  746): Unbinding ComponentInfo{com.google.android.gms/com.google.android.gms.backup.BackupTransportService}
E/ActivityThread( 1843): Service com.google.android.gms.backup.BackupTransportService has leaked ServiceConnection com.google.android.gms.http.f@b7b7e91 that was originally bound here
E/ActivityThread( 1843): android.app.ServiceConnectionLeaked: Service com.google.android.gms.backup.BackupTransportService has leaked ServiceConnection com.google.android.gms.http.f@b7b7e91 that was originally bound here
E/ActivityThread( 1843): 	at android.app.LoadedApk$ServiceDispatcher.<init>(LoadedApk.java:1072)
E/ActivityThread( 1843): 	at android.app.LoadedApk.getServiceDispatcher(LoadedApk.java:966)
E/ActivityThread( 1843): 	at android.app.ContextImpl.bindServiceCommon(ContextImpl.java:1768)
E/ActivityThread( 1843): 	at android.app.ContextImpl.bindService(ContextImpl.java:1751)
E/ActivityThread( 1843): 	at android.content.ContextWrapper.bindService(ContextWrapper.java:538)
E/ActivityThread( 1843): 	at com.google.android.gms.http.e.<init>(SourceFile:94)
E/ActivityThread( 1843): 	at com.google.android.gms.http.GoogleHttpClient.<init>(SourceFile:234)
E/ActivityThread( 1843): 	at com.google.android.gms.http.GoogleHttpClient.<init>(SourceFile:196)
E/ActivityThread( 1843): 	at com.google.android.gms.backup.BackupTransportService.onCreate(SourceFile:1183)
E/ActivityThread( 1843): 	at android.app.ActivityThread.handleCreateService(ActivityThread.java:2731)
E/ActivityThread( 1843): 	at android.app.ActivityThread.access$1800(ActivityThread.java:144)
E/ActivityThread( 1843): 	at android.app.ActivityThread$H.handleMessage(ActivityThread.java:1361)
E/ActivityThread( 1843): 	at android.os.Handler.dispatchMessage(Handler.java:102)
E/ActivityThread( 1843): 	at android.os.Looper.loop(Looper.java:135)
E/ActivityThread( 1843): 	at android.app.ActivityThread.main(ActivityThread.java:5221)
E/ActivityThread( 1843): 	at java.lang.reflect.Method.invoke(Native Method)
E/ActivityThread( 1843): 	at java.lang.reflect.Method.invoke(Method.java:372)
E/ActivityThread( 1843): 	at com.android.internal.os.ZygoteInit$MethodAndArgsCaller.run(ZygoteInit.java:899)
E/ActivityThread( 1843): 	at com.android.internal.os.ZygoteInit.main(ZygoteInit.java:694)
I/BackupManagerService(  746): Binding to transport host ComponentInfo{com.google.android.gms/com.google.android.gms.backup.BackupTransportService}
V/BackupManagerService(  746): Connected to transport ComponentInfo{com.google.android.gms/com.google.android.gms.backup.BackupTransportService}
V/BackupManagerService(  746): Registering transport com.google.android.gms/.backup.BackupTransportService::com.google.android.gms/.backup.BackupTransportService = com.android.internal.backup.IBackupTransport$Stub$Proxy@17f46bd
V/BackupManagerService(  746): Scheduling immediate backup pass
V/BackupManagerService(  746): Running a backup pass
V/BackupManagerService(  746): clearing pending backups
V/PerformBackupTask(  746): Beginning backup of 21 targets
D/PerformBackupTask(  746): invokeAgentForBackup on @pm@
E/PMBA    (  746): No global metadata in state file!
I/PMBA    (  746): Previous metadata null mismatch vs 1602158 - rewriting
I/BackupRestoreController(  746): Getting widget state for user: 0
D/BackupManagerService(  746): Now staging backup of com.google.android.talk
D/BackupManagerService(  746): Now staging backup of com.google.android.maps.mytracks
D/BackupManagerService(  746): Now staging backup of com.google.android.dialer
D/BackupManagerService(  746): Now staging backup of com.zegoggles.smssync
D/BackupManagerService(  746): Now staging backup of com.android.providers.settings
D/BackupManagerService(  746): Now staging backup of com.gingersoftware.android.keyboard
D/BackupManagerService(  746): Now staging backup of com.supercell.hayday
D/BackupManagerService(  746): Now staging backup of org.uguess.android.sysinfo.pro
D/BackupManagerService(  746): Now staging backup of net.nvyu.app.clian
D/BackupManagerService(  746): Now staging backup of com.android.sharedstoragebackup
D/BackupManagerService(  746): Now staging backup of com.supercell.clashofclans
D/BackupManagerService(  746): Now staging backup of com.google.android.gm
D/BackupManagerService(  746): Now staging backup of com.android.providers.userdictionary
D/BackupManagerService(  746): Now staging backup of com.google.android.apps.genie.geniewidget
D/BackupManagerService(  746): Now staging backup of com.android.nfc
D/BackupManagerService(  746): Now staging backup of com.google.android.marvin.talkback
D/BackupManagerService(  746): Now staging backup of com.google.android.calendar
D/BackupManagerService(  746): Now staging backup of com.google.android.inputmethod.latin
D/BackupManagerService(  746): Now staging backup of com.android.vending
D/BackupManagerService(  746): Now staging backup of android
D/BackupManagerService(  746): Now staging backup of com.google.android.googlequicksearchbox
I/BackupManagerService(  746): Backup pass finished.
I/ActivityManager(  746): Start proc com.android.chrome:sandboxed_process0 for service com.android.chrome/org.chromium.content.app.SandboxedProcessService0: pid=10727 uid=99026 gids={} abi=armeabi-v7a
E/ActivityThread( 1356): Performing stop of activity that is not resumed: {com.google.android.googlequicksearchbox/com.google.android.launcher.GEL}
E/ActivityThread( 1356): java.lang.RuntimeException: Performing stop of activity that is not resumed: {com.google.android.googlequicksearchbox/com.google.android.launcher.GEL}
E/ActivityThread( 1356): 	at android.app.ActivityThread.performStopActivityInner(ActivityThread.java:3309)
E/ActivityThread( 1356): 	at android.app.ActivityThread.handleStopActivity(ActivityThread.java:3390)
E/ActivityThread( 1356): 	at android.app.ActivityThread.access$1100(ActivityThread.java:144)
E/ActivityThread( 1356): 	at android.app.ActivityThread$H.handleMessage(ActivityThread.java:1307)
E/ActivityThread( 1356): 	at android.os.Handler.dispatchMessage(Handler.java:102)
E/ActivityThread( 1356): 	at android.os.Looper.loop(Looper.java:135)
E/ActivityThread( 1356): 	at android.app.ActivityThread.main(ActivityThread.java:5221)
E/ActivityThread( 1356): 	at java.lang.reflect.Method.invoke(Native Method)
E/ActivityThread( 1356): 	at java.lang.reflect.Method.invoke(Method.java:372)
E/ActivityThread( 1356): 	at com.android.internal.os.ZygoteInit$MethodAndArgsCaller.run(ZygoteInit.java:899)
E/ActivityThread( 1356): 	at com.android.internal.os.ZygoteInit.main(ZygoteInit.java:694)
D/WifiService(  746): acquireWifiLockLocked: WifiLock{NlpWifiLock type=2 binder=android.os.BinderProxy@366b6ee6}
D/WifiService(  746): releaseWifiLockLocked: WifiLock{NlpWifiLock type=2 binder=android.os.BinderProxy@366b6ee6}
I/ActivityManager(  746): Start proc com.android.providers.partnerbookmarks for content provider com.android.providers.partnerbookmarks/.PartnerBookmarksProvider: pid=10877 uid=10061 gids={50061, 9997} abi=armeabi-v7a
I/ActivityManager(  746): Start proc com.android.chrome:sandboxed_process1 for service com.android.chrome/org.chromium.content.app.SandboxedProcessService1: pid=10900 uid=99027 gids={} abi=armeabi-v7a
I/ActivityManager(  746): START u0 {flg=0x1000c000 cmp=com.drippler.android.updates/.DrawerActivity (has extras)} from uid 10102 on display 0
W/InputMethodManagerService(  746): Window already focused, ignoring focus gain of: com.android.internal.view.IInputMethodClient$Stub$Proxy@2e781090 attribute=null, token = android.os.BinderProxy@264a23f0
I/ActivityManager(  746): Process com.android.cellbroadcastreceiver (pid 10343) has died
W/libprocessgroup(  746): failed to open /acct/uid_10031/pid_10900/cgroup.procs: No such file or directory
I/ActivityManager(  746): Process com.android.chrome:sandboxed_process1 (pid 10900) has died
W/ActivityManager(  746): Scheduling restart of crashed service com.android.chrome/org.chromium.content.app.SandboxedProcessService1 in 1000ms
I/ActivityManager(  746): Start proc com.drippler.android.updates for activity com.drippler.android.updates/.DrawerActivity: pid=10947 uid=10102 gids={50102, 9997, 3003, 1028, 1015} abi=armeabi-v7a
I/ActivityManager(  746): Process com.outlook.Z7:client (pid 10259) has died
I/ActivityManager(  746): Process com.syncedsynapse.eventflowwidget (pid 10324) has died
I/ActivityManager(  746): Process com.google.android.deskclock (pid 10102) has died
I/ActivityManager(  746): Start proc com.android.chrome:sandboxed_process2 for service com.android.chrome/org.chromium.content.app.SandboxedProcessService2: pid=11010 uid=99028 gids={} abi=armeabi-v7a
W/libprocessgroup(  746): failed to open /acct/uid_10031/pid_11010/cgroup.procs: No such file or directory
I/ActivityManager(  746): Process com.android.chrome:sandboxed_process2 (pid 11010) has died
W/ActivityManager(  746): Scheduling restart of crashed service com.android.chrome/org.chromium.content.app.SandboxedProcessService2 in 1000ms
I/ActivityManager(  746): Process com.google.android.calendar (pid 10180) has died
I/ActivityManager(  746): Process com.android.providers.calendar (pid 10201) has died
I/ActivityManager(  746): Process com.google.android.setupwizard (pid 10400) has died
E/ActivityThread(10947): Failed to find provider info for com.teslacoilsw.notifier
I/ActivityManager(  746): Process com.google.android.talk (pid 10607) has died
I/ActivityManager(  746): Process com.google.android.gms.unstable (pid 10435) has died
I/ActivityManager(  746): Process com.wsl.noom (pid 9711) has died
D/TaskPersister(  746): removeObsoleteFile: deleting file=11473_task.xml
D/TaskPersister(  746): removeObsoleteFile: deleting file=11473_task_thumbnail.png
I/ActivityManager(  746): Process com.android.vending (pid 9259) has died
I/ActivityManager(  746): Start proc com.outlook.Z7:client for broadcast com.outlook.Z7/com.seven.Z7.app.NotificationReceiver: pid=11409 uid=10101 gids={50101, 9997, 3003, 1028, 1015} abi=armeabi-v7a
I/ActivityManager(  746): Process com.google.android.apps.plus (pid 10667) has died
I/ActivityManager(  746): Start proc kr.co.rememberapp for broadcast kr.co.rememberapp/.receiver.PushReceiver_: pid=11588 uid=10133 gids={50133, 9997, 3003, 1028, 1015} abi=armeabi
I/ActivityManager(  746): Process android.process.media (pid 10688) has died
I/ActivityManager(  746): Start proc com.google.android.apps.genie.geniewidget for broadcast com.google.android.apps.genie.geniewidget/.miniwidget.MiniWidgetProvider: pid=11637 uid=10040 gids={50040, 9997, 3003} abi=armeabi-v7a
I/ActivityManager(  746): Start proc com.skt.skaf.OA00026910 for broadcast com.skt.skaf.OA00026910/.widget.WidgetProvider2_1: pid=11690 uid=10087 gids={50087, 9997, 3003, 1028, 1015, 3002, 3001} abi=armeabi
W/ResourcesManager(11690): Asset path '/system/framework/com.google.android.maps.jar' does not exist or contains no resources.
W/ResourcesManager(11637): Asset path '/system/framework/com.android.media.remotedisplay.jar' does not exist or contains no resources.
W/ResourcesManager(11637): Asset path '/system/framework/com.android.location.provider.jar' does not exist or contains no resources.
D/WifiService(  746): acquireWifiLockLocked: WifiLock{NlpWifiLock type=2 binder=android.os.BinderProxy@a072708}
I/ActivityManager(  746): Start proc com.skmc.okcashbag.home_google for broadcast com.skmc.okcashbag.home_google/com.skplanet.ocb.interact.geo.GeofenceEventReceiver: pid=11725 uid=10344 gids={50344, 9997, 3003, 1028, 1015, 3002, 3001} abi=armeabi-v7a
I/ActivityManager(  746): Process com.android.providers.partnerbookmarks (pid 10877) has died
I/ActivityManager(  746): Process com.google.android.partnersetup (pid 10544) has died
D/WifiService(  746): releaseWifiLockLocked: WifiLock{NlpWifiLock type=2 binder=android.os.BinderProxy@a072708}
I/ActivityManager(  746): Start proc com.wsl.noom for broadcast com.wsl.noom/com.wsl.activitymonitor.PeriodicAlarmReceiver: pid=11806 uid=10152 gids={50152, 9997, 3003, 3001, 3002, 1028, 1015} abi=armeabi-v7a
W/ResourcesManager(11806): Asset path '/system/framework/com.google.android.maps.jar' does not exist or contains no resources.
D/WifiService(  746): Client connection lost with reason: 4
I/ActivityManager(  746): Process com.google.android.googlequicksearchbox:search (pid 10519) has died
W/ActivityThread(11806): ClassLoader.loadClass: The class loader returned by Thread.getContextClassLoader() may fail for processes that host multiple applications. You should explicitly specify a context class loader. For example: Thread.setContextClassLoader(getClass().getClassLoader());
I/ActivityManager(  746): Start proc com.android.vending for service com.android.vending/com.google.android.finsky.billing.iab.InAppBillingService: pid=11844 uid=10014 gids={50014, 9997, 3003, 1028, 1015} abi=armeabi-v7a
I/ActivityManager(  746): Start proc com.google.android.gms:car for service com.google.android.gms/.car.CarService: pid=11887 uid=10007 gids={50007, 9997, 2001, 3003, 1007, 3006, 3002, 3001, 1028, 1015, 1005, 3007} abi=armeabi-v7a
W/ResourcesManager(11887): Asset path '/system/framework/com.android.media.remotedisplay.jar' does not exist or contains no resources.
W/ResourcesManager(11887): Asset path '/system/framework/com.android.location.provider.jar' does not exist or contains no resources.
I/ActivityManager(  746): Start proc android.process.media for content provider com.android.providers.downloads/.DownloadProvider: pid=11911 uid=10005 gids={50005, 9997, 2001, 3003, 1028, 1015, 3007, 1023, 1024} abi=armeabi-v7a
D/CountryDetector(  746): No listener is left
I/ActivityManager(  746): Process android.process.acore (pid 8681) has died
I/ActivityManager(  746): Start proc android.process.acore for content provider com.android.providers.userdictionary/.UserDictionaryProvider: pid=11962 uid=10003 gids={50003, 9997} abi=armeabi-v7a
I/ActivityManager(  746): START u0 {act=android.intent.action.VIEW dat=http://www.talkandroid.com/guides/best-apps/top-4-gallery-replacement-apps-on-android-february-2015/myroll/?utm_source=Drippler&utm_medium=Drippler&utm_campaign=Drippler flg=0x10000000 cmp=com.android.chrome/com.google.android.apps.chrome.Main} from uid 10102 on display 0
I/ActivityManager(  746): Start proc com.google.android.googlequicksearchbox:search for service com.google.android.googlequicksearchbox/com.google.android.ssb.service.SsbService: pid=11988 uid=10019 gids={50019, 9997, 3003, 3001, 1028, 3002, 1015, 1005} abi=armeabi-v7a
I/ActivityManager(  746): START u0 {act=android.intent.action.VIEW dat=http://www.talkandroid.com/guides/best-apps/top-4-gallery-replacement-apps-on-android-february-2015/myroll/?utm_source=Drippler&utm_medium=Drippler&utm_campaign=Drippler flg=0x14002000 cmp=com.android.chrome/com.google.android.apps.chrome.ChromeTabbedActivity} from uid 10031 on display 0
W/ActivityManager(  746): Duplicate finish request for ActivityRecord{3161dd3f u0 com.android.chrome/com.google.android.apps.chrome.Main t11605 f}
I/ActivityManager(  746): Start proc com.android.chrome:sandboxed_process3 for service com.android.chrome/org.chromium.content.app.SandboxedProcessService3: pid=12016 uid=99029 gids={} abi=armeabi-v7a
I/ActivityManager(  746): Process com.outlook.Z7:client (pid 11409) has died
I/ActivityManager(  746): Process com.skt.skaf.OA00026910 (pid 11690) has died
I/ActivityManager(  746): Process kr.co.rememberapp (pid 11588) has died
I/ActivityManager(  746): Start proc com.google.android.partnersetup for content provider com.google.android.partnersetup/.RlzAppProvider: pid=12043 uid=10011 gids={50011, 9997, 3003} abi=armeabi-v7a
I/ActivityManager(  746): Process com.skmc.okcashbag.home_google (pid 11725) has died
I/ActivityManager(  746): Process com.google.android.apps.genie.geniewidget (pid 11637) has died
I/ActivityManager(  746): Process com.google.android.gms:car (pid 11887) has died
I/ActivityManager(  746): moveTaskToBack: TaskRecord{9a9ca43 #11605 A=com.android.chrome U=0 sz=1}
W/InputMethodManagerService(  746): Starting input on non-focused client com.android.internal.view.IInputMethodClient$Stub$Proxy@39a1e2fc (uid=10031 pid=10635)
I/ActivityManager(  746): Process com.wsl.noom (pid 11806) has died
I/ActivityManager(  746): Process android.process.media (pid 11911) has died
W/ActivityManager(  746): Exception when unbinding service com.android.chrome/org.chromium.content.app.SandboxedProcessService3
W/ActivityManager(  746): android.os.TransactionTooLargeException
W/ActivityManager(  746): 	at android.os.BinderProxy.transactNative(Native Method)
W/ActivityManager(  746): 	at android.os.BinderProxy.transact(Binder.java:496)
W/ActivityManager(  746): 	at android.app.ApplicationThreadProxy.scheduleUnbindService(ApplicationThreadNative.java:917)
W/ActivityManager(  746): 	at com.android.server.am.ActiveServices.removeConnectionLocked(ActiveServices.java:1772)
W/ActivityManager(  746): 	at com.android.server.am.ActiveServices.unbindServiceLocked(ActiveServices.java:897)
W/ActivityManager(  746): 	at com.android.server.am.ActivityManagerService.unbindService(ActivityManagerService.java:14925)
W/ActivityManager(  746): 	at android.app.ActivityManagerNative.onTransact(ActivityManagerNative.java:960)
W/ActivityManager(  746): 	at com.android.server.am.ActivityManagerService.onTransact(ActivityManagerService.java:2407)
W/ActivityManager(  746): 	at android.os.Binder.execTransact(Binder.java:446)
W/libprocessgroup(  746): failed to open /acct/uid_10031/pid_12016/cgroup.procs: No such file or directory
I/ActivityManager(  746): Process com.android.chrome:sandboxed_process3 (pid 12016) has died
I/ActivityManager(  746): START u0 {act=android.intent.action.VIEW dat=market://details?id=com.alensw.PicFolder&referrer=utm_source=Drippler&utm_medium=Drippler&utm_campaign=Drippler flg=0x10008000 cmp=com.android.vending/com.google.android.finsky.activities.LaunchUrlHandlerActivity} from uid 10102 on display 0
I/ActivityManager(  746): START u0 {act=android.intent.action.VIEW dat=http://market.android.com/details?id=com.alensw.PicFolder&referrer=utm_source=Drippler&utm_medium=Drippler&utm_campaign=Drippler cmp=com.android.vending/com.google.android.finsky.activities.MainActivity (has extras)} from uid 10014 on display 0
W/ActivityManager(  746): getRecentTasks: caller 10014 is using old GET_TASKS but privileged; allowing
D/TaskPersister(  746): removeObsoleteFile: deleting file=11689_task.xml
D/TaskPersister(  746): removeObsoleteFile: deleting file=11689_task_thumbnail.png
D/TaskPersister(  746): removeObsoleteFile: deleting file=11689_activity_icon_1423729601213.png
I/ActivityManager(  746): START u0 {act=android.intent.action.VIEW dat=market://details?id=com.flayvr.flayvr&referrer=utm_source=Drippler&utm_medium=Drippler&utm_campaign=Drippler flg=0x10008000 cmp=com.android.vending/com.google.android.finsky.activities.LaunchUrlHandlerActivity} from uid 10102 on display 0
I/ActivityManager(  746): START u0 {act=android.intent.action.VIEW dat=http://market.android.com/details?id=com.flayvr.flayvr&referrer=utm_source=Drippler&utm_medium=Drippler&utm_campaign=Drippler cmp=com.android.vending/com.google.android.finsky.activities.MainActivity (has extras)} from uid 10014 on display 0
W/ActivityManager(  746): getRecentTasks: caller 10014 is using old GET_TASKS but privileged; allowing
D/TaskPersister(  746): removeObsoleteFile: deleting file=11734_task.xml
D/TaskPersister(  746): removeObsoleteFile: deleting file=11734_task_thumbnail.png
D/TaskPersister(  746): removeObsoleteFile: deleting file=11734_activity_icon_1423754559109.png
I/ActivityManager(  746): Start proc com.wsl.noom for broadcast com.wsl.noom/com.wsl.activitymonitor.PeriodicAlarmReceiver: pid=12445 uid=10152 gids={50152, 9997, 3003, 3001, 3002, 1028, 1015} abi=armeabi-v7a
W/ResourcesManager(12445): Asset path '/system/framework/com.google.android.maps.jar' does not exist or contains no resources.
W/ActivityThread(12445): ClassLoader.loadClass: The class loader returned by Thread.getContextClassLoader() may fail for processes that host multiple applications. You should explicitly specify a context class loader. For example: Thread.setContextClassLoader(getClass().getClassLoader());
D/WifiService(  746): New client listening to asynchronous messages
W/InputMethodInfo(  746): Duplicated subtype definition found: , voice
W/InputMethodManagerService(  746): Skipping input method ComponentInfo{appplus.mobi.lockdownpro/appplus.mobi.applock.service.AppLockPlusService}: it does not require the permission android.permission.BIND_INPUT_METHOD
I/ActivityManager(  746): Start proc com.android.providers.calendar for content provider com.android.providers.calendar/.CalendarProvider2: pid=12509 uid=10001 gids={50001, 9997, 3003, 1028, 1015} abi=armeabi-v7a
D/WifiService(  746): acquireWifiLockLocked: WifiLock{NlpWifiLock type=2 binder=android.os.BinderProxy@2d176a8c}
W/ResourcesManager(12509): Asset path '/system/framework/android.test.runner.jar' does not exist or contains no resources.
I/ActivityManager(  746): Start proc com.google.android.calendar for broadcast com.google.android.calendar/com.android.calendar.alerts.AlertReceiver: pid=12546 uid=10028 gids={50028, 9997, 3003, 1028, 1015} abi=armeabi-v7a
I/ActivityManager(  746): Start proc com.syncedsynapse.eventflowwidget for broadcast com.syncedsynapse.eventflowwidget/.calendar.CalendarWidgetProvider: pid=12571 uid=10154 gids={50154, 9997, 3003} abi=armeabi-v7a
I/ActivityManager(  746): Process com.google.android.partnersetup (pid 12043) has died
I/ActivityManager(  746): Process android.process.acore (pid 11962) has died
D/WifiService(  746): releaseWifiLockLocked: WifiLock{NlpWifiLock type=2 binder=android.os.BinderProxy@2d176a8c}
I/ActivityManager(  746): Process com.wsl.noom (pid 12445) has died
I/ActivityManager(  746): Process com.android.providers.calendar (pid 12509) has died
I/ActivityManager(  746): Start proc com.skt.skaf.OA00026910 for broadcast com.skt.skaf.OA00026910/com.skplanet.sdk.geofence.common.EventReceiver: pid=12616 uid=10087 gids={50087, 9997, 3003, 1028, 1015, 3002, 3001} abi=armeabi
W/ResourcesManager(12616): Asset path '/system/framework/com.google.android.maps.jar' does not exist or contains no resources.
D/WifiService(  746): acquireWifiLockLocked: WifiLock{NlpWifiLock type=2 binder=android.os.BinderProxy@2d176a8c}
I/ActivityManager(  746): Start proc com.skmc.okcashbag.home_google for broadcast com.skmc.okcashbag.home_google/com.skplanet.sdk.geofence.common.EventReceiver: pid=12639 uid=10344 gids={50344, 9997, 3003, 1028, 1015, 3002, 3001} abi=armeabi-v7a
I/ActivityManager(  746): Process com.syncedsynapse.eventflowwidget (pid 12571) has died
I/ActivityManager(  746): Process com.google.android.calendar (pid 12546) has died
D/WifiService(  746): releaseWifiLockLocked: WifiLock{NlpWifiLock type=2 binder=android.os.BinderProxy@2d176a8c}
D/WifiService(  746): acquireWifiLockLocked: WifiLock{NlpWifiLock type=2 binder=android.os.BinderProxy@2d176a8c}
I/ActivityManager(  746): Start proc android.process.acore for content provider com.android.providers.userdictionary/.UserDictionaryProvider: pid=12707 uid=10003 gids={50003, 9997} abi=armeabi-v7a
D/WifiService(  746): Client connection lost with reason: 4
I/ActivityManager(  746): Process com.google.android.googlequicksearchbox:search (pid 11988) has died
I/ActivityManager(  746): Waited long enough for: ServiceRecord{1e35daa8 u0 com.levelup.beautifulwidgets/ca.cumulonimbus.pressurenetsdk.CbService}
D/WifiService(  746): releaseWifiLockLocked: WifiLock{NlpWifiLock type=2 binder=android.os.BinderProxy@2d176a8c}
I/ActivityManager(  746): Start proc com.google.android.googlequicksearchbox:search for service com.google.android.googlequicksearchbox/com.google.android.sidekick.main.remoteservice.GoogleNowRemoteService: pid=12773 uid=10019 gids={50019, 9997, 3003, 3001, 1028, 3002, 1015, 1005} abi=armeabi-v7a
I/ActivityManager(  746): Start proc com.google.android.partnersetup for content provider com.google.android.partnersetup/.RlzAppProvider: pid=12796 uid=10011 gids={50011, 9997, 3003} abi=armeabi-v7a
D/WifiService(  746): New client listening to asynchronous messages
W/InputMethodInfo(  746): Duplicated subtype definition found: , voice
W/InputMethodManagerService(  746): Skipping input method ComponentInfo{appplus.mobi.lockdownpro/appplus.mobi.applock.service.AppLockPlusService}: it does not require the permission android.permission.BIND_INPUT_METHOD
D/WifiService(  746): acquireWifiLockLocked: WifiLock{NlpWifiLock type=2 binder=android.os.BinderProxy@2d176a8c}
D/WifiService(  746): releaseWifiLockLocked: WifiLock{NlpWifiLock type=2 binder=android.os.BinderProxy@2d176a8c}
W/InputMethodManagerService(  746): Window already focused, ignoring focus gain of: com.android.internal.view.IInputMethodClient$Stub$Proxy@4b0955 attribute=null, token = android.os.BinderProxy@20ea52d4
I/ActivityManager(  746): START u0 {act=com.google.android.finsky.VIEW_MY_DOWNLOADS flg=0x10000000 cmp=com.android.vending/com.google.android.finsky.activities.MainActivity} from uid 10014 on display 0
D/TaskPersister(  746): removeObsoleteFile: deleting file=11735_task.xml
D/TaskPersister(  746): removeObsoleteFile: deleting file=11735_task_thumbnail.png
D/TaskPersister(  746): removeObsoleteFile: deleting file=11735_activity_icon_1423754596258.png
W/ViewRootImpl( 1356): Dropping event due to no window focus: KeyEvent { action=ACTION_DOWN, keyCode=KEYCODE_BACK, scanCode=0, metaState=0, flags=0x48, repeatCount=0, eventTime=44463844, downTime=44463844, deviceId=-1, source=0x101 }
I/ActivityManager(  746): START u0 {act=android.intent.action.MAIN cat=[android.intent.category.LAUNCHER] flg=0x10200000 cmp=com.android.chrome/com.google.android.apps.chrome.Main bnds=[648,1532][849,1784] (has extras)} from uid 10019 on display 0
I/ActivityManager(  746): Process com.skmc.okcashbag.home_google (pid 12639) has died
I/ActivityManager(  746): Process com.skt.skaf.OA00026910 (pid 12616) has died
I/ActivityManager(  746): Process com.google.android.partnersetup (pid 12796) has died
I/ActivityManager(  746): Start proc com.wsl.noom for broadcast com.wsl.noom/com.wsl.activitymonitor.PeriodicAlarmReceiver: pid=13089 uid=10152 gids={50152, 9997, 3003, 3001, 3002, 1028, 1015} abi=armeabi-v7a
W/ResourcesManager(13089): Asset path '/system/framework/com.google.android.maps.jar' does not exist or contains no resources.
I/ActivityManager(  746): Start proc com.skt.skaf.OA00026910 for broadcast com.skt.skaf.OA00026910/com.skplanet.sdk.geofence.common.EventReceiver: pid=13133 uid=10087 gids={50087, 9997, 3003, 1028, 1015, 3002, 3001} abi=armeabi
W/ResourcesManager(13133): Asset path '/system/framework/com.google.android.maps.jar' does not exist or contains no resources.
I/ActivityManager(  746): Start proc com.skmc.okcashbag.home_google for broadcast com.skmc.okcashbag.home_google/com.skplanet.sdk.geofence.common.EventReceiver: pid=13177 uid=10344 gids={50344, 9997, 3003, 1028, 1015, 3002, 3001} abi=armeabi-v7a
I/ActivityManager(  746): Process com.drippler.android.updates (pid 10947) has died
I/ActivityManager(  746): Start proc com.beatpacking.beat for broadcast com.beatpacking.beat/.alarms.Alarm$AlarmReceiver: pid=13250 uid=10275 gids={50275, 9997, 3003, 1028, 1015} abi=armeabi-v7a
I/ActivityManager(  746): Start proc com.android.providers.calendar for content provider com.android.providers.calendar/.CalendarProvider2: pid=13341 uid=10001 gids={50001, 9997, 3003, 1028, 1015} abi=armeabi-v7a
W/ResourcesManager(13341): Asset path '/system/framework/android.test.runner.jar' does not exist or contains no resources.
I/ActivityManager(  746): Start proc com.google.android.calendar for broadcast com.google.android.calendar/com.android.calendar.alerts.AlertReceiver: pid=13378 uid=10028 gids={50028, 9997, 3003, 1028, 1015} abi=armeabi-v7a
I/ActivityManager(  746): Start proc com.syncedsynapse.eventflowwidget for broadcast com.syncedsynapse.eventflowwidget/.calendar.CalendarWidgetProvider: pid=13424 uid=10154 gids={50154, 9997, 3003} abi=armeabi-v7a
I/ActivityManager(  746): Start proc com.android.chrome:sandboxed_process4 for service com.android.chrome/org.chromium.content.app.SandboxedProcessService4: pid=13467 uid=99030 gids={} abi=armeabi-v7a
