I/Unity   (21258): (Filename: ./artifacts/AndroidManagedGenerated/UnityEngineDebug.cpp Line: 49)
I/Unity   (21258): 
E/WifiStateMachine(  746): WifiStateMachine CMD_START_SCAN source -2 txSuccessRate=34.88 rxSuccessRate=28.86 targetRoamBSSID=any RSSI=-33
E/WifiStateMachine(  746): WifiStateMachine starting scan for "HL.HOME"WPA_PSK with 2437
I/wpa_supplicant(  923): wlan0: CTRL-EVENT-SCAN-STARTED 
I/com.umeng.common.net.s(21258): 831:	response: 
I/com.umeng.common.net.s(21258): {"config_update":"No"}
I/MobclickAgent(21258): response : false
I/Prime31 (21258): onSystemUiVisibilityChange. new visibility: 7
I/Prime31 (21258): enabling immersive mode
I/Unity   (21258): Unlock Character:048 bonus:0
I/Unity   (21258):  
I/Unity   (21258): (Filename: ./artifacts/AndroidManagedGenerated/UnityEngineDebug.cpp Line: 49)
I/Unity   (21258): 
D/Yodo1SdkManager(21258): getVersion1.0.3
D/Yodo1SdkManager(21258): checkFyberCanPlayAd
W/art     (21258): Attempt to remove local handle scope entry from IRT, ignoring
W/AwContents(21258): onDetachedFromWindow called when already detached. Ignoring
W/art     (21258): Attempt to remove local handle scope entry from IRT, ignoring
W/art     (21258): Attempt to remove local handle scope entry from IRT, ignoring
D/[SP] SPBrandEngageClient(21258): Loading URL: https://iframe.sponsorpay.com/mbe?ad_format=video&screen_density_y=443&screen_density_category=undefined&rewarded=1&screen_density_x=442&google_ad_id=61bf4bd1-1951-4988-b9f9-e0439c36a9f7&carrier_country=kr&appid=26553&google_ad_id_limited_tracking_enabled=false&phone_version=LGE_Nexus%205&carrier_name=olleh&sdk_features=MPI&placement_id=&screen_height=1776&platform=android&network_connection_type=wifi&app_version=1.0.3&app_bundle_name=com.yodo1.crossyroad&client=sdk&sdk_version=7.0.3&uid=ea46db94ce85d052da735419b362cd123b775c7a&screen_width=1080&manufacturer=LGE&language=ko_KR&os_version=Android%20OS%205.0.1
D/[SP] SPBrandEngageClient(21258): SPBrandEngageClient mStatus -> QUERYING_SERVER_FOR_OFFERS
I/[SP] SPWebClient(21258): shouldOverrideUrlLoading called with url: http://be.sponsorpay.com/mobile?ad_format=video&screen_density_y=443&screen_density_category=undefined&rewarded=1&screen_density_x=442&google_ad_id=61bf4bd1-1951-4988-b9f9-e0439c36a9f7&carrier_country=kr&appid=26553&google_ad_id_limited_tracking_enabled=false&phone_version=LGE_Nexus%205&carrier_name=olleh&sdk_features=MPI&placement_id=&screen_height=1776&platform=android&network_connection_type=wifi&app_version=1.0.3&app_bundle_name=com.yodo1.crossyroad&client=sdk&sdk_version=7.0.3&uid=ea46db94ce85d052da735419b362cd123b775c7a&screen_width=1080&manufacturer=LGE&language=ko_KR&os_version=Android%20OS%205.0.1&sdk=on&user_data=null
I/[SP] SPWebClient(21258): Not overriding
I/[SP] SPWebClient(21258): shouldOverrideUrlLoading called with url: http://video.fyber.com/?ad_format=video&screen_density_y=443&screen_density_category=undefined&rewarded=1&screen_density_x=442&google_ad_id=61bf4bd1-1951-4988-b9f9-e0439c36a9f7&carrier_country=kr&appid=26553&google_ad_id_limited_tracking_enabled=false&phone_version=LGE_Nexus%205&carrier_name=olleh&sdk_features=MPI&placement_id=&screen_height=1776&platform=android&network_connection_type=wifi&app_version=1.0.3&app_bundle_name=com.yodo1.crossyroad&client=sdk&sdk_version=7.0.3&uid=ea46db94ce85d052da735419b362cd123b775c7a&screen_width=1080&manufacturer=LGE&language=ko_KR&os_version=Android%20OS%205.0.1&sdk=on&user_data=null&client=sdk
I/[SP] SPWebClient(21258): Not overriding
I/[SP] SPWebClient(21258): shouldOverrideUrlLoading called with url: sponsorpay://validate?tpn=adcolony&id=241687
D/[SP] SPBrandEngageClient(21258): MBE client asks to validate a third party network: adcolony
I/AdColony(21258): Ad is not ready, as there are currently no ads to play in zone vz02bdc193bf1a4cb1ac.
D/[SP] SPBrandEngageClient(21258): Notifying - javascript:Sponsorpay.MBE.SDKInterface.notify('validate', {tpn:'AdColony', id:241687, result:'no_video'})
I/[SP] SPWebClient(21258): shouldOverrideUrlLoading called with url: sponsorpay://validate?tpn=applifier&id=165148
D/[SP] SPBrandEngageClient(21258): MBE client asks to validate a third party network: applifier
D/[SP] SPBrandEngageClient(21258): Notifying - javascript:Sponsorpay.MBE.SDKInterface.notify('validate', {tpn:'Applifier', id:165148, result:'success'})
I/[SP] SPWebClient(21258): shouldOverrideUrlLoading called with url: sponsorpay://requestOffers?n=3
D/[SP] SPBrandEngageClient(21258): SPBrandEngageClient mStatus -> READY_TO_SHOW_OFFERS
D/Yodo1SdkManager(21258): SPBrandEngage - intent available
I/Unity   (21258): checkFyberCanPlayAdCallBack:
I/Unity   (21258):  
I/Unity   (21258): (Filename: ./artifacts/AndroidManagedGenerated/UnityEngineDebug.cpp Line: 49)
I/Unity   (21258): 
I/Unity   (21258): grass
I/Unity   (21258):  
I/Unity   (21258): (Filename: ./artifacts/AndroidManagedGenerated/UnityEngineDebug.cpp Line: 49)
I/Unity   (21258): 
I/Unity   (21258): grass
I/Unity   (21258):  
I/Unity   (21258): (Filename: ./artifacts/AndroidManagedGenerated/UnityEngineDebug.cpp Line: 49)
I/Unity   (21258): 
I/Unity   (21258): grass
I/Unity   (21258):  
I/Unity   (21258): (Filename: ./artifacts/AndroidManagedGenerated/UnityEngineDebug.cpp Line: 49)
I/Unity   (21258): 
I/Unity   (21258): water-lilypad-rand
I/Unity   (21258):  
I/Unity   (21258): (Filename: ./artifacts/AndroidManagedGenerated/UnityEngineDebug.cpp Line: 49)
I/Unity   (21258): 
I/Unity   (21258): log-left-poop-slow
I/Unity   (21258):  
I/Unity   (21258): (Filename: ./artifacts/AndroidManagedGenerated/UnityEngineDebug.cpp Line: 49)
I/Unity   (21258): 
I/GCoreUlr( 1843): BLE: ALARM_WAKEUP_LOCATOR: scannerActive=false, enoughTimeElapsed=false; scan not started.
E/WifiStateMachine(  746): WifiStateMachine CMD_START_SCAN source -2 txSuccessRate=9.38 rxSuccessRate=5.33 targetRoamBSSID=any RSSI=-32
E/WifiStateMachine(  746): WifiStateMachine starting scan for "HL.HOME"WPA_PSK with 2437
I/wpa_supplicant(  923): wlan0: CTRL-EVENT-SCAN-STARTED 
D/WifiService(  746): acquireWifiLockLocked: WifiLock{NlpWifiLock type=2 binder=android.os.BinderProxy@6c360a2}
E/WifiStateMachine(  746): WifiStateMachine CMD_START_SCAN source 10007 txSuccessRate=9.38 rxSuccessRate=5.33 targetRoamBSSID=any RSSI=-32
I/Unity   (21258): log-left-poop-fast
I/Unity   (21258):  
I/Unity   (21258): (Filename: ./artifacts/AndroidManagedGenerated/UnityEngineDebug.cpp Line: 49)
I/Unity   (21258): 
E/WifiStateMachine(  746): WifiStateMachine CMD_START_SCAN source 10007 txSuccessRate=9.38 rxSuccessRate=5.33 targetRoamBSSID=any RSSI=-32
I/wpa_supplicant(  923): wlan0: CTRL-EVENT-SCAN-STARTED 
I/Unity   (21258): log-right-poop
I/Unity   (21258):  
I/Unity   (21258): (Filename: ./artifacts/AndroidManagedGenerated/UnityEngineDebug.cpp Line: 49)
I/Unity   (21258): 
I/Unity   (21258): grass
I/Unity   (21258):  
I/Unity   (21258): (Filename: ./artifacts/AndroidManagedGenerated/UnityEngineDebug.cpp Line: 49)
I/Unity   (21258): 
I/Unity   (21258): grass
I/Unity   (21258):  
I/Unity   (21258): (Filename: ./artifacts/AndroidManagedGenerated/UnityEngineDebug.cpp Line: 49)
I/Unity   (21258): 
I/aa      ( 1843): Not returning location for the following outliers: [125410407932]
D/LocationFilter( 1843): Forcing stable location. Original location:Location[fused 37.587197,126.922828 acc=25 et=+1d4h20m54s842ms] because connected WiFi network is the same, bssid=00:08:9f:4e:7c:ef
D/WifiService(  746): releaseWifiLockLocked: WifiLock{NlpWifiLock type=2 binder=android.os.BinderProxy@6c360a2}
I/GCoreUlr( 1843): Successfully inserted location
I/GCoreUlr( 1843): Not calling LocationReporter, hasMoved: false, elapsed millis: 2008477, request: Stationary(3600000)
I/ActivityManager(  746): Start proc com.google.android.googlequicksearchbox:search for broadcast com.google.android.googlequicksearchbox/com.google.android.velvet.location.ActivityDetectionReceiver: pid=22163 uid=10019 gids={50019, 9997, 3003, 3001, 1028, 3002, 1015, 1005} abi=armeabi-v7a
I/ActivityManager(  746): Start proc com.google.android.partnersetup for content provider com.google.android.partnersetup/.RlzAppProvider: pid=22187 uid=10011 gids={50011, 9997, 3003} abi=armeabi-v7a
I/art     (  196): Explicit concurrent mark sweep GC freed 704(30KB) AllocSpace objects, 0(0B) LOS objects, 39% free, 15MB/25MB, paused 200us total 8.616ms
I/art     (  196): Explicit concurrent mark sweep GC freed 7(240B) AllocSpace objects, 0(0B) LOS objects, 40% free, 15MB/25MB, paused 270us total 11.118ms
I/art     (  196): Explicit concurrent mark sweep GC freed 5(160B) AllocSpace objects, 0(0B) LOS objects, 40% free, 15MB/25MB, paused 187us total 7.748ms
I/art     ( 1541): Explicit concurrent mark sweep GC freed 30881(1715KB) AllocSpace objects, 0(0B) LOS objects, 39% free, 19MB/32MB, paused 995us total 39.939ms
W/InputMethodInfo(  746): Duplicated subtype definition found: , voice
W/InputMethodManagerService(  746): Skipping input method ComponentInfo{appplus.mobi.lockdownpro/appplus.mobi.applock.service.AppLockPlusService}: it does not require the permission android.permission.BIND_INPUT_METHOD
D/WifiService(  746): New client listening to asynchronous messages
D/WifiService(  746): acquireWifiLockLocked: WifiLock{NlpWifiLock type=2 binder=android.os.BinderProxy@6c360a2}
E/WifiStateMachine(  746): WifiStateMachine CMD_START_SCAN source 10007 txSuccessRate=4.69 rxSuccessRate=2.67 targetRoamBSSID=any RSSI=-33
I/wpa_supplicant(  923): wlan0: CTRL-EVENT-SCAN-STARTED 
W/GAV2    (22163): Thread[main,5,main]: Need to call initialize() and be in fallback mode to start dispatch.
W/HandlerScheduledExecuto(22163): Task does not implement UiTask. Consider using NamedUiRunnable for gce@2eb54959
I/Unity   (21258): grass
I/Unity   (21258):  
I/Unity   (21258): (Filename: ./artifacts/AndroidManagedGenerated/UnityEngineDebug.cpp Line: 49)
I/Unity   (21258): 
I/aa      ( 1843): Not returning location for the following outliers: [125410407932]
D/WifiService(  746): releaseWifiLockLocked: WifiLock{NlpWifiLock type=2 binder=android.os.BinderProxy@6c360a2}
W/HandlerScheduledExecuto(22163): Task does not implement UiTask. Consider using NamedUiRunnable for gce@2eb54959
D/TimeService(24800): Updating widget using TimeTick
D/ThemeWidgetDao(24800): getWidgetTheme::widgetId = 1 and themeId in (select _id from Theme where type = 3 )
D/FlatClockWidget(24800): Displaying hours: 12:42
D/ThemeWidgetDao(24800): getWidgetTheme::widgetId = 1 and themeId in (select _id from Theme where type = 1 )
I/Unity   (21258): grass
I/Unity   (21258):  
I/Unity   (21258): (Filename: ./artifacts/AndroidManagedGenerated/UnityEngineDebug.cpp Line: 49)
I/Unity   (21258): 
I/GAV2    (22163): Thread[GAThread,5,main]: No campaign data found.
I/Unity   (21258): grass
I/Unity   (21258):  
I/Unity   (21258): (Filename: ./artifacts/AndroidManagedGenerated/UnityEngineDebug.cpp Line: 49)
I/Unity   (21258): 
I/Unity   (21258): grass
I/Unity   (21258):  
I/Unity   (21258): (Filename: ./artifacts/AndroidManagedGenerated/UnityEngineDebug.cpp Line: 49)
I/Unity   (21258): 
I/Unity   (21258): road
I/Unity   (21258):  
I/Unity   (21258): (Filename: ./artifacts/AndroidManagedGenerated/UnityEngineDebug.cpp Line: 49)
I/Unity   (21258): 
I/Unity   (21258): train
I/Unity   (21258):  
I/Unity   (21258): (Filename: ./artifacts/AndroidManagedGenerated/UnityEngineDebug.cpp Line: 49)
I/Unity   (21258): 
D/HeadsetStateMachine( 3300): Disconnected process message: 10, size: 0
I/Unity   (21258): grass
I/Unity   (21258):  
I/Unity   (21258): (Filename: ./artifacts/AndroidManagedGenerated/UnityEngineDebug.cpp Line: 49)
I/Unity   (21258): 
I/Unity   (21258): EndOfGameShowAd:False
I/Unity   (21258):  
I/Unity   (21258): (Filename: ./artifacts/AndroidManagedGenerated/UnityEngineDebug.cpp Line: 49)
I/Unity   (21258): 
D/Yodo1SdkManager(21258): GooglePlus_IsConnected:true
I/ActivityManager(  746): Start proc com.google.android.gms.unstable for service com.google.android.gms/.droidguard.DroidGuardService: pid=22251 uid=10007 gids={50007, 9997, 2001, 3003, 1007, 3006, 3002, 3001, 1028, 1015, 1005, 3007} abi=armeabi-v7a
W/ResourcesManager(22251): Asset path '/system/framework/com.android.media.remotedisplay.jar' does not exist or contains no resources.
W/ResourcesManager(22251): Asset path '/system/framework/com.android.location.provider.jar' does not exist or contains no resources.
I/MultiDex(22251): VM with version 2.1.0 has multidex support
I/MultiDex(22251): install
I/MultiDex(22251): VM has multidex support, MultiDex support library is disabled.
I/ProviderInstaller(22251): Insert disabled by gate 'gms:security:enable_conscrypt_in_gms_application'
D/GCM     ( 1541): GcmService start Intent { act=com.google.android.gms.INITIALIZE flg=0x10 pkg=com.google.android.gms cmp=com.google.android.gms/.gcm.GcmService } com.google.android.gms.INITIALIZE
D/AuthorizationBluetoothService( 1541): Received GmsCore event: Intent { act=com.google.android.gms.INITIALIZE flg=0x10 pkg=com.google.android.gms cmp=com.google.android.gms/.auth.be.proximity.authorization.bt.AuthorizationBluetoothService$AutoStarter }.
D/c       ( 1541): Getting all permits...
D/a       ( 1541): Opening database...
D/a       ( 1541): Opening database auth.proximity.permit_store...
D/a       ( 1541): Closing database...
I/Fitness (17808): GmsCore initialized.  Initializing Fitness
D/LocationInitializer(17808): Restart initialization of location
D/WVCdm   (  185): Instantiating CDM.
I/WVCdm   (  185): CdmEngine::OpenSession
I/WVCdm   (  185): Level3 Library Sep 25 2014 17:10:03
W/WVCdm   (  185): Could not read /data/mediadrm/IDM1013/ay64.dat2: No such file or directory
D/DrmWidevineDash(  185): OEMCrypto_Initialize: starts! g_qsee_apps_version = 0x11
D/DrmWidevineDash(  185): Service_Initialize: starts!
D/QSEECOMAPI: (  185): QSEECom_get_handle sb_length = 0x19000
D/QSEECOMAPI: (  185): App is not loaded in QSEE
D/QSEECOMAPI: (  185): Loaded image: APP id = 3
D/DrmWidevineDash(  185): Service_Initialize: ends! returns 0
D/DrmWidevineDash(  185): OEMCrypto_Initialize sion_buffer g_wv_fhandle->ion_sbuffer  0x0xb450e000
E/DrmWidevineDash(  185): sion_buffer g_wv_fhandle->ion_sbuffer  0x0xb450e000
D/DrmWidevineDash(  185): OEMCrypto_Initialize: ends! returns 0
D/DrmWidevineDash(  185): OEMCrypto_APIVersion: starts!
D/DrmWidevineDash(  185): hlos api version =  9
D/DrmWidevineDash(  185): tz api version =  9
D/DrmWidevineDash(  185): OEMCrypto_APIVersion: ends! returns version 9
D/DrmWidevineDash(  185): OEMCrypto_IsKeyboxValid: starts!
D/DrmWidevineDash(  185): OEMCrypto_IsKeyboxValid: ends! returns 0
D/WVCdm   (  185): OEMCrypto_Initialize Level 1 success. I will use level 1.
D/DrmWidevineDash(  185): OEMCrypto_OpenSession: starts! SID=0xad2ce940
D/DrmWidevineDash(  185): OEMCrypto_OpenSession SID = 1
D/DrmWidevineDash(  185): OEMCrypto_OpenSession: ends! returns 0
D/DrmWidevineDash(  185): OEMCrypto_GetRandom: starts! randomData=0xb1dd83b8, dataLength=8
D/DrmWidevineDash(  185): OEMCrypto_GetRandom: ends! returns 0
D/DrmWidevineDash(  185): OEMCrypto_LoadDeviceRSAKey: starts!SID=1, wrapped_rsa_key=0xb3e7e800, wrapped_rsa_key_length=1280
D/DrmWidevineDash(  185): OEMCrypto_LoadDeviceRSAKey: ends! returns 0
I/WVCdm   (  185): CdmEngine::QueryKeyControlInfo
I/WVCdm   (  185): CdmEngine::CloseSession
D/DrmWidevineDash(  185): OEMCrypto_CloseSession: starts! SID=1
D/DrmWidevineDash(  185): OEMCrypto_CloseSession: ends! returns 0
I/WVCdm   (  185): L3 Terminate.
D/DrmWidevineDash(  185): OEMCrypto_Terminate: starts!
D/DrmWidevineDash(  185): Service_Uninitialize: starts!
D/QSEECOMAPI: (  185): QSEECom_dealloc_memory 
D/QSEECOMAPI: (  185): QSEECom_shutdown_app, app_id = 3
D/DrmWidevineDash(  185): Service_Uninitialize: ends! returns 0x0
D/DrmWidevineDash(  185): OEMCrypto_Terminate: ends! returns 0
I/GoogleHttpClient(22251): Falling back to old SSLCertificateSocketFactory
I/ActivityManager(  746): Process com.sweettracker.smartparcel (pid 21993) has died
I/dex2oat (22283): /system/bin/dex2oat --runtime-arg -classpath --runtime-arg  --instruction-set=arm --instruction-set-features=div --runtime-arg -Xrelocate --boot-image=/system/framework/boot.art --dex-file=/data/data/com.google.android.gms/app_fb/f.apk --oat-fd=32 --oat-location=/data/data/com.google.android.gms/app_fb/f.dex --runtime-arg -Xms64m --runtime-arg -Xmx512m
I/dex2oat (22283): dex2oat took 47.256ms (threads: 4)
I/Adreno-EGL(22251): <qeglDrvAPI_eglInitialize:410>: QUALCOMM Build: 10/24/14, 167c270, I68fa98814b
I/Adreno-EGL(22251): <qeglDrvAPI_eglInitialize:410>: QUALCOMM Build: 10/24/14, 167c270, I68fa98814b
I/ActivityManager(  746): Start proc com.google.android.apps.plus for service com.google.android.apps.plus/com.google.android.apps.moviemaker.service.PluggedInAnalyzerService: pid=22290 uid=10063 gids={50063, 9997, 3003, 3002, 1028, 1015} abi=armeabi-v7a
E/WifiStateMachine(  746): WifiStateMachine CMD_START_SCAN source -2 txSuccessRate=3.62 rxSuccessRate=3.30 targetRoamBSSID=any RSSI=-33
I/wpa_supplicant(  923): wlan0: CTRL-EVENT-SCAN-STARTED 
W/ResourcesManager(22290): Asset path '/system/framework/com.google.android.maps.jar' does not exist or contains no resources.
I/ActivityManager(  746): Process android.process.acore (pid 21464) has died
I/ActivityManager(  746): Start proc android.process.media for content provider com.android.providers.media/.MediaProvider: pid=22309 uid=10005 gids={50005, 9997, 2001, 3003, 1028, 1015, 3007, 1023, 1024} abi=armeabi-v7a
E/SQLiteLog(22309): (283) recovered 100 frames from WAL file /data/user/0/com.android.providers.media/databases/external.db-wal
I/ActivityManager(  746): Start proc android.process.acore for content provider com.android.providers.contacts/.ContactsProvider2: pid=22328 uid=10003 gids={50003, 9997} abi=armeabi-v7a
I/Adreno-EGL(22290): <qeglDrvAPI_eglInitialize:410>: QUALCOMM Build: 10/24/14, 167c270, I68fa98814b
I/art     (  746): Explicit concurrent mark sweep GC freed 70292(3MB) AllocSpace objects, 4(61KB) LOS objects, 23% free, 51MB/67MB, paused 1.112ms total 138.182ms
I/ContactLocale(22328): AddressBook Labels [ko-KR]: [, , , , , , , , , , , , , , , , A, B, C, D, E, F, G, H, I, J, K, L, M, N, O, P, Q, R, S, T, U, V, W, X, Y, Z, , , , , , , , , , , , , , , , , , , , , , , , , , , , , , , , , , , , , , , , , , , , , , , , , , , , , , , , , , , , , , , , , , , , , , , , , , , , , , , , , , , , , , , , , , , , , , , , , , , , , , , , , , , , , , , , , , , , , , , , , , , , , , , , , , , , , , , , , , , , , , , , , , , , , , , , , , , , , , , , , , , , , , , , , , , , , #, ]
I/ActivityManager(  746): Process com.google.android.partnersetup (pid 22187) has died
D/WifiService(  746): Client connection lost with reason: 4
I/ActivityManager(  746): Process com.google.android.googlequicksearchbox:search (pid 22163) has died
I/Prime31 (21258): onSystemUiVisibilityChange. new visibility: 6
I/Prime31 (21258): enabling immersive mode
I/ActivityManager(  746): START u0 {act=android.intent.action.MAIN cat=[android.intent.category.HOME] flg=0x10200000 cmp=com.google.android.googlequicksearchbox/com.google.android.launcher.GEL} from uid 1000 on display 0
D/Yodo1GlobalSDK(21258): onPause
D/YgBasicAdapterMat(21258): onPause
D/YgBasicAdapterUpsight(21258): onPause
D/YgBasicAdapterFyber(21258): onPause
D/YgBasicAdapterUmengGame(21258): onPause
D/com.umeng.common.b(21258): Could not get location from GPS or Cell-id, lack ACCESS_COARSE_LOCATION or ACCESS_COARSE_LOCATION permission?
I/GEL     ( 1356): handleIntent(Intent { act=android.intent.action.MAIN cat=[android.intent.category.HOME] flg=0x10600000 cmp=com.google.android.googlequicksearchbox/com.google.android.launcher.GEL })
I/ActivityManager(  746): Start proc com.google.android.googlequicksearchbox:search for service com.google.android.googlequicksearchbox/com.google.android.sidekick.main.remoteservice.GoogleNowRemoteService: pid=22395 uid=10019 gids={50019, 9997, 3003, 3001, 1028, 3002, 1015, 1005} abi=armeabi-v7a
I/Prime31 (21258): onSystemUiVisibilityChange. new visibility: 0
I/Prime31 (21258): enabling immersive mode
I/Adreno-EGL( 1356): <qeglDrvAPI_eglInitialize:410>: QUALCOMM Build: 10/24/14, 167c270, I68fa98814b
I/OpenGLRenderer( 1356): Initialized EGL, version 1.4
V/RenderScript( 1356): Application requested CPU execution
V/RenderScript( 1356): 0x9e119200 Launching thread(s), CPUs 4
I/ActivityManager(  746): Start proc com.google.android.partnersetup for content provider com.google.android.partnersetup/.RlzAppProvider: pid=22423 uid=10011 gids={50011, 9997, 3003} abi=armeabi-v7a
D/WifiService(  746): New client listening to asynchronous messages
W/GAV2    (22395): Thread[main,5,main]: Need to call initialize() and be in fallback mode to start dispatch.
W/InputMethodInfo(  746): Duplicated subtype definition found: , voice
W/InputMethodManagerService(  746): Skipping input method ComponentInfo{appplus.mobi.lockdownpro/appplus.mobi.applock.service.AppLockPlusService}: it does not require the permission android.permission.BIND_INPUT_METHOD
I/ActivityManager(  746): Process com.wsl.noom (pid 21844) has died
W/HandlerScheduledExecuto(22395): Task does not implement UiTask. Consider using NamedUiRunnable for gce@af521d2
I/art     ( 1843): Explicit concurrent mark sweep GC freed 81228(4MB) AllocSpace objects, 0(0B) LOS objects, 39% free, 23MB/39MB, paused 915us total 111.979ms
D/WifiService(  746): acquireWifiLockLocked: WifiLock{NlpWifiLock type=2 binder=android.os.BinderProxy@f63df74}
I/art     (  746): Explicit concurrent mark sweep GC freed 20549(1023KB) AllocSpace objects, 3(1325KB) LOS objects, 23% free, 52MB/68MB, paused 2.890ms total 137.393ms
I/aa      ( 1843): Not returning location for the following outliers: [125410407932]
D/LocationFilter( 1843): Forcing stable location. Original location:Location[fused 37.587189,126.922835 acc=30 et=+1d4h21m14s461ms] because connected WiFi network is the same, bssid=00:08:9f:4e:7c:ef
W/HandlerScheduledExecuto(22395): Task does not implement UiTask. Consider using NamedUiRunnable for gce@af521d2
D/WifiService(  746): releaseWifiLockLocked: WifiLock{NlpWifiLock type=2 binder=android.os.BinderProxy@f63df74}
W/OpenGLRenderer( 1356): Incorrectly called buildLayer on View: aep, destroying layer...
I/art     (22309): Explicit concurrent mark sweep GC freed 7711(399KB) AllocSpace objects, 2(32KB) LOS objects, 24% free, 15MB/20MB, paused 213us total 16.270ms
I/art     (  746): Explicit concurrent mark sweep GC freed 6997(337KB) AllocSpace objects, 0(0B) LOS objects, 23% free, 52MB/68MB, paused 1.607ms total 95.325ms
I/art     (22309): Explicit concurrent mark sweep GC freed 8606(371KB) AllocSpace objects, 0(0B) LOS objects, 24% free, 15MB/20MB, paused 214us total 11.092ms
I/ActivityManager(  746): Process android.process.media (pid 22309) has died
I/ActivityManager(  746): Start proc android.process.media for content provider com.android.providers.media/.MediaProvider: pid=22470 uid=10005 gids={50005, 9997, 2001, 3003, 1028, 1015, 3007, 1023, 1024} abi=armeabi-v7a
E/SQLiteLog(22470): (283) recovered 100 frames from WAL file /data/user/0/com.android.providers.media/databases/external.db-wal
I/art     (  746): Explicit concurrent mark sweep GC freed 6153(261KB) AllocSpace objects, 0(0B) LOS objects, 23% free, 52MB/68MB, paused 1.374ms total 120.187ms
I/ActivityManager(  746): START u0 {act=android.intent.action.MAIN cat=[android.intent.category.HOME] flg=0x10200000 cmp=com.google.android.googlequicksearchbox/com.google.android.launcher.GEL} from uid 1000 on display 0
I/GEL     ( 1356): handleIntent(Intent { act=android.intent.action.MAIN cat=[android.intent.category.HOME] flg=0x10200000 cmp=com.google.android.googlequicksearchbox/com.google.android.launcher.GEL })
D/audio_hw_primary(  185): disable_audio_route: reset and update mixer path: low-latency-playback
D/audio_hw_primary(  185): disable_snd_device: snd_device(2: speaker)
E/lowmemorykiller(  173): Error writing /proc/22423/oom_score_adj; errno=22
I/ActivityManager(  746): Process com.google.android.partnersetup (pid 22423) has died
I/art     (22470): Explicit concurrent mark sweep GC freed 7470(388KB) AllocSpace objects, 2(32KB) LOS objects, 25% free, 15MB/20MB, paused 212us total 19.945ms
I/GAV2    (22290): Thread[GAThread,5,main]: No campaign data found.
I/art     (  746): Explicit concurrent mark sweep GC freed 9430(441KB) AllocSpace objects, 1(16KB) LOS objects, 23% free, 52MB/68MB, paused 1.002ms total 116.585ms
I/art     (  746): WaitForGcToComplete blocked for 76.604ms for cause HeapTrim
I/art     (22470): Explicit concurrent mark sweep GC freed 8864(386KB) AllocSpace objects, 0(0B) LOS objects, 24% free, 15MB/20MB, paused 199us total 10.747ms
I/art     (  746): Explicit concurrent mark sweep GC freed 5599(234KB) AllocSpace objects, 0(0B) LOS objects, 23% free, 52MB/68MB, paused 1.033ms total 92.068ms
I/GAV2    (22395): Thread[GAThread,5,main]: No campaign data found.
I/System.out(21258): Exiting monitor
I/ActivityManager(  746): Process com.google.android.apps.plus (pid 22290) has died
I/ActivityManager(  746): START u0 {act=android.intent.action.MAIN cat=[android.intent.category.LAUNCHER] flg=0x10200000 cmp=com.skmc.okcashbag.home_google/.activities.Entrypoint (has extras)} from uid 10019 on display 0
I/ActivityManager(  746): Start proc com.skmc.okcashbag.home_google for activity com.skmc.okcashbag.home_google/.activities.Entrypoint: pid=22527 uid=10344 gids={50344, 9997, 3003, 1028, 1015, 3002, 3001} abi=armeabi-v7a
I/System.out(22527): DummyAppender
I/System.out(22527): dalvik.system.PathClassLoader[DexPathList[[zip file "/data/app/com.skmc.okcashbag.home_google-2/base.apk"],nativeLibraryDirectories=[/vendor/lib, /system/lib]]] couldn't find "libjnicrash.so"
D/CrashLogger(22527): CrashLogger is enabled for com.skmc.okcashbag.home_google, intializing...
E/HostPolicy(22527): now is prod mode
V/c       (22527): benefit yn = false
D/i       (22527): ble conf: false
D/DVCManagerService( 2000): onStartCommand()
D/DVCManagerService( 2000): intent type is : 100
D/BluetoothManagerService(  746): Message: 20
D/BluetoothManagerService(  746): Added callback: android.bluetooth.IBluetoothManagerCallback$Stub$Proxy@12d7b479:true
E/BLEManager(22527): ensureAddListener NullPointerException
V/c       (22527): GF Policy User Push Setting : false
E/GooglePlayServicesUtil(22527): The Google Play services resources were not found. Check your project configuration to ensure that the resources are included.
D/OpenGLRenderer(22527): Render dirty regions requested: true
D/Atlas   (22527): Validating map...
I/Adreno-EGL(22527): <qeglDrvAPI_eglInitialize:410>: QUALCOMM Build: 10/24/14, 167c270, I68fa98814b
I/OpenGLRenderer(22527): Initialized EGL, version 1.4
D/OpenGLRenderer(22527): Enabling debug mode 0
I/ActivityManager(  746): Displayed com.skmc.okcashbag.home_google/.activities.Entrypoint: +988ms
V/c       (22527): GF Policy User Push Setting : false
D/SdkConnector(22527): SDK version:1.3.4
D/SdkConnector(22527): SDK version:1.3.4
V/SdkConnector(22527): [bindService] mGeofenceService null
V/SdkConnector(22527): [bindService] mIsConnected false
D/DVCManagerService( 2000): onStartCommand()
D/DVCManagerService( 2000): intent type is : 100
V/c       ( 2075): benefit yn = false
D/i       ( 2075): ble conf: false
V/c       ( 2075): GF Policy User Push Setting : false
V/c       (22527): benefit yn = false
D/i       (22527): ble conf: false
V/c       (22527): GF Policy User Push Setting : false
D/SdkConnector(22527): SDK version:1.3.4
D/SdkConnector(22527): SDK version:1.3.4
I/ActivityManager(  746): Start proc com.skt.skaf.OA00026910 for broadcast com.skt.skaf.OA00026910/.geofence.GeofenceReceiver: pid=22577 uid=10087 gids={50087, 9997, 3003, 1028, 1015, 3002, 3001} abi=armeabi
W/ResourcesManager(22577): Asset path '/system/framework/com.google.android.maps.jar' does not exist or contains no resources.
W/linker  (22577): libjnicrash.so has text relocations. This is wasting memory and prevents security hardening. Please fix.
D/CrashLogger(22577): CrashLogger is enabled for com.skt.skaf.OA00026910, intializing...
D/SdkConnector(22577): SDK version:1.3.0
D/SdkConnector(22577): SDK version:1.3.0
V/SdkConnector(22577): [bindService] mGeofenceService null
V/SdkConnector(22577): [bindService] mIsConnected false
D/DVCManagerService( 2000): onStartCommand()
D/DVCManagerService( 2000): intent type is : 100
V/c       ( 2075): GF Policy User Push Setting : false
V/c       (22527): GF Policy User Push Setting : false
I/ActivityManager(  746): START u0 {flg=0x34000000 cmp=com.skmc.okcashbag.home_google/com.skplanet.ocb.MainActivity (has extras)} from uid 10344 on display 0
W/ImageLoader(22577): diskCache() and diskCacheFileNameGenerator() calls overlap each other
W/ImageLoader(22577): diskCache(), diskCacheSize() and diskCacheFileCount calls overlap each other
D/SdkConnector(22577): SDK version:1.3.0
D/SdkConnector(22577): SDK version:1.3.0
D/WifiService(  746): Client connection lost with reason: 4
I/ActivityManager(  746): Process com.google.android.gms.unstable (pid 22251) has died
I/art     (  746): Explicit concurrent mark sweep GC freed 33402(1554KB) AllocSpace objects, 1(1296KB) LOS objects, 23% free, 51MB/67MB, paused 1.264ms total 91.574ms
I/ActivityManager(  746): Process android.process.media (pid 22470) has died
I/ActivityManager(  746): Process com.google.android.googlequicksearchbox:search (pid 22395) has died
I/WindowState(  746): WIN DEATH: Window{8553b7 u0 com.google.android.keep/com.google.android.keep.activities.BrowseActivity}
I/ActivityManager(  746): Process android.process.acore (pid 22328) has died
I/ActivityManager(  746): Process com.google.android.keep (pid 17750) has died
D/WifiService(  746): New client listening to asynchronous messages
I/ActivityManager(  746): Process com.skt.skaf.OA00026910 (pid 22577) has died
D/SdkConnector(22527): SDK version:1.3.4
D/SdkUtil ( 2075): [getCallerPackageName] callerPid:22527
E/SdkUtil ( 2075): , [getCallerPackageName] info.pkgList = [Ljava.lang.String;@164cb598
D/GeofenceService( 2075): [register] userKey exist
I/ActivityManager(  746): Start proc com.skt.skaf.OA00026910 for broadcast com.skt.skaf.OA00026910/.geofence.GeofenceReceiver: pid=22619 uid=10087 gids={50087, 9997, 3003, 1028, 1015, 3002, 3001} abi=armeabi
V/c       ( 2075): benefit yn = false
D/i       ( 2075): ble conf: false
V/c       ( 2075): GF Policy User Push Setting : false
W/ResourcesManager(22619): Asset path '/system/framework/com.google.android.maps.jar' does not exist or contains no resources.
V/c       ( 2075): GF Policy User Push Setting : false
W/linker  (22619): libjnicrash.so has text relocations. This is wasting memory and prevents security hardening. Please fix.
D/CrashLogger(22619): CrashLogger is enabled for com.skt.skaf.OA00026910, intializing...
D/SdkConnector(22619): SDK version:1.3.0
D/SdkConnector(22619): SDK version:1.3.0
V/SdkConnector(22619): [bindService] mGeofenceService null
V/SdkConnector(22619): [bindService] mIsConnected false
I/ActivityManager(  746): Start proc android.process.acore for content provider com.android.providers.userdictionary/.UserDictionaryProvider: pid=22651 uid=10003 gids={50003, 9997} abi=armeabi-v7a
I/art     (  196): Explicit concurrent mark sweep GC freed 704(30KB) AllocSpace objects, 0(0B) LOS objects, 39% free, 15MB/25MB, paused 187us total 8.720ms
I/art     (  196): Explicit concurrent mark sweep GC freed 7(240B) AllocSpace objects, 0(0B) LOS objects, 40% free, 15MB/25MB, paused 163us total 7.848ms
I/art     (  196): Explicit concurrent mark sweep GC freed 5(160B) AllocSpace objects, 0(0B) LOS objects, 40% free, 15MB/25MB, paused 175us total 8.014ms
D/DVCManagerService( 2000): onStartCommand()
D/DVCManagerService( 2000): intent type is : 100
V/c       (22527): benefit yn = false
D/i       (22527): ble conf: false
I/ActivityManager(  746): Displayed com.skmc.okcashbag.home_google/com.skplanet.ocb.MainActivity: +802ms
V/c       (22527): GF Policy User Push Setting : false
V/c       (22527): GF Policy User Push Setting : false
V/c       ( 2075): GF Policy User Push Setting : false
W/ImageLoader(22619): diskCache() and diskCacheFileNameGenerator() calls overlap each other
W/ImageLoader(22619): diskCache(), diskCacheSize() and diskCacheFileCount calls overlap each other
D/SdkConnector(22619): SDK version:1.3.0
D/SdkConnector(22619): SDK version:1.3.0
I/ContactLocale(22651): AddressBook Labels [ko-KR]: [, , , , , , , , , , , , , , , , A, B, C, D, E, F, G, H, I, J, K, L, M, N, O, P, Q, R, S, T, U, V, W, X, Y, Z, , , , , , , , , , , , , , , , , , , , , , , , , , , , , , , , , , , , , , , , , , , , , , , , , , , , , , , , , , , , , , , , , , , , , , , , , , , , , , , , , , , , , , , , , , , , , , , , , , , , , , , , , , , , , , , , , , , , , , , , , , , , , , , , , , , , , , , , , , , , , , , , , , , , , , , , , , , , , , , , , , , , , , , , , , , , , #, ]
D/SdkConnector(22527): SDK version:1.3.4
D/SdkUtil ( 2075): [getCallerPackageName] callerPid:22527
E/SdkUtil ( 2075): , [getCallerPackageName] info.pkgList = [Ljava.lang.String;@298dd1f1
D/GeofenceService( 2075): [register] userKey exist
D/SdkConnector(22619): SDK version:1.3.0
D/SdkConnector(22619): SDK version:1.3.0
D/SdkConnector(22619): SDK version:1.3.0
D/SdkConnector(22619): SDK version:1.3.0
D/GeofenceService( 2075): [enableSDKInternal] packageName:com.skt.skaf.OA00026910 state:1
D/SdkConnector(22619): SDK version:1.3.0
W/Settings(22527): Setting airplane_mode_on has moved from android.provider.Settings.System to android.provider.Settings.Global, returning read-only value.
V/c       (22527): GF Policy User Push Setting : false
V/c       (22527): GF Policy User Push Setting : false
D/SdkConnector(22527): SDK version:1.3.4
D/SdkUtil ( 2075): [getCallerPackageName] callerPid:22527
E/SdkUtil ( 2075): , [getCallerPackageName] info.pkgList = [Ljava.lang.String;@38c001d6
D/SdkUtil ( 2075): [getCallerPackageName] callerPid:22527
E/SdkUtil ( 2075): , [getCallerPackageName] info.pkgList = [Ljava.lang.String;@2bd42c57
D/GeofenceService( 2075): [disableSdkInternal] packageName:com.skmc.okcashbag.home_google
D/SdkConnector(22527): SDK version:1.3.4
D/SdkUtil ( 2075): [getCallerPackageName] callerPid:22527
E/SdkUtil ( 2075): , [getCallerPackageName] info.pkgList = [Ljava.lang.String;@31239344
D/GeofenceService( 2075): [register] userKey exist
D/SdkConnector(22619): SDK version:1.3.0
D/SdkConnector(22619): SDK version:1.3.0
D/SdkConnector(22619): SDK version:1.3.0
D/SdkConnector(22619): SDK version:1.3.0
D/GeofenceService( 2075): [enableSDKInternal] packageName:com.skt.skaf.OA00026910 state:1
D/SdkConnector(22619): SDK version:1.3.0
V/c       (22527): GF Policy User Push Setting : false
D/SdkConnector(22527): SDK version:1.3.4
D/SdkUtil ( 2075): [getCallerPackageName] callerPid:22527
E/SdkUtil ( 2075): , [getCallerPackageName] info.pkgList = [Ljava.lang.String;@2d9c9c2d
D/SdkUtil ( 2075): [getCallerPackageName] callerPid:22527
E/SdkUtil ( 2075): , [getCallerPackageName] info.pkgList = [Ljava.lang.String;@1b126562
D/GeofenceService( 2075): [disableSdkInternal] packageName:com.skmc.okcashbag.home_google
D/SdkConnector(22619): SDK version:1.3.0
D/SdkConnector(22619): SDK version:1.3.0
D/SdkConnector(22619): SDK version:1.3.0
D/SdkConnector(22619): SDK version:1.3.0
D/GeofenceService( 2075): [enableSDKInternal] packageName:com.skt.skaf.OA00026910 state:1
D/SdkConnector(22619): SDK version:1.3.0
V/c       (22527): GF Policy User Push Setting : false
D/SdkConnector(22527): SDK version:1.3.4
D/SdkUtil ( 2075): [getCallerPackageName] callerPid:22527
E/SdkUtil ( 2075): , [getCallerPackageName] info.pkgList = [Ljava.lang.String;@2d8536f3
D/SdkUtil ( 2075): [getCallerPackageName] callerPid:22527
E/SdkUtil ( 2075): , [getCallerPackageName] info.pkgList = [Ljava.lang.String;@2b689fb0
D/GeofenceService( 2075): [disableSdkInternal] packageName:com.skmc.okcashbag.home_google
D/TaskPersister(  746): removeObsoleteFile: deleting file=11018_task.xml
D/TaskPersister(  746): removeObsoleteFile: deleting file=11018_task_thumbnail.png
D/Volley  (22527): [31694] DiskBasedCache.clear: Cache cleared.
I/ActivityManager(  746): Start proc com.google.android.googlequicksearchbox:search for service com.google.android.googlequicksearchbox/com.google.android.sidekick.main.remoteservice.GoogleNowRemoteService: pid=22700 uid=10019 gids={50019, 9997, 3003, 3001, 1028, 3002, 1015, 1005} abi=armeabi-v7a
I/Adreno-EGL( 1356): <qeglDrvAPI_eglInitialize:410>: QUALCOMM Build: 10/24/14, 167c270, I68fa98814b
I/OpenGLRenderer( 1356): Initialized EGL, version 1.4
W/ViewRootImpl( 1356): Dropping event due to no window focus: KeyEvent { action=ACTION_DOWN, keyCode=KEYCODE_BACK, scanCode=0, metaState=0, flags=0x48, repeatCount=0, eventTime=45504096, downTime=45504096, deviceId=-1, source=0x101 }
I/ActivityManager(  746): Start proc com.google.android.partnersetup for content provider com.google.android.partnersetup/.RlzAppProvider: pid=22730 uid=10011 gids={50011, 9997, 3003} abi=armeabi-v7a
D/WifiService(  746): New client listening to asynchronous messages
W/GAV2    (22700): Thread[main,5,main]: Need to call initialize() and be in fallback mode to start dispatch.
W/InputMethodInfo(  746): Duplicated subtype definition found: , voice
W/InputMethodManagerService(  746): Skipping input method ComponentInfo{appplus.mobi.lockdownpro/appplus.mobi.applock.service.AppLockPlusService}: it does not require the permission android.permission.BIND_INPUT_METHOD
I/Process (22527): Sending signal. PID: 22527 SIG: 9
E/lowmemorykiller(  173): Error writing /proc/22527/oom_score_adj; errno=22
D/WifiService(  746): acquireWifiLockLocked: WifiLock{NlpWifiLock type=2 binder=android.os.BinderProxy@916e25c}
I/WindowState(  746): WIN DEATH: Window{16787485 u0 Toast}
D/WifiService(  746): Client connection lost with reason: 4
W/InputDispatcher(  746): channel '33201b1e com.skmc.okcashbag.home_google/com.skplanet.ocb.MainActivity (server)' ~ Consumer closed input channel or an error occurred.  events=0x9
E/InputDispatcher(  746): channel '33201b1e com.skmc.okcashbag.home_google/com.skplanet.ocb.MainActivity (server)' ~ Channel is unrecoverably broken and will be disposed!
E/WifiStateMachine(  746): WifiStateMachine CMD_START_SCAN source 10007 txSuccessRate=54.85 rxSuccessRate=69.10 targetRoamBSSID=any RSSI=-33
I/wpa_supplicant(  923): wlan0: CTRL-EVENT-SCAN-STARTED 
I/WindowState(  746): WIN DEATH: Window{33201b1e u0 com.skmc.okcashbag.home_google/com.skplanet.ocb.MainActivity EXITING}
W/InputDispatcher(  746): Attempted to unregister already unregistered input channel '33201b1e com.skmc.okcashbag.home_google/com.skplanet.ocb.MainActivity (server)'
I/ActivityManager(  746): Process com.skmc.okcashbag.home_google (pid 22527) has died
E/WifiStateMachine(  746): WifiStateMachine CMD_START_SCAN source -2 txSuccessRate=54.85 rxSuccessRate=69.10 targetRoamBSSID=any RSSI=-33
W/HandlerScheduledExecuto(22700): Task does not implement UiTask. Consider using NamedUiRunnable for gce@af521d2
D/GCM     ( 1541): Message class com.google.e.a.a.h
I/ActivityManager(  746): START u0 {act=android.intent.action.MAIN cat=[android.intent.category.LAUNCHER] flg=0x10200000 cmp=com.tyrantapp.olive/.SplashActivity (has extras)} from uid 10019 on display 0
W/HandlerScheduledExecuto(22700): Task does not implement UiTask. Consider using NamedUiRunnable for gce@af521d2
W/WindowManager(  746): Token{2959c2eb ActivityRecord{8a2463a u0 com.tyrantapp.olive/.SplashActivity t11742}} failed creating starting window
W/WindowManager(  746): android.view.InflateException: Binary XML file line #35: Error inflating class <unknown>
W/WindowManager(  746): 	at android.view.LayoutInflater.createView(LayoutInflater.java:633)
W/WindowManager(  746): 	at com.android.internal.policy.impl.PhoneLayoutInflater.onCreateView(PhoneLayoutInflater.java:55)
W/WindowManager(  746): 	at android.view.LayoutInflater.onCreateView(LayoutInflater.java:682)
W/WindowManager(  746): 	at android.view.LayoutInflater.createViewFromTag(LayoutInflater.java:741)
W/WindowManager(  746): 	at android.view.LayoutInflater.rInflate(LayoutInflater.java:806)
W/WindowManager(  746): 	at android.view.LayoutInflater.inflate(LayoutInflater.java:504)
W/WindowManager(  746): 	at android.view.LayoutInflater.inflate(LayoutInflater.java:414)
W/WindowManager(  746): 	at android.view.LayoutInflater.inflate(LayoutInflater.java:365)
W/WindowManager(  746): 	at com.android.internal.policy.impl.PhoneWindow.generateLayout(PhoneWindow.java:3489)
W/WindowManager(  746): 	at com.android.internal.policy.impl.PhoneWindow.installDecor(PhoneWindow.java:3561)
W/WindowManager(  746): 	at com.android.internal.policy.impl.PhoneWindow.getDecorView(PhoneWindow.java:1916)
W/WindowManager(  746): 	at com.android.internal.policy.impl.PhoneWindowManager.addStartingWindow(PhoneWindowManager.java:1833)
W/WindowManager(  746): 	at com.android.server.wm.WindowManagerService$H.handleMessage(WindowManagerService.java:7594)
W/WindowManager(  746): 	at android.os.Handler.dispatchMessage(Handler.java:102)
W/WindowManager(  746): 	at android.os.Looper.loop(Looper.java:135)
W/WindowManager(  746): 	at android.os.HandlerThread.run(HandlerThread.java:61)
W/WindowManager(  746): 	at com.android.server.ServiceThread.run(ServiceThread.java:46)
W/WindowManager(  746): Caused by: java.lang.reflect.InvocationTargetException
W/WindowManager(  746): 	at java.lang.reflect.Constructor.newInstance(Native Method)
W/WindowManager(  746): 	at java.lang.reflect.Constructor.newInstance(Constructor.java:288)
W/WindowManager(  746): 	at android.view.LayoutInflater.createView(LayoutInflater.java:607)
W/WindowManager(  746): 	... 16 more
W/WindowManager(  746): Caused by: java.lang.RuntimeException: Failed to resolve attribute at index 0
W/WindowManager(  746): 	at android.content.res.TypedArray.getDrawable(TypedArray.java:747)
W/WindowManager(  746): 	at android.widget.FrameLayout.<init>(FrameLayout.java:123)
W/WindowManager(  746): 	at android.widget.FrameLayout.<init>(FrameLayout.java:111)
W/WindowManager(  746): 	at android.widget.FrameLayout.<init>(FrameLayout.java:107)
W/WindowManager(  746): 	... 19 more
I/ActivityManager(  746): Start proc com.tyrantapp.olive for activity com.tyrantapp.olive/.SplashActivity: pid=22784 uid=10389 gids={50389, 9997, 3003, 1028, 1015} abi=armeabi-v7a
I/art     (22784): Late-enabling -Xcheck:jni
D/baas.io_OliveApplicati(22784): Network Strict Mode On!
D/RESTHelper(22784): setContext = com.tyrantapp.olive.OliveApplication@17da1cc8
D/RESTHelper(22784): setInstance = com.tyrantapp.olive.network.AWSQueryManager@27536161
V/GCMRegistrar(22784): Is registered on server: true
D/RESTHelper(22784): getInstance = com.tyrantapp.olive.network.AWSQueryManager@27536161
D/BaseActivity(22784): startServiceBind
D/OpenGLRenderer(22784): Render dirty regions requested: true
D/Atlas   (22784): Validating map...
E/baas.io_OliveApplicati(22784): init onException:com.kth.baasio.exception.BaasioException: GCM is already registered:{}
D/OliveService(22784): onCreate
D/OliveService(22784): Network Strict Mode On!
E/SQLiteLog(22784): (1) no such column: _index
D/AndroidRuntime(22784): Shutting down VM
E/AndroidRuntime(22784): FATAL EXCEPTION: main
E/AndroidRuntime(22784): Process: com.tyrantapp.olive, PID: 22784
E/AndroidRuntime(22784): java.lang.RuntimeException: Unable to create service com.tyrantapp.olive.service.SyncNetworkService: android.database.sqlite.SQLiteException: no such column: _index (code 1): , while compiling: SELECT _id, _index, author, mimetype, extra_id, context FROM presetbuttons
E/AndroidRuntime(22784): 	at android.app.ActivityThread.handleCreateService(ActivityThread.java:2741)
E/AndroidRuntime(22784): 	at android.app.ActivityThread.access$1800(ActivityThread.java:144)
E/AndroidRuntime(22784): 	at android.app.ActivityThread$H.handleMessage(ActivityThread.java:1361)
E/AndroidRuntime(22784): 	at android.os.Handler.dispatchMessage(Handler.java:102)
E/AndroidRuntime(22784): 	at android.os.Looper.loop(Looper.java:135)
E/AndroidRuntime(22784): 	at android.app.ActivityThread.main(ActivityThread.java:5221)
E/AndroidRuntime(22784): 	at java.lang.reflect.Method.invoke(Native Method)
E/AndroidRuntime(22784): 	at java.lang.reflect.Method.invoke(Method.java:372)
E/AndroidRuntime(22784): 	at com.android.internal.os.ZygoteInit$MethodAndArgsCaller.run(ZygoteInit.java:899)
E/AndroidRuntime(22784): 	at com.android.internal.os.ZygoteInit.main(ZygoteInit.java:694)
E/AndroidRuntime(22784): Caused by: android.database.sqlite.SQLiteException: no such column: _index (code 1): , while compiling: SELECT _id, _index, author, mimetype, extra_id, context FROM presetbuttons
E/AndroidRuntime(22784): 	at android.database.sqlite.SQLiteConnection.nativePrepareStatement(Native Method)
E/AndroidRuntime(22784): 	at android.database.sqlite.SQLiteConnection.acquirePreparedStatement(SQLiteConnection.java:889)
E/AndroidRuntime(22784): 	at android.database.sqlite.SQLiteConnection.prepare(SQLiteConnection.java:500)
E/AndroidRuntime(22784): 	at android.database.sqlite.SQLiteSession.prepare(SQLiteSession.java:588)
E/AndroidRuntime(22784): 	at android.database.sqlite.SQLiteProgram.<init>(SQLiteProgram.java:58)
E/AndroidRuntime(22784): 	at android.database.sqlite.SQLiteQuery.<init>(SQLiteQuery.java:37)
E/AndroidRuntime(22784): 	at android.database.sqlite.SQLiteDirectCursorDriver.query(SQLiteDirectCursorDriver.java:44)
E/AndroidRuntime(22784): 	at android.database.sqlite.SQLiteDatabase.rawQueryWithFactory(SQLiteDatabase.java:1316)
E/AndroidRuntime(22784): 	at android.database.sqlite.SQLiteQueryBuilder.query(SQLiteQueryBuilder.java:400)
E/AndroidRuntime(22784): 	at android.database.sqlite.SQLiteQueryBuilder.query(SQLiteQueryBuilder.java:294)
E/AndroidRuntime(22784): 	at com.tyrantapp.olive.provider.OliveContentProvider.query(OliveContentProvider.java:668)
E/AndroidRuntime(22784): 	at android.content.ContentProvider.query(ContentProvider.java:950)
E/AndroidRuntime(22784): 	at android.content.ContentProvider$Transport.query(ContentProvider.java:210)
E/AndroidRuntime(22784): 	at android.content.ContentResolver.query(ContentResolver.java:478)
E/AndroidRuntime(22784): 	at android.content.ContentResolver.query(ContentResolver.java:422)
E/AndroidRuntime(22784): 	at com.tyrantapp.olive.helper.DatabaseHelper$PresetButtonHelper.initialize(DatabaseHelper.java:642)
E/AndroidRuntime(22784): 	at com.tyrantapp.olive.service.SyncNetworkService.onCreate(SyncNetworkService.java:60)
E/AndroidRuntime(22784): 	at android.app.ActivityThread.handleCreateService(ActivityThread.java:2731)
E/AndroidRuntime(22784): 	... 9 more
W/ActivityManager(  746):   Force finishing activity com.tyrantapp.olive/.SplashActivity
E/ActivityManager(  746): Invalid thumbnail dimensions: 576x576
W/DropBoxManagerService(  746): Dropping: data_app_crash (2712 > 0 bytes)
I/OpenGLRenderer(  746): Initialized EGL, version 1.4
W/ActivityManager(  746): Activity pause timeout for ActivityRecord{8a2463a u0 com.tyrantapp.olive/.SplashActivity t11742 f}
I/aa      ( 1843): Not returning location for the following outliers: [125410407932]
I/art     (  746): Explicit concurrent mark sweep GC freed 32398(1681KB) AllocSpace objects, 8(3MB) LOS objects, 24% free, 50MB/66MB, paused 1.185ms total 101.056ms
D/LocationFilter( 1843): Forcing stable location. Original location:Location[fused 37.587191,126.922852 acc=30 et=+1d4h21m45s105ms] because connected WiFi network is the same, bssid=00:08:9f:4e:7c:ef
D/WifiService(  746): releaseWifiLockLocked: WifiLock{NlpWifiLock type=2 binder=android.os.BinderProxy@916e25c}
I/GCoreUlr( 1843): Successfully inserted location
I/GCoreUlr( 1843): Not calling LocationReporter, hasMoved: false, elapsed millis: 2058849, request: Stationary(3600000)
D/TaskPersister(  746): removeObsoleteFile: deleting file=11037_task.xml
D/TaskPersister(  746): removeObsoleteFile: deleting file=11037_task_thumbnail.png
I/GAV2    (22700): Thread[GAThread,5,main]: No campaign data found.
I/art     (  746): Explicit concurrent mark sweep GC freed 16603(859KB) AllocSpace objects, 2(32KB) LOS objects, 24% free, 49MB/65MB, paused 1.396ms total 140.740ms
W/ActivityManager(  746): Activity destroy timeout for ActivityRecord{8a2463a u0 com.tyrantapp.olive/.SplashActivity t11742 f}
I/Fitness ( 1843): FlushServiceReceiver.onReceive
E/WifiStateMachine(  746): WifiStateMachine CMD_START_SCAN source -2 txSuccessRate=8.15 rxSuccessRate=8.50 targetRoamBSSID=any RSSI=-43
E/WifiStateMachine(  746): WifiStateMachine starting scan for "HL.HOME"WPA_PSK with 2437
I/wpa_supplicant(  923): wlan0: CTRL-EVENT-SCAN-STARTED 
D/TaskPersister(  746): removeObsoleteFile: deleting file=11742_task.xml
D/TimeService(24800): Updating widget using TimeTick
D/ThemeWidgetDao(24800): getWidgetTheme::widgetId = 1 and themeId in (select _id from Theme where type = 3 )
D/FlatClockWidget(24800): Displaying hours: 12:43
D/ThemeWidgetDao(24800): getWidgetTheme::widgetId = 1 and themeId in (select _id from Theme where type = 1 )
D/HeadsetStateMachine( 3300): Disconnected process message: 10, size: 0
D/HeadsetStateMachine( 3300): Disconnected process message: 10, size: 0
D/HeadsetStateMachine( 3300): Disconnected process message: 10, size: 0
I/ActivityManager(  746): Start proc com.google.android.music:main for broadcast com.google.android.music/.leanback.AutoCacheSchedulingService$ActionReceiver: pid=22859 uid=10058 gids={50058, 9997, 3003, 1028, 1015} abi=armeabi-v7a
D/HeadsetStateMachine( 3300): Disconnected process message: 10, size: 0
I/MusicStore(22859): Database version: 107
W/ResourcesManager(22859): Asset path '/system/framework/com.android.media.remotedisplay.jar' does not exist or contains no resources.
W/ResourcesManager(22859): Asset path '/system/framework/com.android.location.provider.jar' does not exist or contains no resources.
V/JNIHelp (22859): Registering com/google/android/gms/org/conscrypt/NativeCrypto's 235 native methods...
