I/ActivityManager(  746): Process com.android.vending (pid 11844) has died
W/ActivityManager(  746): Scheduling restart of crashed service com.android.vending/com.google.android.finsky.billing.iab.InAppBillingService in 1000ms
I/ActivityManager(  746): Killing 10727:com.android.chrome:sandboxed_process0/u0a31i26 (adj 0): isolated not needed
W/libprocessgroup(  746): failed to open /acct/uid_10031/pid_10727/cgroup.procs: No such file or directory
W/libprocessgroup(  746): failed to open /acct/uid_10031/pid_10727/cgroup.procs: No such file or directory
I/ActivityManager(  746): Start proc com.android.vending for service com.android.vending/com.google.android.finsky.billing.iab.InAppBillingService: pid=13538 uid=10014 gids={50014, 9997, 3003, 1028, 1015} abi=armeabi-v7a
I/ActivityManager(  746): Start proc com.google.android.gms:car for service com.google.android.gms/.car.CarService: pid=13588 uid=10007 gids={50007, 9997, 2001, 3003, 1007, 3006, 3002, 3001, 1028, 1015, 1005, 3007} abi=armeabi-v7a
W/ResourcesManager(13588): Asset path '/system/framework/com.android.media.remotedisplay.jar' does not exist or contains no resources.
W/ResourcesManager(13588): Asset path '/system/framework/com.android.location.provider.jar' does not exist or contains no resources.
I/ActivityManager(  746): Process com.wsl.noom (pid 13089) has died
I/ActivityManager(  746): Start proc android.process.media for content provider com.android.providers.downloads/.DownloadProvider: pid=13609 uid=10005 gids={50005, 9997, 2001, 3003, 1028, 1015, 3007, 1023, 1024} abi=armeabi-v7a
I/ActivityManager(  746): Process com.skt.skaf.OA00026910 (pid 13133) has died
I/ActivityManager(  746): Process com.skmc.okcashbag.home_google (pid 13177) has died
I/ActivityManager(  746): Process android.process.acore (pid 12707) has died
I/ActivityManager(  746): Process com.google.android.gms:car (pid 13588) has died
I/ActivityManager(  746): START u0 {act=android.intent.action.VIEW cat=[android.intent.category.BROWSABLE] dat=http://www.clien.net/cs2/bbs/board.php?bo_table=lecture&wr_id=75785 flg=0x10000000 cmp=net.nvyu.app.clian/.ui.HookActivity (has extras)} from uid 10031 on display 0
I/ActivityManager(  746): Start proc net.nvyu.app.clian for activity net.nvyu.app.clian/.ui.HookActivity: pid=13733 uid=10110 gids={50110, 9997, 3003, 1028, 1015} abi=armeabi-v7a
I/ActivityManager(  746): START u0 {act=android.intent.action.VIEW cmp=net.nvyu.app.clian/.ui.ArticleActivity (has extras)} from uid 10110 on display 0
I/ActivityManager(  746): Process com.android.providers.calendar (pid 13341) has died
I/ActivityManager(  746): Process com.syncedsynapse.eventflowwidget (pid 13424) has died
I/ActivityManager(  746): Start proc android.process.acore for content provider com.android.providers.userdictionary/.UserDictionaryProvider: pid=13789 uid=10003 gids={50003, 9997} abi=armeabi-v7a
I/ActivityManager(  746): Process com.google.android.calendar (pid 13378) has died
I/ActivityManager(  746): Process android.process.media (pid 13609) has died
I/ActivityManager(  746): Start proc com.wsl.noom for broadcast com.wsl.noom/com.wsl.activitymonitor.PeriodicAlarmReceiver: pid=13909 uid=10152 gids={50152, 9997, 3003, 3001, 3002, 1028, 1015} abi=armeabi-v7a
W/ResourcesManager(13909): Asset path '/system/framework/com.google.android.maps.jar' does not exist or contains no resources.
W/ActivityThread(13909): ClassLoader.loadClass: The class loader returned by Thread.getContextClassLoader() may fail for processes that host multiple applications. You should explicitly specify a context class loader. For example: Thread.setContextClassLoader(getClass().getClassLoader());
I/UsageStatsService(  746): User[0] Flushing usage stats to disk
I/ActivityManager(  746): START u0 {act=android.intent.action.VIEW dat=http://blog.iolate.kr/168 cmp=com.android.chrome/com.google.android.apps.chrome.Main (has extras)} from uid 10110 on display 0
I/ActivityManager(  746): START u0 {act=android.intent.action.VIEW dat=http://blog.iolate.kr/168 flg=0x14002000 cmp=com.android.chrome/com.google.android.apps.chrome.ChromeTabbedActivity (has extras)} from uid 10031 on display 0
I/ActivityManager(  746): Start proc com.android.chrome:sandboxed_process5 for service com.android.chrome/org.chromium.content.app.SandboxedProcessService5: pid=14069 uid=99031 gids={} abi=armeabi-v7a
I/ActivityManager(  746): Start proc com.zegoggles.smssync for service com.zegoggles.smssync/.service.SmsBackupService: pid=14209 uid=10144 gids={50144, 9997, 3003, 1028, 1015} abi=armeabi-v7a
D/WifiService(  746): acquireWifiLockLocked: WifiLock{SMSBackup+ type=3 binder=android.os.BinderProxy@f9bceb1}
D/CountryDetector(  746): The first listener is added
D/WifiService(  746): releaseWifiLockLocked: WifiLock{SMSBackup+ type=3 binder=android.os.BinderProxy@f9bceb1}
I/ActivityManager(  746): moveTaskToBack: TaskRecord{9a9ca43 #11605 A=com.android.chrome U=0 sz=1}
W/libprocessgroup(  746): failed to open /acct/uid_10031/pid_14069/cgroup.procs: No such file or directory
I/ActivityManager(  746): Process com.android.chrome:sandboxed_process5 (pid 14069) has died
W/ActivityManager(  746): Scheduling restart of crashed service com.android.chrome/org.chromium.content.app.SandboxedProcessService5 in 1000ms
I/ActivityManager(  746): Start proc com.badcrane.rgbexpress for activity com.badcrane.rgbexpress/com.ansca.corona.CoronaActivity: pid=14366 uid=10358 gids={50358, 9997, 3003, 1028, 1015} abi=armeabi-v7a
I/ActivityManager(  746): Process com.wsl.noom (pid 13909) has died
I/ActivityManager(  746): Process com.android.vending (pid 13538) has died
I/ActivityManager(  746): Process com.zegoggles.smssync (pid 14209) has died
W/ResourcesManager(14366): Asset path '/system/framework/com.android.media.remotedisplay.jar' does not exist or contains no resources.
W/ResourcesManager(14366): Asset path '/system/framework/com.android.location.provider.jar' does not exist or contains no resources.
I/ActivityManager(  746): Start proc com.android.vending for service com.android.vending/com.google.android.finsky.billing.iab.InAppBillingService: pid=14445 uid=10014 gids={50014, 9997, 3003, 1028, 1015} abi=armeabi-v7a
I/ActivityManager(  746): Start proc com.google.android.gms:car for service com.google.android.gms/.car.CarService: pid=14496 uid=10007 gids={50007, 9997, 2001, 3003, 1007, 3006, 3002, 3001, 1028, 1015, 1005, 3007} abi=armeabi-v7a
W/ResourcesManager(14496): Asset path '/system/framework/com.android.media.remotedisplay.jar' does not exist or contains no resources.
W/ResourcesManager(14496): Asset path '/system/framework/com.android.location.provider.jar' does not exist or contains no resources.
I/ActivityManager(  746): Start proc android.process.media for content provider com.android.providers.downloads/.DownloadProvider: pid=14524 uid=10005 gids={50005, 9997, 2001, 3003, 1028, 1015, 3007, 1023, 1024} abi=armeabi-v7a
I/ActivityManager(  746): START u0 {act=android.intent.action.MAIN cat=[android.intent.category.LAUNCHER] flg=0x10200000 cmp=com.android.chrome/com.google.android.apps.chrome.Main bnds=[648,1532][849,1784] (has extras)} from uid 10019 on display 0
W/ActivityManager(  746): Binding with unknown activity: Token{e1cba62 ActivityRecord{39b7252d u0 com.badcrane.rgbexpress/com.ansca.corona.CoronaActivity t11720 f}}
I/ActivityManager(  746): Process net.nvyu.app.clian (pid 13733) has died
I/ActivityManager(  746): Process com.google.android.gms:car (pid 14496) has died
W/ActivityManager(  746): Scheduling restart of crashed service com.google.android.gms/.car.CarService in 1000ms
I/ActivityManager(  746): Process android.process.media (pid 14524) has died
I/ActivityManager(  746): Start proc com.android.chrome:sandboxed_process6 for service com.android.chrome/org.chromium.content.app.SandboxedProcessService6: pid=14644 uid=99032 gids={} abi=armeabi-v7a
I/ActivityManager(  746): Start proc com.google.android.gms:car for service com.google.android.gms/.car.CarService: pid=14672 uid=10007 gids={50007, 9997, 2001, 3003, 1007, 3006, 3002, 3001, 1028, 1015, 1005, 3007} abi=armeabi-v7a
W/ResourcesManager(14672): Asset path '/system/framework/com.android.media.remotedisplay.jar' does not exist or contains no resources.
W/ResourcesManager(14672): Asset path '/system/framework/com.android.location.provider.jar' does not exist or contains no resources.
I/ActivityManager(  746): Process com.badcrane.rgbexpress (pid 14366) has died
I/ActivityManager(  746): Process com.google.android.gms:car (pid 14672) has died
I/ActivityManager(  746): Start proc com.wsl.noom for broadcast com.wsl.noom/com.wsl.activitymonitor.PeriodicAlarmReceiver: pid=14806 uid=10152 gids={50152, 9997, 3003, 3001, 3002, 1028, 1015} abi=armeabi-v7a
W/ResourcesManager(14806): Asset path '/system/framework/com.google.android.maps.jar' does not exist or contains no resources.
W/ActivityThread(14806): ClassLoader.loadClass: The class loader returned by Thread.getContextClassLoader() may fail for processes that host multiple applications. You should explicitly specify a context class loader. For example: Thread.setContextClassLoader(getClass().getClassLoader());
D/CountryDetector(  746): No listener is left
I/ActivityManager(  746): Process android.process.acore (pid 13789) has died
W/libprocessgroup(  746): failed to open /acct/uid_10031/pid_13467/cgroup.procs: No such file or directory
I/ActivityManager(  746): Process com.android.chrome:sandboxed_process4 (pid 13467) has died
W/ActivityManager(  746): Scheduling restart of crashed service com.android.chrome/org.chromium.content.app.SandboxedProcessService4 in 1000ms
I/ActivityManager(  746): Process com.wsl.noom (pid 14806) has died
I/ActivityManager(  746): Process com.android.vending (pid 14445) has died
I/ActivityManager(  746): Start proc android.process.acore for content provider com.android.providers.userdictionary/.UserDictionaryProvider: pid=14909 uid=10003 gids={50003, 9997} abi=armeabi-v7a
I/ActivityManager(  746): Process android.process.acore (pid 14909) has died
I/ActivityManager(  746): Start proc com.android.chrome:sandboxed_process7 for service com.android.chrome/org.chromium.content.app.SandboxedProcessService7: pid=14938 uid=99033 gids={} abi=armeabi-v7a
I/ActivityManager(  746): Start proc android.process.acore for content provider com.android.providers.userdictionary/.UserDictionaryProvider: pid=14966 uid=10003 gids={50003, 9997} abi=armeabi-v7a
I/ActivityManager(  746): Start proc com.android.chrome:sandboxed_process8 for service com.android.chrome/org.chromium.content.app.SandboxedProcessService8: pid=15015 uid=99034 gids={} abi=armeabi-v7a
W/libprocessgroup(  746): failed to open /acct/uid_10031/pid_14644/cgroup.procs: No such file or directory
I/ActivityManager(  746): Process com.android.chrome:sandboxed_process6 (pid 14644) has died
W/ActivityManager(  746): Scheduling restart of crashed service com.android.chrome/org.chromium.content.app.SandboxedProcessService6 in 1000ms
I/ActivityManager(  746): Start proc com.android.chrome:sandboxed_process9 for service com.android.chrome/org.chromium.content.app.SandboxedProcessService9: pid=15073 uid=99035 gids={} abi=armeabi-v7a
I/ActivityManager(  746): Start proc com.android.chrome:sandboxed_process10 for service com.android.chrome/org.chromium.content.app.SandboxedProcessService10: pid=15167 uid=99036 gids={} abi=armeabi-v7a
I/ActivityManager(  746): Start proc com.android.chrome:sandboxed_process11 for service com.android.chrome/org.chromium.content.app.SandboxedProcessService11: pid=15216 uid=99037 gids={} abi=armeabi-v7a
W/libprocessgroup(  746): failed to open /acct/uid_10031/pid_14938/cgroup.procs: No such file or directory
I/ActivityManager(  746): Process com.android.chrome:sandboxed_process7 (pid 14938) has died
W/ActivityManager(  746): Scheduling restart of crashed service com.android.chrome/org.chromium.content.app.SandboxedProcessService7 in 1000ms
W/libprocessgroup(  746): failed to open /acct/uid_10031/pid_15015/cgroup.procs: No such file or directory
I/ActivityManager(  746): Process com.android.chrome:sandboxed_process8 (pid 15015) has died
W/ActivityManager(  746): Scheduling restart of crashed service com.android.chrome/org.chromium.content.app.SandboxedProcessService8 in 1000ms
I/ActivityManager(  746): Start proc com.wsl.noom for broadcast com.wsl.noom/com.wsl.activitymonitor.PeriodicAlarmReceiver: pid=15424 uid=10152 gids={50152, 9997, 3003, 3001, 3002, 1028, 1015} abi=armeabi-v7a
W/ResourcesManager(15424): Asset path '/system/framework/com.google.android.maps.jar' does not exist or contains no resources.
W/ActivityThread(15424): ClassLoader.loadClass: The class loader returned by Thread.getContextClassLoader() may fail for processes that host multiple applications. You should explicitly specify a context class loader. For example: Thread.setContextClassLoader(getClass().getClassLoader());
I/ActivityManager(  746): Start proc com.android.vending for service com.android.vending/com.google.android.finsky.billing.iab.InAppBillingService: pid=15471 uid=10014 gids={50014, 9997, 3003, 1028, 1015} abi=armeabi-v7a
D/WifiService(  746): acquireWifiLockLocked: WifiLock{NlpWifiLock type=2 binder=android.os.BinderProxy@30d1373f}
D/WifiService(  746): acquireWifiLockLocked: WifiLock{NlpWifiLock type=2 binder=android.os.BinderProxy@3998cf37}
I/ActivityManager(  746): Start proc com.google.android.gms:car for service com.google.android.gms/.car.CarService: pid=15517 uid=10007 gids={50007, 9997, 2001, 3003, 1007, 3006, 3002, 3001, 1028, 1015, 1005, 3007} abi=armeabi-v7a
W/ResourcesManager(15517): Asset path '/system/framework/com.android.media.remotedisplay.jar' does not exist or contains no resources.
W/ResourcesManager(15517): Asset path '/system/framework/com.android.location.provider.jar' does not exist or contains no resources.
I/ActivityManager(  746): Start proc android.process.media for content provider com.android.providers.downloads/.DownloadProvider: pid=15541 uid=10005 gids={50005, 9997, 2001, 3003, 1028, 1015, 3007, 1023, 1024} abi=armeabi-v7a
D/WifiService(  746): releaseWifiLockLocked: WifiLock{NlpWifiLock type=2 binder=android.os.BinderProxy@3998cf37}
D/WifiService(  746): releaseWifiLockLocked: WifiLock{NlpWifiLock type=2 binder=android.os.BinderProxy@30d1373f}
I/ActivityManager(  746): Process com.google.android.gms:car (pid 15517) has died
I/ActivityManager(  746): Start proc com.android.chrome:sandboxed_process12 for service com.android.chrome/org.chromium.content.app.SandboxedProcessService12: pid=15653 uid=99038 gids={} abi=armeabi-v7a
W/ActivityManager(  746): Exception when unbinding service com.android.chrome/org.chromium.content.app.SandboxedProcessService10
W/ActivityManager(  746): android.os.TransactionTooLargeException
W/ActivityManager(  746): 	at android.os.BinderProxy.transactNative(Native Method)
W/ActivityManager(  746): 	at android.os.BinderProxy.transact(Binder.java:496)
W/ActivityManager(  746): 	at android.app.ApplicationThreadProxy.scheduleUnbindService(ApplicationThreadNative.java:917)
W/ActivityManager(  746): 	at com.android.server.am.ActiveServices.removeConnectionLocked(ActiveServices.java:1772)
W/ActivityManager(  746): 	at com.android.server.am.ActiveServices.unbindServiceLocked(ActiveServices.java:897)
W/ActivityManager(  746): 	at com.android.server.am.ActivityManagerService.unbindService(ActivityManagerService.java:14925)
W/ActivityManager(  746): 	at android.app.ActivityManagerNative.onTransact(ActivityManagerNative.java:960)
W/ActivityManager(  746): 	at com.android.server.am.ActivityManagerService.onTransact(ActivityManagerService.java:2407)
W/ActivityManager(  746): 	at android.os.Binder.execTransact(Binder.java:446)
I/ActivityManager(  746): Killing 15167:com.android.chrome:sandboxed_process10/u0a31i36 (adj 9): isolated not needed
W/libprocessgroup(  746): failed to open /acct/uid_10031/pid_15167/cgroup.procs: No such file or directory
W/libprocessgroup(  746): failed to open /acct/uid_10031/pid_15167/cgroup.procs: No such file or directory
W/ResourcesManager(10635): Asset path '/system/framework/com.google.android.maps.jar' does not exist or contains no resources.
W/InputMethodManagerService(  746): Window already focused, ignoring focus gain of: com.android.internal.view.IInputMethodClient$Stub$Proxy@1d0680cc attribute=null, token = android.os.BinderProxy@264a23f0
I/ActivityManager(  746): Start proc com.android.chrome:sandboxed_process13 for service com.android.chrome/org.chromium.content.app.SandboxedProcessService13: pid=15746 uid=99039 gids={} abi=armeabi-v7a
W/ActivityManager(  746): Exception when unbinding service com.android.chrome/org.chromium.content.app.SandboxedProcessService12
W/ActivityManager(  746): android.os.TransactionTooLargeException
W/ActivityManager(  746): 	at android.os.BinderProxy.transactNative(Native Method)
W/ActivityManager(  746): 	at android.os.BinderProxy.transact(Binder.java:496)
W/ActivityManager(  746): 	at android.app.ApplicationThreadProxy.scheduleUnbindService(ApplicationThreadNative.java:917)
W/ActivityManager(  746): 	at com.android.server.am.ActiveServices.removeConnectionLocked(ActiveServices.java:1772)
W/ActivityManager(  746): 	at com.android.server.am.ActiveServices.unbindServiceLocked(ActiveServices.java:897)
W/ActivityManager(  746): 	at com.android.server.am.ActivityManagerService.unbindService(ActivityManagerService.java:14925)
W/ActivityManager(  746): 	at android.app.ActivityManagerNative.onTransact(ActivityManagerNative.java:960)
W/ActivityManager(  746): 	at com.android.server.am.ActivityManagerService.onTransact(ActivityManagerService.java:2407)
W/ActivityManager(  746): 	at android.os.Binder.execTransact(Binder.java:446)
I/ActivityManager(  746): Killing 15653:com.android.chrome:sandboxed_process12/u0a31i38 (adj 9): isolated not needed
W/libprocessgroup(  746): failed to open /acct/uid_10031/pid_15653/cgroup.procs: No such file or directory
W/libprocessgroup(  746): failed to open /acct/uid_10031/pid_15653/cgroup.procs: No such file or directory
W/InputMethodManagerService(  746): Window already focused, ignoring focus gain of: com.android.internal.view.IInputMethodClient$Stub$Proxy@16b3a900 attribute=null, token = android.os.BinderProxy@264a23f0
I/ActivityManager(  746): Start proc com.google.android.deskclock for broadcast com.google.android.deskclock/com.android.alarmclock.DigitalAppWidgetProvider: pid=15889 uid=10033 gids={50033, 9997, 1028} abi=armeabi-v7a
I/ActivityManager(  746): Process android.process.acore (pid 14966) has died
I/ActivityManager(  746): Process android.process.media (pid 15541) has died
I/ActivityManager(  746): Start proc android.process.acore for content provider com.android.providers.userdictionary/.UserDictionaryProvider: pid=16012 uid=10003 gids={50003, 9997} abi=armeabi-v7a
I/ActivityManager(  746): Start proc com.android.chrome:sandboxed_process14 for service com.android.chrome/org.chromium.content.app.SandboxedProcessService14: pid=16051 uid=99040 gids={} abi=armeabi-v7a
I/ActivityManager(  746): Process com.google.android.deskclock (pid 15889) has died
W/libprocessgroup(  746): failed to open /acct/uid_10031/pid_15073/cgroup.procs: No such file or directory
I/ActivityManager(  746): Process com.android.chrome:sandboxed_process9 (pid 15073) has died
W/ActivityManager(  746): Scheduling restart of crashed service com.android.chrome/org.chromium.content.app.SandboxedProcessService9 in 1000ms
I/ActivityManager(  746): Process com.wsl.noom (pid 15424) has died
W/ActivityManager(  746): Exception when unbinding service com.android.vending/com.google.android.finsky.billing.iab.InAppBillingService
W/ActivityManager(  746): android.os.DeadObjectException
W/ActivityManager(  746): 	at android.os.BinderProxy.transactNative(Native Method)
W/ActivityManager(  746): 	at android.os.BinderProxy.transact(Binder.java:496)
W/ActivityManager(  746): 	at android.app.ApplicationThreadProxy.scheduleUnbindService(ApplicationThreadNative.java:917)
W/ActivityManager(  746): 	at com.android.server.am.ActiveServices.removeConnectionLocked(ActiveServices.java:1772)
W/ActivityManager(  746): 	at com.android.server.am.ActiveServices.killServicesLocked(ActiveServices.java:2156)
W/ActivityManager(  746): 	at com.android.server.am.ActivityManagerService.cleanUpApplicationRecordLocked(ActivityManagerService.java:14494)
W/ActivityManager(  746): 	at com.android.server.am.ActivityManagerService.handleAppDiedLocked(ActivityManagerService.java:4728)
W/ActivityManager(  746): 	at com.android.server.am.ActivityManagerService.appDiedLocked(ActivityManagerService.java:4891)
W/ActivityManager(  746): 	at com.android.server.am.ActivityManagerService$AppDeathRecipient.binderDied(ActivityManagerService.java:1164)
W/ActivityManager(  746): 	at android.os.BinderProxy.sendDeathNotice(Binder.java:551)
I/ActivityManager(  746): Process com.android.vending (pid 15471) has died
W/libprocessgroup(  746): failed to open /acct/uid_10031/pid_15216/cgroup.procs: No such file or directory
I/ActivityManager(  746): Process com.android.chrome:sandboxed_process11 (pid 15216) has died
W/ActivityManager(  746): Scheduling restart of crashed service com.android.chrome/org.chromium.content.app.SandboxedProcessService11 in 1000ms
W/libprocessgroup(  746): failed to open /acct/uid_10031/pid_15746/cgroup.procs: No such file or directory
I/ActivityManager(  746): Process com.android.chrome:sandboxed_process13 (pid 15746) has died
W/ActivityManager(  746): Scheduling restart of crashed service com.android.chrome/org.chromium.content.app.SandboxedProcessService13 in 1000ms
W/ProcessCpuTracker(  746): Skipping unknown process pid 16272
W/ProcessCpuTracker(  746): Skipping unknown process pid 16275
I/ActivityManager(  746): Start proc com.wsl.noom for broadcast com.wsl.noom/com.wsl.activitymonitor.PeriodicAlarmReceiver: pid=16449 uid=10152 gids={50152, 9997, 3003, 3001, 3002, 1028, 1015} abi=armeabi-v7a
W/ResourcesManager(16449): Asset path '/system/framework/com.google.android.maps.jar' does not exist or contains no resources.
W/ActivityThread(16449): ClassLoader.loadClass: The class loader returned by Thread.getContextClassLoader() may fail for processes that host multiple applications. You should explicitly specify a context class loader. For example: Thread.setContextClassLoader(getClass().getClassLoader());
I/ActivityManager(  746): Start proc com.android.vending for service com.android.vending/com.google.android.finsky.billing.iab.InAppBillingService: pid=16503 uid=10014 gids={50014, 9997, 3003, 1028, 1015} abi=armeabi-v7a
I/ActivityManager(  746): Start proc com.google.android.gms:car for service com.google.android.gms/.car.CarService: pid=16556 uid=10007 gids={50007, 9997, 2001, 3003, 1007, 3006, 3002, 3001, 1028, 1015, 1005, 3007} abi=armeabi-v7a
W/ResourcesManager(16556): Asset path '/system/framework/com.android.media.remotedisplay.jar' does not exist or contains no resources.
W/ResourcesManager(16556): Asset path '/system/framework/com.android.location.provider.jar' does not exist or contains no resources.
I/ActivityManager(  746): Start proc android.process.media for content provider com.android.providers.downloads/.DownloadProvider: pid=16584 uid=10005 gids={50005, 9997, 2001, 3003, 1028, 1015, 3007, 1023, 1024} abi=armeabi-v7a
I/PowerManagerService(  746): Going to sleep due to screen timeout (uid 1000)...
I/PowerManagerService(  746): Sleeping (uid 1000)...
I/DisplayManagerService(  746): Display device changed: DisplayDeviceInfo{"  ": 1080 x 1920, 60.0 fps, supportedRefreshRates [60.0], density 480, 442.451 x 443.345 dpi, appVsyncOff 7500000, presDeadline 12666667, touch INTERNAL, rotation 0, type BUILT_IN, state OFF, FLAG_DEFAULT_DISPLAY, FLAG_ROTATES_WITH_CONTENT, FLAG_SECURE, FLAG_SUPPORTS_PROTECTED_BUFFERS}
V/ActivityManager(  746): Display changed displayId=0
I/PowerManagerService(  746): Waking up from sleep (uid 1000)...
I/DisplayPowerController(  746): Blocking screen on until initial contents have been drawn.
I/DisplayManagerService(  746): Display device changed: DisplayDeviceInfo{"  ": 1080 x 1920, 60.0 fps, supportedRefreshRates [60.0], density 480, 442.451 x 443.345 dpi, appVsyncOff 7500000, presDeadline 12666667, touch INTERNAL, rotation 0, type BUILT_IN, state ON, FLAG_DEFAULT_DISPLAY, FLAG_ROTATES_WITH_CONTENT, FLAG_SECURE, FLAG_SUPPORTS_PROTECTED_BUFFERS}
V/ActivityManager(  746): Display changed displayId=0
V/ActivityManager(  746): Display changed displayId=0
I/DisplayPowerController(  746): Unblocked screen on after 316 ms
D/WifiService(  746): acquireWifiLockLocked: WifiLock{NlpWifiLock type=2 binder=android.os.BinderProxy@209463cc}
W/ActivityManager(  746): getTasks: caller 10275 does not hold GET_TASKS; limiting output
I/ActivityManager(  746): Process com.google.android.gms:car (pid 16556) has died
D/WifiService(  746): releaseWifiLockLocked: WifiLock{NlpWifiLock type=2 binder=android.os.BinderProxy@209463cc}
D/WifiService(  746): acquireWifiLockLocked: WifiLock{NlpWifiLock type=2 binder=android.os.BinderProxy@209463cc}
D/WifiService(  746): releaseWifiLockLocked: WifiLock{NlpWifiLock type=2 binder=android.os.BinderProxy@209463cc}
I/PowerManagerService(  746): Going to sleep due to screen timeout (uid 1000)...
I/PowerManagerService(  746): Sleeping (uid 1000)...
I/DisplayManagerService(  746): Display device changed: DisplayDeviceInfo{"  ": 1080 x 1920, 60.0 fps, supportedRefreshRates [60.0], density 480, 442.451 x 443.345 dpi, appVsyncOff 7500000, presDeadline 12666667, touch INTERNAL, rotation 0, type BUILT_IN, state OFF, FLAG_DEFAULT_DISPLAY, FLAG_ROTATES_WITH_CONTENT, FLAG_SECURE, FLAG_SUPPORTS_PROTECTED_BUFFERS}
V/ActivityManager(  746): Display changed displayId=0
I/PowerManagerService(  746): Waking up from sleep (uid 1000)...
I/DisplayPowerController(  746): Blocking screen on until initial contents have been drawn.
I/DisplayManagerService(  746): Display device changed: DisplayDeviceInfo{"  ": 1080 x 1920, 60.0 fps, supportedRefreshRates [60.0], density 480, 442.451 x 443.345 dpi, appVsyncOff 7500000, presDeadline 12666667, touch INTERNAL, rotation 0, type BUILT_IN, state ON, FLAG_DEFAULT_DISPLAY, FLAG_ROTATES_WITH_CONTENT, FLAG_SECURE, FLAG_SUPPORTS_PROTECTED_BUFFERS}
V/ActivityManager(  746): Display changed displayId=0
I/DisplayPowerController(  746): Unblocked screen on after 146 ms
D/WifiService(  746): acquireWifiLockLocked: WifiLock{NlpWifiLock type=2 binder=android.os.BinderProxy@2cc2e451}
W/ActivityManager(  746): getTasks: caller 10275 does not hold GET_TASKS; limiting output
D/WifiService(  746): releaseWifiLockLocked: WifiLock{NlpWifiLock type=2 binder=android.os.BinderProxy@2cc2e451}
D/WifiService(  746): acquireWifiLockLocked: WifiLock{NlpWifiLock type=2 binder=android.os.BinderProxy@2cc2e451}
D/WifiService(  746): releaseWifiLockLocked: WifiLock{NlpWifiLock type=2 binder=android.os.BinderProxy@2cc2e451}
W/ProcessCpuTracker(  746): Skipping unknown process pid 16944
W/ProcessCpuTracker(  746): Skipping unknown process pid 16947
W/ProcessCpuTracker(  746): Skipping unknown process pid 16948
W/ProcessCpuTracker(  746): Skipping unknown process pid 16951
W/ProcessCpuTracker(  746): Skipping unknown process pid 16962
W/ProcessCpuTracker(  746): Skipping unknown process pid 16963
I/PowerManagerService(  746): Going to sleep due to screen timeout (uid 1000)...
I/PowerManagerService(  746): Sleeping (uid 1000)...
D/WifiService(  746): acquireWifiLockLocked: WifiLock{NlpWifiLock type=2 binder=android.os.BinderProxy@2047e1ee}
I/DisplayManagerService(  746): Display device changed: DisplayDeviceInfo{"  ": 1080 x 1920, 60.0 fps, supportedRefreshRates [60.0], density 480, 442.451 x 443.345 dpi, appVsyncOff 7500000, presDeadline 12666667, touch INTERNAL, rotation 0, type BUILT_IN, state OFF, FLAG_DEFAULT_DISPLAY, FLAG_ROTATES_WITH_CONTENT, FLAG_SECURE, FLAG_SUPPORTS_PROTECTED_BUFFERS}
V/ActivityManager(  746): Display changed displayId=0
I/PowerManagerService(  746): Waking up from sleep (uid 1000)...
I/DisplayPowerController(  746): Blocking screen on until initial contents have been drawn.
I/DisplayManagerService(  746): Display device changed: DisplayDeviceInfo{"  ": 1080 x 1920, 60.0 fps, supportedRefreshRates [60.0], density 480, 442.451 x 443.345 dpi, appVsyncOff 7500000, presDeadline 12666667, touch INTERNAL, rotation 0, type BUILT_IN, state ON, FLAG_DEFAULT_DISPLAY, FLAG_ROTATES_WITH_CONTENT, FLAG_SECURE, FLAG_SUPPORTS_PROTECTED_BUFFERS}
V/ActivityManager(  746): Display changed displayId=0
I/DisplayPowerController(  746): Unblocked screen on after 172 ms
W/ProcessCpuTracker(  746): Skipping unknown process pid 17096
W/ActivityManager(  746): getTasks: caller 10275 does not hold GET_TASKS; limiting output
D/WifiService(  746): releaseWifiLockLocked: WifiLock{NlpWifiLock type=2 binder=android.os.BinderProxy@2047e1ee}
D/WifiService(  746): acquireWifiLockLocked: WifiLock{NlpWifiLock type=2 binder=android.os.BinderProxy@2047e1ee}
D/WifiService(  746): releaseWifiLockLocked: WifiLock{NlpWifiLock type=2 binder=android.os.BinderProxy@2047e1ee}
D/WifiService(  746): acquireWifiLockLocked: WifiLock{NlpWifiLock type=2 binder=android.os.BinderProxy@cfb3e7d}
W/ProcessCpuTracker(  746): Skipping unknown process pid 17301
W/ProcessCpuTracker(  746): Skipping unknown process pid 17304
D/WifiService(  746): releaseWifiLockLocked: WifiLock{NlpWifiLock type=2 binder=android.os.BinderProxy@cfb3e7d}
I/ProcessStatsService(  746): Prepared write state in 81ms
I/ProcessStatsService(  746): Prepared write state in 8ms
I/libprocessgroup(  746): Killing pid 25764 in uid 10354 as part of process group 25732
D/WifiService(  746): Client connection lost with reason: 4
I/ActivityManager(  746): Process com.lgcns.mdm (pid 25732) has died
W/ActivityManager(  746): Scheduling restart of crashed service com.lgcns.mdm/com.lgcns.rnd.c2dm.core.C2DMControlService in 1000ms
W/ActivityManager(  746): Scheduling restart of crashed service com.lgcns.mdm/.service.lock.MDMLockScreenService in 11000ms
W/ActivityManager(  746): Scheduling restart of crashed service com.lgcns.mdm/.service.MDMMainService in 11000ms
I/ActivityManager(  746): Start proc com.lgcns.mdm for service com.lgcns.mdm/com.lgcns.rnd.c2dm.core.C2DMControlService: pid=17380 uid=10354 gids={50354, 9997, 3002, 3001, 3003, 1028, 1015} abi=armeabi-v7a
I/ActivityManager(  746): Start proc com.lgcns.mdm.watcher for broadcast com.lgcns.mdm.watcher/.WatcherCommunicationReceiver: pid=17431 uid=10355 gids={50355, 9997} abi=armeabi-v7a
I/ActivityManager(  746): Process gogolook.callgogolook2 (pid 25213) has died
W/ActivityManager(  746): Scheduling restart of crashed service gogolook.callgogolook2/.service.WhosCallService in 1000ms
I/ActivityManager(  746): Start proc gogolook.callgogolook2 for service gogolook.callgogolook2/.service.WhosCallService: pid=17469 uid=10117 gids={50117, 9997, 3003, 1028, 1015} abi=armeabi-v7a
I/ActivityManager(  746): Process com.whatsapp (pid 25472) has died
W/ActivityManager(  746): Scheduling restart of crashed service com.whatsapp/.messaging.MessageService in 1000ms
D/WifiService(  746): acquireWifiLockLocked: WifiLock{NlpWifiLock type=2 binder=android.os.BinderProxy@cfb3e7d}
I/ActivityManager(  746): Process com.facebook.orca (pid 23891) has died
W/ActivityManager(  746): Scheduling restart of crashed service com.facebook.orca/com.facebook.push.mqtt.service.MqttPushService in 10750ms
I/ActivityManager(  746): Start proc com.whatsapp for service com.whatsapp/.messaging.MessageService: pid=17529 uid=10191 gids={50191, 9997, 3002, 3003, 1028, 1015} abi=armeabi-v7a
W/ResourcesManager(17529): Asset path '/system/framework/com.google.android.maps.jar' does not exist or contains no resources.
D/WifiService(  746): releaseWifiLockLocked: WifiLock{NlpWifiLock type=2 binder=android.os.BinderProxy@cfb3e7d}
D/WifiService(  746): acquireWifiLockLocked: WifiLock{NlpWifiLock type=2 binder=android.os.BinderProxy@cfb3e7d}
D/WifiService(  746): releaseWifiLockLocked: WifiLock{NlpWifiLock type=2 binder=android.os.BinderProxy@cfb3e7d}
I/ActivityManager(  746): Waited long enough for: ServiceRecord{28335304 u0 com.lgcns.mdm/.service.lock.MDMLockScreenService}
I/ActivityManager(  746): Start proc com.facebook.orca for service com.facebook.orca/com.facebook.push.mqtt.service.MqttPushService: pid=17634 uid=10079 gids={50079, 9997, 3003, 1028, 1015} abi=armeabi-v7a
W/ResourcesManager(17634): Asset path '/system/framework/com.google.android.maps.jar' does not exist or contains no resources.
I/ActivityManager(  746): Process org.telegram.messenger (pid 25494) has died
W/ActivityManager(  746): Scheduling restart of crashed service org.telegram.messenger/org.telegram.android.NotificationsService in 1000ms
I/ActivityManager(  746): Start proc org.telegram.messenger for service org.telegram.messenger/org.telegram.android.NotificationsService: pid=17676 uid=10088 gids={50088, 9997, 3003, 1028, 1015} abi=armeabi-v7a
D/WifiService(  746): Client connection lost with reason: 4
W/ResourcesManager(17676): Asset path '/system/framework/com.google.android.maps.jar' does not exist or contains no resources.
I/ActivityManager(  746): Process com.google.android.gms (pid 17909) has died
I/ActivityManager(  746): START u0 {act=android.intent.action.MAIN cat=[android.intent.category.HOME] flg=0x10200000 cmp=com.google.android.googlequicksearchbox/com.google.android.launcher.GEL} from uid 1000 on display 0
V/ActivityManager(  746): Display changed displayId=0
I/ActivityManager(  746): Start proc com.google.android.keep for service com.google.android.keep/.quickeditwidget.QuickEditService: pid=17750 uid=10052 gids={50052, 9997, 3003, 1028, 1015} abi=armeabi-v7a
I/ActivityManager(  746): START u0 {flg=0x10008000 cmp=com.google.android.keep/.quickeditwidget.WidgetEditorActivity (has extras)} from uid 10052 on display 0
I/ActivityManager(  746): Start proc com.google.android.gms for service com.google.android.gms/.people.service.PeopleService: pid=17808 uid=10007 gids={50007, 9997, 2001, 3003, 1007, 3006, 3002, 3001, 1028, 1015, 1005, 3007} abi=armeabi-v7a
W/ResourcesManager(17808): Asset path '/system/framework/com.android.media.remotedisplay.jar' does not exist or contains no resources.
W/ResourcesManager(17808): Asset path '/system/framework/com.android.location.provider.jar' does not exist or contains no resources.
W/BroadcastQueue(  746): Permission Denial: broadcasting Intent { act=android.net.conn.INET_CONDITION_ACTION flg=0x4000010 (has extras) } from null (pid=-1, uid=-1) requires com.facebook.permission.prod.FB_APP_COMMUNICATION due to registered receiver BroadcastFilter{14288622 u0 ReceiverList{2e27c7ed 17634 com.facebook.orca/10079/u0 remote:6f51604}}
W/BroadcastQueue(  746): Permission Denial: broadcasting Intent { act=android.net.conn.CONNECTIVITY_CHANGE flg=0x4000010 (has extras) } from null (pid=-1, uid=-1) requires com.facebook.permission.prod.FB_APP_COMMUNICATION due to registered receiver BroadcastFilter{14288622 u0 ReceiverList{2e27c7ed 17634 com.facebook.orca/10079/u0 remote:6f51604}}
W/BroadcastQueue(  746): Permission Denial: broadcasting Intent { act=android.net.conn.CONNECTIVITY_CHANGE flg=0x4000010 (has extras) } from null (pid=-1, uid=-1) requires com.facebook.permission.prod.FB_APP_COMMUNICATION due to registered receiver BroadcastFilter{3f8cc31e u0 ReceiverList{2acb2b59 17634 com.facebook.orca/10079/u0 remote:30bb73a0}}
W/ActivityThread(17808): ClassLoader.loadClass: The class loader returned by Thread.getContextClassLoader() may fail for processes that host multiple applications. You should explicitly specify a context class loader. For example: Thread.setContextClassLoader(getClass().getClassLoader());
I/ActivityManager(  746): START u0 {act=com.google.android.keep.intent.action.WIDGET_VIEW_NOTE dat=intent: flg=0x10008000 cmp=com.google.android.keep/.homescreenwidget.WidgetIntentResolverActivity bnds=[39,446][1041,563] (has extras)} from uid 10052 on display 0
I/ActivityManager(  746): START u0 {act=android.intent.action.VIEW dat=content://com.google.android.keep/tree_entity/47 flg=0x1000c000 cmp=com.google.android.keep/.activities.BrowseActivity (has extras)} from uid 10052 on display 0
E/ActivityManager(  746): Invalid thumbnail dimensions: 576x576
W/ActivityManager(  746): Duplicate finish request for ActivityRecord{6022ac7 u0 com.google.android.keep/.homescreenwidget.WidgetIntentResolverActivity t11739 f}
I/ActivityManager(  746): START u0 {dat=content://com.google.android.keep/tree_entity/47 cmp=com.google.android.keep/.activities.EditorActivity (has extras)} from uid 10052 on display 0
D/WifiService(  746): New client listening to asynchronous messages
D/WifiService(  746): acquireWifiLockLocked: WifiLock{SyncScheduler type=1 binder=android.os.BinderProxy@341636ec}
D/TaskPersister(  746): removeObsoleteFile: deleting file=11075_task.xml
D/TaskPersister(  746): removeObsoleteFile: deleting file=11075_task_thumbnail.png
D/TaskPersister(  746): removeObsoleteFile: deleting file=11738_task_thumbnail.png
D/WifiService(  746): releaseWifiLockLocked: WifiLock{SyncScheduler type=1 binder=android.os.BinderProxy@341636ec}
I/ActivityManager(  746): START u0 {typ=text/plain cmp=com.google.android.keep/.activities.EditorActivity (has extras)} from uid 10052 on display 0
I/ActivityManager(  746): Process android.process.media (pid 16584) has died
I/ActivityManager(  746): Process com.skp.lbs.ptransit (pid 26738) has died
W/ActivityManager(  746): Scheduling restart of crashed service com.skp.lbs.ptransit/com.skt.transport.service.BusArrivalAlarmSerice in 1000ms
I/ActivityManager(  746): Process com.lgcns.mdm.watcher (pid 17431) has died
I/ActivityManager(  746): Process com.lge.p2pclients.call (pid 25794) has died
W/ActivityManager(  746): Scheduling restart of crashed service com.lge.p2p/com.lge.p2pclients.call.P2PCallService in 10790ms
I/ActivityManager(  746): Process com.qualcomm.qcrilmsgtunnel (pid 27825) has died
W/ActivityManager(  746): Scheduling restart of crashed service com.qualcomm.qcrilmsgtunnel/.QcrilMsgTunnelService in 20739ms
I/ActivityManager(  746): Start proc com.skp.lbs.ptransit for service com.skp.lbs.ptransit/com.skt.transport.service.BusArrivalAlarmSerice: pid=18192 uid=10169 gids={50169, 9997, 3003, 1028, 1015, 3002} abi=armeabi
D/WifiService(  746): acquireWifiLockLocked: WifiLock{NlpWifiLock type=2 binder=android.os.BinderProxy@36e582ae}
D/WifiService(  746): releaseWifiLockLocked: WifiLock{NlpWifiLock type=2 binder=android.os.BinderProxy@36e582ae}
D/WifiService(  746): Client connection lost with reason: 4
I/ActivityManager(  746): Process com.google.android.googlequicksearchbox:search (pid 12773) has died
I/ActivityManager(  746): Start proc com.lge.p2pclients.call for service com.lge.p2p/com.lge.p2pclients.call.P2PCallService: pid=18281 uid=10122 gids={50122, 9997, 3003, 3001, 3002, 1028, 1015} abi=armeabi
I/ActivityManager(  746): Start proc com.lge.p2p for content provider com.lge.p2p/.properties.PropertiesProvider: pid=18312 uid=10122 gids={50122, 9997, 3003, 3001, 3002, 1028, 1015} abi=armeabi
I/ActivityManager(  746): Process com.wsl.noom (pid 16449) has died
I/ActivityManager(  746): Start proc com.google.android.googlequicksearchbox:search for broadcast com.google.android.googlequicksearchbox/com.google.android.velvet.location.ActivityDetectionReceiver: pid=18349 uid=10019 gids={50019, 9997, 3003, 3001, 1028, 3002, 1015, 1005} abi=armeabi-v7a
I/ActivityManager(  746): Start proc com.google.android.partnersetup for content provider com.google.android.partnersetup/.RlzAppProvider: pid=18372 uid=10011 gids={50011, 9997, 3003} abi=armeabi-v7a
D/WifiService(  746): New client listening to asynchronous messages
I/ActivityManager(  746): Process com.android.vending (pid 16503) has died
W/InputMethodInfo(  746): Duplicated subtype definition found: , voice
W/InputMethodManagerService(  746): Skipping input method ComponentInfo{appplus.mobi.lockdownpro/appplus.mobi.applock.service.AppLockPlusService}: it does not require the permission android.permission.BIND_INPUT_METHOD
D/WifiService(  746): acquireWifiLockLocked: WifiLock{NlpWifiLock type=2 binder=android.os.BinderProxy@2e0bcc7d}
I/ActivityManager(  746): Start proc com.qualcomm.qcrilmsgtunnel for service com.qualcomm.qcrilmsgtunnel/.QcrilMsgTunnelService: pid=18426 uid=1001 gids={41001, 9997, 3003, 2001, 1028, 1015, 3002, 3001} abi=armeabi-v7a
I/ActivityManager(  746): Process android.process.acore (pid 16012) has died
D/WifiService(  746): releaseWifiLockLocked: WifiLock{NlpWifiLock type=2 binder=android.os.BinderProxy@2e0bcc7d}
I/ActivityManager(  746): Start proc android.process.acore for content provider com.android.providers.contacts/.ContactsProvider2: pid=18446 uid=10003 gids={50003, 9997} abi=armeabi-v7a
I/ActivityManager(  746): Process com.lge.p2p (pid 18312) has died
V/DeadZone(  968): consuming errant click: (313.0,2.0)
I/ActivityManager(  746): Process com.microsoft.skydrive (pid 22261) has died
W/ActivityManager(  746): Scheduling restart of crashed service com.microsoft.skydrive/.upload.AutoUploadService in 1000ms
W/ActivityManager(  746): Scheduling restart of crashed service com.microsoft.skydrive/.upload.ManualUploadService in 11000ms
W/ActivityManager(  746): Scheduling restart of crashed service com.microsoft.skydrive/.upload.ModalUploadService in 21000ms
W/ActivityManager(  746): Scheduling restart of crashed service com.microsoft.skydrive/.upload.CopyService in 31000ms
W/ActivityManager(  746): Scheduling restart of crashed service com.microsoft.skydrive/.updateuserinfo.UpdateUserInfoService in 41000ms
I/ActivityManager(  746): Start proc com.microsoft.skydrive for service com.microsoft.skydrive/.upload.AutoUploadService: pid=18545 uid=10146 gids={50146, 9997, 3003, 1028, 1015} abi=armeabi-v7a
I/ActivityManager(  746): Start proc com.wsl.noom for broadcast com.wsl.noom/com.wsl.activitymonitor.PeriodicAlarmReceiver: pid=18597 uid=10152 gids={50152, 9997, 3003, 3001, 3002, 1028, 1015} abi=armeabi-v7a
W/ResourcesManager(18597): Asset path '/system/framework/com.google.android.maps.jar' does not exist or contains no resources.
W/ActivityThread(18597): ClassLoader.loadClass: The class loader returned by Thread.getContextClassLoader() may fail for processes that host multiple applications. You should explicitly specify a context class loader. For example: Thread.setContextClassLoader(getClass().getClassLoader());
I/ActivityManager(  746): Start proc com.android.vending for service com.android.vending/com.google.android.finsky.billing.iab.InAppBillingService: pid=18635 uid=10014 gids={50014, 9997, 3003, 1028, 1015} abi=armeabi-v7a
I/ActivityManager(  746): Process com.google.android.partnersetup (pid 18372) has died
I/ActivityManager(  746): Start proc com.google.android.gms:car for service com.google.android.gms/.car.CarService: pid=18677 uid=10007 gids={50007, 9997, 2001, 3003, 1007, 3006, 3002, 3001, 1028, 1015, 1005, 3007} abi=armeabi-v7a
W/ResourcesManager(18677): Asset path '/system/framework/com.android.media.remotedisplay.jar' does not exist or contains no resources.
W/ResourcesManager(18677): Asset path '/system/framework/com.android.location.provider.jar' does not exist or contains no resources.
D/WifiService(  746): Client connection lost with reason: 4
I/ActivityManager(  746): Process com.google.android.googlequicksearchbox:search (pid 18349) has died
I/ActivityManager(  746): Start proc android.process.media for content provider com.android.providers.downloads/.DownloadProvider: pid=18706 uid=10005 gids={50005, 9997, 2001, 3003, 1028, 1015, 3007, 1023, 1024} abi=armeabi-v7a
I/ActivityManager(  746): Process android.process.acore (pid 18446) has died
D/WifiService(  746): acquireWifiLockLocked: WifiLock{SyncScheduler type=1 binder=android.os.BinderProxy@367a08c1}
D/WifiService(  746): releaseWifiLockLocked: WifiLock{SyncScheduler type=1 binder=android.os.BinderProxy@367a08c1}
I/ActivityManager(  746): Start proc android.process.acore for broadcast com.android.providers.contacts/.PackageIntentReceiver: pid=18779 uid=10003 gids={50003, 9997} abi=armeabi-v7a
I/ActivityManager(  746): Process com.google.android.gms:car (pid 18677) has died
W/ResourcesManager( 1328): Asset path '/system/framework/com.google.android.media.effects.jar' does not exist or contains no resources.
I/ActivityManager(  746): Start proc com.google.android.apps.plus for broadcast com.google.android.apps.plus/.service.PackagesMediaMonitor: pid=18806 uid=10063 gids={50063, 9997, 3003, 3002, 1028, 1015} abi=armeabi-v7a
I/ActivityManager(  746): Process android.process.media (pid 18706) has died
W/ResourcesManager(18806): Asset path '/system/framework/com.google.android.maps.jar' does not exist or contains no resources.
I/ActivityManager(  746): Start proc android.process.media for content provider com.android.providers.media/.MediaProvider: pid=18846 uid=10005 gids={50005, 9997, 2001, 3003, 1028, 1015, 3007, 1023, 1024} abi=armeabi-v7a
I/ActivityManager(  746): Start proc com.google.android.googlequicksearchbox:search for broadcast com.google.android.googlequicksearchbox/com.google.android.search.core.icingsync.IcingCorporaChangedReceiver: pid=18868 uid=10019 gids={50019, 9997, 3003, 3001, 1028, 3002, 1015, 1005} abi=armeabi-v7a
I/ActivityManager(  746): Process com.wsl.noom (pid 18597) has died
I/ActivityManager(  746): Process com.android.vending (pid 18635) has died
I/ActivityManager(  746): Start proc com.google.android.partnersetup for content provider com.google.android.partnersetup/.RlzAppProvider: pid=18908 uid=10011 gids={50011, 9997, 3003} abi=armeabi-v7a
I/ActivityManager(  746): Process android.process.media (pid 18846) has died
D/BackupManagerService(  746): Received broadcast Intent { act=android.intent.action.PACKAGE_CHANGED dat=package:com.microsoft.skydrive flg=0x4000010 (has extras) }
I/ActivityManager(  746): Process com.google.android.apps.plus (pid 18806) has died
W/ResourcesManager( 1356): Asset path '/system/framework/com.google.android.media.effects.jar' does not exist or contains no resources.
W/ResourcesManager( 1356): Asset path '/system/framework/com.google.android.maps.jar' does not exist or contains no resources.
W/ResourcesManager( 1356): Asset path '/system/framework/com.google.android.maps.jar' does not exist or contains no resources.
W/ResourcesManager( 1356): Asset path '/system/framework/com.google.android.maps.jar' does not exist or contains no resources.
W/ResourcesManager( 1356): Asset path '/system/framework/com.google.android.maps.jar' does not exist or contains no resources.
W/ResourcesManager( 1356): Asset path '/system/framework/com.google.android.maps.jar' does not exist or contains no resources.
I/ActivityManager(  746): Waited long enough for: ServiceRecord{218d4d5d u0 com.microsoft.skydrive/.updateuserinfo.UpdateUserInfoService}
D/WifiService(  746): acquireWifiLockLocked: WifiLock{SyncScheduler type=1 binder=android.os.BinderProxy@1f8a0ef4}
D/WifiService(  746): releaseWifiLockLocked: WifiLock{SyncScheduler type=1 binder=android.os.BinderProxy@1f8a0ef4}
D/WifiService(  746): acquireWifiLockLocked: WifiLock{NlpWifiLock type=2 binder=android.os.BinderProxy@39094366}
D/WifiService(  746): releaseWifiLockLocked: WifiLock{NlpWifiLock type=2 binder=android.os.BinderProxy@39094366}
W/DropBoxManagerService(  746): Dropping: event_data (39 > 0 bytes)
W/WindowManager(  746): Drag is in progress but there is no drag window handle.
W/WindowManager(  746): Drag is in progress but there is no drag window handle.
D/WifiService(  746): acquireWifiLockLocked: WifiLock{NlpWifiLock type=2 binder=android.os.BinderProxy@31a63320}
D/WifiService(  746): New client listening to asynchronous messages
W/InputMethodInfo(  746): Duplicated subtype definition found: , voice
W/InputMethodManagerService(  746): Skipping input method ComponentInfo{appplus.mobi.lockdownpro/appplus.mobi.applock.service.AppLockPlusService}: it does not require the permission android.permission.BIND_INPUT_METHOD
I/ActivityManager(  746): Start proc com.wsl.noom for broadcast com.wsl.noom/com.wsl.activitymonitor.PeriodicAlarmReceiver: pid=19191 uid=10152 gids={50152, 9997, 3003, 3001, 3002, 1028, 1015} abi=armeabi-v7a
W/ResourcesManager(19191): Asset path '/system/framework/com.google.android.maps.jar' does not exist or contains no resources.
I/ActivityManager(  746): Start proc com.android.vending for service com.android.vending/com.google.android.finsky.billing.iab.InAppBillingService: pid=19225 uid=10014 gids={50014, 9997, 3003, 1028, 1015} abi=armeabi-v7a
I/ActivityManager(  746): Start proc com.google.android.gms:car for service com.google.android.gms/.car.CarService: pid=19267 uid=10007 gids={50007, 9997, 2001, 3003, 1007, 3006, 3002, 3001, 1028, 1015, 1005, 3007} abi=armeabi-v7a
W/ResourcesManager(19267): Asset path '/system/framework/com.android.media.remotedisplay.jar' does not exist or contains no resources.
W/ResourcesManager(19267): Asset path '/system/framework/com.android.location.provider.jar' does not exist or contains no resources.
I/ActivityManager(  746): Start proc android.process.media for content provider com.android.providers.downloads/.DownloadProvider: pid=19291 uid=10005 gids={50005, 9997, 2001, 3003, 1028, 1015, 3007, 1023, 1024} abi=armeabi-v7a
W/WindowManager(  746): Drag is in progress but there is no drag window handle.
I/ActivityManager(  746): Process com.google.android.partnersetup (pid 18908) has died
D/WifiService(  746): releaseWifiLockLocked: WifiLock{NlpWifiLock type=2 binder=android.os.BinderProxy@31a63320}
W/WindowManager(  746): Drag is in progress but there is no drag window handle.
I/ActivityManager(  746): Process com.google.android.gms:car (pid 19267) has died
W/WindowManager(  746): Drag is in progress but there is no drag window handle.
D/WifiService(  746): acquireWifiLockLocked: WifiLock{SyncScheduler type=1 binder=android.os.BinderProxy@a11540d}
