I/YgPaymentAdapterGoogleBilling(21258): Query Sku Details : 004, 1,000, 004,  ( ),  , inapp, {"productId":"004","type":"inapp","price":"1,000","price_amount_micros":1000000000,"price_currency_code":"KRW","title":" ( )","description":" "},0
I/YgPaymentAdapterGoogleBilling(21258): Query Sku Details : 002, 1,000, 002,   ( ),   , inapp, {"productId":"002","type":"inapp","price":"1,000","price_amount_micros":1000000000,"price_currency_code":"KRW","title":"  ( )","description":"  "},0
I/YgPaymentAdapterGoogleBilling(21258): Query Sku Details : 051, 1,000, 051,   ( ),   , inapp, {"productId":"051","type":"inapp","price":"1,000","price_amount_micros":1000000000,"price_currency_code":"KRW","title":"  ( )","description":"  "},0
I/YgPaymentAdapterGoogleBilling(21258): Query Sku Details : 022, 1,000, 022,  ( ),  , inapp, {"productId":"022","type":"inapp","price":"1,000","price_amount_micros":1000000000,"price_currency_code":"KRW","title":" ( )","description":" "},0
I/YgPaymentAdapterGoogleBilling(21258): Query Sku Details : 031, 1,000, 031,   ( ),   , inapp, {"productId":"031","type":"inapp","price":"1,000","price_amount_micros":1000000000,"price_currency_code":"KRW","title":"  ( )","description":"  "},0
I/YgPaymentAdapterGoogleBilling(21258): Query Sku Details : 028, 1,000, 028,   ( ),   , inapp, {"productId":"028","type":"inapp","price":"1,000","price_amount_micros":1000000000,"price_currency_code":"KRW","title":"  ( )","description":"  "},0
I/YgPaymentAdapterGoogleBilling(21258): Query Sku Details : 046, 1,000, 046, Forget-Me-Not ( ), Forget-Me-Not , inapp, {"productId":"046","type":"inapp","price":"1,000","price_amount_micros":1000000000,"price_currency_code":"KRW","title":"Forget-Me-Not ( )","description":"Forget-Me-Not "},0
I/YgPaymentAdapterGoogleBilling(21258): Query Sku Details : 001, 1,000, 001,   ( ),   , inapp, {"productId":"001","type":"inapp","price":"1,000","price_amount_micros":1000000000,"price_currency_code":"KRW","title":"  ( )","description":"  "},0
I/YgPaymentAdapterGoogleBilling(21258): Query Sku Details : 018, 1,000, 018,   ( ),   , inapp, {"productId":"018","type":"inapp","price":"1,000","price_amount_micros":1000000000,"price_currency_code":"KRW","title":"  ( )","description":"  "},0
I/YgPaymentAdapterGoogleBilling(21258): Query Sku Details : 063, 1,000, 063,   ( ),   , inapp, {"productId":"063","type":"inapp","price":"1,000","price_amount_micros":1000000000,"price_currency_code":"KRW","title":"  ( )","description":"  "},0
I/YgPaymentAdapterGoogleBilling(21258): Query Sku Details : 008, 1,000, 008,  ( ),  , inapp, {"productId":"008","type":"inapp","price":"1,000","price_amount_micros":1000000000,"price_currency_code":"KRW","title":" ( )","description":" "},0
I/YgPaymentAdapterGoogleBilling(21258): Query Sku Details : 003, 1,000, 003,   ( ),   , inapp, {"productId":"003","type":"inapp","price":"1,000","price_amount_micros":1000000000,"price_currency_code":"KRW","title":"  ( )","description":"  "},0
I/YgPaymentAdapterGoogleBilling(21258): Query Sku Details : 064, 1,000, 064, Disco Zoo ( ), Disco Zoo , inapp, {"productId":"064","type":"inapp","price":"1,000","price_amount_micros":1000000000,"price_currency_code":"KRW","title":"Disco Zoo ( )","description":"Disco Zoo "},0
I/YgPaymentAdapterGoogleBilling(21258): Query Sku Details : 062, 1,000, 062,  ( ),  , inapp, {"productId":"062","type":"inapp","price":"1,000","price_amount_micros":1000000000,"price_currency_code":"KRW","title":" ( )","description":" "},0
I/YgPaymentAdapterGoogleBilling(21258): Query Sku Details : 021, 1,000, 021,   ( ),   , inapp, {"productId":"021","type":"inapp","price":"1,000","price_amount_micros":1000000000,"price_currency_code":"KRW","title":"  ( )","description":"  "},0
I/YgPaymentAdapterGoogleBilling(21258): Query Sku Details : 012, 1,000, 012,   ( ),   , inapp, {"productId":"012","type":"inapp","price":"1,000","price_amount_micros":1000000000,"price_currency_code":"KRW","title":"  ( )","description":"  "},0
I/YgPaymentAdapterGoogleBilling(21258): Query Sku Details : 034, 1,000, 034,  ( ),  , inapp, {"productId":"034","type":"inapp","price":"1,000","price_amount_micros":1000000000,"price_currency_code":"KRW","title":" ( )","description":" "},0
I/YgPaymentAdapterGoogleBilling(21258): Query Sku Details : 047, 1,000, 047, EPOCH ( ), EPOCH , inapp, {"productId":"047","type":"inapp","price":"1,000","price_amount_micros":1000000000,"price_currency_code":"KRW","title":"EPOCH ( )","description":"EPOCH "},0
I/YgPaymentAdapterGoogleBilling(21258): Query Sku Details : 019, 1,000, 019,  ( ),  , inapp, {"productId":"019","type":"inapp","price":"1,000","price_amount_micros":1000000000,"price_currency_code":"KRW","title":" ( )","description":" "},0
I/YgPaymentAdapterGoogleBilling(21258): Query Sku Details : 061, 1,000, 061,  ( ),  , inapp, {"productId":"061","type":"inapp","price":"1,000","price_amount_micros":1000000000,"price_currency_code":"KRW","title":" ( )","description":" "},0
I/YgPaymentAdapterGoogleBilling(21258): Query Sku Details : 052, 1,000, 052,   ( ),   , inapp, {"productId":"052","type":"inapp","price":"1,000","price_amount_micros":1000000000,"price_currency_code":"KRW","title":"  ( )","description":"  "},0
I/YgPaymentAdapterGoogleBilling(21258): Query Sku Details : 010, 1,000, 010,   ( ),   , inapp, {"productId":"010","type":"inapp","price":"1,000","price_amount_micros":1000000000,"price_currency_code":"KRW","title":"  ( )","description":"  "},0
I/YgPaymentAdapterGoogleBilling(21258): Query Sku Details : 041, 1,000, 041,  ( ),  , inapp, {"productId":"041","type":"inapp","price":"1,000","price_amount_micros":1000000000,"price_currency_code":"KRW","title":" ( )","description":" "},0
I/YgPaymentAdapterGoogleBilling(21258): Query Sku Details : 005, 1,000, 005,  ( ),  , inapp, {"productId":"005","type":"inapp","price":"1,000","price_amount_micros":1000000000,"price_currency_code":"KRW","title":" ( )","description":" "},0
I/YgPaymentAdapterGoogleBilling(21258): Query Sku Details : 016, 1,000, 016,  ( ),  , inapp, {"productId":"016","type":"inapp","price":"1,000","price_amount_micros":1000000000,"price_currency_code":"KRW","title":" ( )","description":" "},0
I/YgPaymentAdapterGoogleBilling(21258): Query Sku Details : 043, 1,000, 043,   ( ),   , inapp, {"productId":"043","type":"inapp","price":"1,000","price_amount_micros":1000000000,"price_currency_code":"KRW","title":"  ( )","description":"  "},0
I/YgPaymentAdapterGoogleBilling(21258): Query Sku Details : 066, 1,000, 066,  ( ),  , inapp, {"productId":"066","type":"inapp","price":"1,000","price_amount_micros":1000000000,"price_currency_code":"KRW","title":" ( )","description":" "},0
I/YgPaymentAdapterGoogleBilling(21258): Query Sku Details : 026, 1,000, 026,   ( ),   , inapp, {"productId":"026","type":"inapp","price":"1,000","price_amount_micros":1000000000,"price_currency_code":"KRW","title":"  ( )","description":"  "},0
I/YgPaymentAdapterGoogleBilling(21258): Query Sku Details : 015, 1,000, 015,  ( ),  , inapp, {"productId":"015","type":"inapp","price":"1,000","price_amount_micros":1000000000,"price_currency_code":"KRW","title":" ( )","description":" "},0
I/YgPaymentAdapterGoogleBilling(21258): Query Sku Details : 013, 1,000, 013,  ( ),  , inapp, {"productId":"013","type":"inapp","price":"1,000","price_amount_micros":1000000000,"price_currency_code":"KRW","title":" ( )","description":" "},0
I/YgPaymentAdapterGoogleBilling(21258): Query Sku Details : 056, 1,000, 056,  ( ),  , inapp, {"productId":"056","type":"inapp","price":"1,000","price_amount_micros":1000000000,"price_currency_code":"KRW","title":" ( )","description":" "},0
I/YgPaymentAdapterGoogleBilling(21258): Query Sku Details : 044, 1,000, 044,   ( ),   , inapp, {"productId":"044","type":"inapp","price":"1,000","price_amount_micros":1000000000,"price_currency_code":"KRW","title":"  ( )","description":"  "},0
I/YgPaymentAdapterGoogleBilling(21258): Query Sku Details : 035, 1,000, 035,   ( ),   , inapp, {"productId":"035","type":"inapp","price":"1,000","price_amount_micros":1000000000,"price_currency_code":"KRW","title":"  ( )","description":"  "},0
I/YgPaymentAdapterGoogleBilling(21258): Query Sku Details : 038, 1,000, 038,   ( ),   , inapp, {"productId":"038","type":"inapp","price":"1,000","price_amount_micros":1000000000,"price_currency_code":"KRW","title":"  ( )","description":"  "},0
I/YgPaymentAdapterGoogleBilling(21258): Query Sku Details : 033, 1,000, 033,   ( ),   , inapp, {"productId":"033","type":"inapp","price":"1,000","price_amount_micros":1000000000,"price_currency_code":"KRW","title":"  ( )","description":"  "},0
I/YgPaymentAdapterGoogleBilling(21258): Query Sku Details : 025, 1,000, 025,  ( ),  , inapp, {"productId":"025","type":"inapp","price":"1,000","price_amount_micros":1000000000,"price_currency_code":"KRW","title":" ( )","description":" "},0
I/YgPaymentAdapterGoogleBilling(21258): Query Sku Details : 045, 1,000, 045,  115 ( ),  115 , inapp, {"productId":"045","type":"inapp","price":"1,000","price_amount_micros":1000000000,"price_currency_code":"KRW","title":" 115 ( )","description":" 115 "},0
I/YgPaymentAdapterGoogleBilling(21258): Query Sku Details : 040, 1,000, 040,   ( ),   , inapp, {"productId":"040","type":"inapp","price":"1,000","price_amount_micros":1000000000,"price_currency_code":"KRW","title":"  ( )","description":"  "},0
I/YgPaymentAdapterGoogleBilling(21258): Query Sku Details : 036, 1,000, 036,  ( ),  , inapp, {"productId":"036","type":"inapp","price":"1,000","price_amount_micros":1000000000,"price_currency_code":"KRW","title":" ( )","description":" "},0
I/YgPaymentAdapterGoogleBilling(21258): Query Sku Details : 011, 1,000, 011,  ( ),  , inapp, {"productId":"011","type":"inapp","price":"1,000","price_amount_micros":1000000000,"price_currency_code":"KRW","title":" ( )","description":" "},0
I/YgPaymentAdapterGoogleBilling(21258): Query Sku Details : 029, 1,000, 029,   ( ),   , inapp, {"productId":"029","type":"inapp","price":"1,000","price_amount_micros":1000000000,"price_currency_code":"KRW","title":"  ( )","description":"  "},0
I/YgPaymentAdapterGoogleBilling(21258): Query Sku Details : 009, 1,000, 009,   ( ),   , inapp, {"productId":"009","type":"inapp","price":"1,000","price_amount_micros":1000000000,"price_currency_code":"KRW","title":"  ( )","description":"  "},0
I/YgPaymentAdapterGoogleBilling(21258): Query Sku Details : 800, 3,980, 800,  ( ),  , inapp, {"productId":"800","type":"inapp","price":"3,980","price_amount_micros":3980000000,"price_currency_code":"KRW","title":" ( )","description":" "},0
I/YgPaymentAdapterGoogleBilling(21258): Query Sku Details : 042, 1,000, 042,   ( ),   , inapp, {"productId":"042","type":"inapp","price":"1,000","price_amount_micros":1000000000,"price_currency_code":"KRW","title":"  ( )","description":"  "},0
I/YgPaymentAdapterGoogleBilling(21258): Query Sku Details : 060, 1,000, 060,  ( ),  , inapp, {"productId":"060","type":"inapp","price":"1,000","price_amount_micros":1000000000,"price_currency_code":"KRW","title":" ( )","description":" "},0
I/YgPaymentAdapterGoogleBilling(21258): Query Sku Details : 059, 1,000, 059,  ( ),  , inapp, {"productId":"059","type":"inapp","price":"1,000","price_amount_micros":1000000000,"price_currency_code":"KRW","title":" ( )","description":" "},0
I/YgPaymentAdapterGoogleBilling(21258): Query Sku Details : 017, 1,000, 017,   ( ),   , inapp, {"productId":"017","type":"inapp","price":"1,000","price_amount_micros":1000000000,"price_currency_code":"KRW","title":"  ( )","description":"  "},0
I/YgPaymentAdapterGoogleBilling(21258): Query Sku Details : 023, 1,000, 023,  ( ),  , inapp, {"productId":"023","type":"inapp","price":"1,000","price_amount_micros":1000000000,"price_currency_code":"KRW","title":" ( )","description":" "},0
I/YgPaymentAdapterGoogleBilling(21258): Query Sku Details : 065, 1,000, 065,  ( ),  , inapp, {"productId":"065","type":"inapp","price":"1,000","price_amount_micros":1000000000,"price_currency_code":"KRW","title":" ( )","description":" "},0
I/YgPaymentAdapterGoogleBilling(21258): Query Sku Details : 049, 1,000, 049,  ( ),  , inapp, {"productId":"049","type":"inapp","price":"1,000","price_amount_micros":1000000000,"price_currency_code":"KRW","title":" ( )","description":" "},0
I/YgPaymentAdapterGoogleBilling(21258): Query Sku Details : 030, 1,000, 030,   ( ),   , inapp, {"productId":"030","type":"inapp","price":"1,000","price_amount_micros":1000000000,"price_currency_code":"KRW","title":"  ( )","description":"  "},0
I/YgPaymentAdapterGoogleBilling(21258): Query Sku Details : 057, 1,000, 057,  ( ),  , inapp, {"productId":"057","type":"inapp","price":"1,000","price_amount_micros":1000000000,"price_currency_code":"KRW","title":" ( )","description":" "},0
D/Yodo1SdkManager(21258): productRequestCallback : productsData=[{"producrtId":"058","marketId":"058","priceDisplay":"1,000","price":1000,"currency":"KRW","title":" ( )","description":" ","amount":0}, {"producrtId":"027","marketId":"027","priceDisplay":"1,000","price":1000,"currency":"KRW","title":"  ( )","description":"  ","amount":0}, {"producrtId":"006","marketId":"006","priceDisplay":"1,000","price":1000,"currency":"KRW","title":" ( )","description":" ","amount":0}, {"producrtId":"048","marketId":"048","priceDisplay":"1,000","price":1000,"currency":"KRW","title":"  ( )","description":"  ","amount":0}, {"producrtId":"024","marketId":"024","priceDisplay":"1,000","price":1000,"currency":"KRW","title":" ( )","description":" ","amount":0}, {"producrtId":"039","marketId":"039","priceDisplay":"1,000","price":1000,"currency":"KRW","title":"  ( )","description":"  ","amount":0}, {"producrtId":"037","marketId":"037","priceDisplay":"1,000","price":1000,"currency":"KRW","title":" ( )","description":" ","amount":0}, {"producrtId":"032","marketId":"032","priceDisplay":"1,000","price":1000,"currency":"KRW","title":"  ( )","description":"  ","amount":0}, {"producrtId":"020","marketId":"020","priceDisplay":"1,000","price":1000,"currency":"KRW","title":" ( )","description":" ","amount":0}, {"producrtId":"014","marketId":"014","priceDisplay":"1,000","price":1000,"currency":"KRW","title":" ( )","description":" ","amount":0}, {"producrtId":"007","marketId":"007","priceDisplay":"1,000","price":1000,"currency":"KRW","title":" ( )","description":" ","amount":0}, {"producrtId":"050","marketId":"050","priceDisplay":"1,000","price":1000,"currency":"KRW","title":" ( )","description":" ","amount":0}, {"producrtId":"004","marketId":"004","priceDisplay":"1,000","price":1000,"currency":"KRW","title":" ( )","description":" ","amount":0}, {"producrtId":"002","marketId":"002","priceDisplay":"1,000","price":1000,"currency":"KRW","title":"  ( )","description":"  ","amount":0}, {"producrtId":"051","marketId":"051","priceDisplay":"1,000","price":1000,"currency":"KRW","title":"  ( )","description":"  ","amount":0}, {"producrtId":"022","marketId":"022","priceDisplay":"1,000","price":1000,"currency":"KRW","title":" ( )","description":" ","amount":0}, {"producrtId":"031","marketId":"031","priceDisplay":"1,000","price":1000,"currency":"KRW","title":"  ( )","description":"  ","amount":0}, {"producrtId":"028","marketId":"028","priceDisplay":"1,000","price":1000,"currency":"KRW","title":"  ( )","description":"  ","amount":0}, {"producrtId":"046","marketId":"046","priceDisplay":"1,000","price":1000,"currency":"KRW","title":"Forget-Me-Not ( )","description":"Forget-Me-Not ","amount":0}, {"producrtId":"001","marketId":"001","priceDisplay":"1,000","price":1000,"currency":"KRW","title":"  ( )","description":"  ","amount":0}, {"producrtId":"018","marketId":"018","priceDisplay":"1,000","price":1000,"currency":"KRW","title":"  ( )","description":"  ","amount":0}, {"producrtId":"063","marketId":"063","priceDisplay":"1,000","price":1000,
D/Yodo1SdkManager(21258): productRequestCallback : productsStr=058:1,000:1000.0;027:1,000:1000.0;006:1,000:1000.0;048:1,000:1000.0;024:1,000:1000.0;039:1,000:1000.0;037:1,000:1000.0;032:1,000:1000.0;020:1,000:1000.0;014:1,000:1000.0;007:1,000:1000.0;050:1,000:1000.0;004:1,000:1000.0;002:1,000:1000.0;051:1,000:1000.0;022:1,000:1000.0;031:1,000:1000.0;028:1,000:1000.0;046:1,000:1000.0;001:1,000:1000.0;018:1,000:1000.0;063:1,000:1000.0;008:1,000:1000.0;003:1,000:1000.0;064:1,000:1000.0;062:1,000:1000.0;021:1,000:1000.0;012:1,000:1000.0;034:1,000:1000.0;047:1,000:1000.0;019:1,000:1000.0;061:1,000:1000.0;052:1,000:1000.0;010:1,000:1000.0;041:1,000:1000.0;005:1,000:1000.0;016:1,000:1000.0;043:1,000:1000.0;066:1,000:1000.0;026:1,000:1000.0;015:1,000:1000.0;013:1,000:1000.0;056:1,000:1000.0;044:1,000:1000.0;035:1,000:1000.0;038:1,000:1000.0;033:1,000:1000.0;025:1,000:1000.0;045:1,000:1000.0;040:1,000:1000.0;036:1,000:1000.0;011:1,000:1000.0;029:1,000:1000.0;009:1,000:1000.0;800:3,980:3980.0;042:1,000:1000.0;060:1,000:1000.0;059:1,000:1000.0;017:1,000:1000.0;023:1,000:1000.0;065:1,000:1000.0;049:1,000:1000.0;030:1,000:1000.0;057:1,000:1000.0
I/[SP] SPWebClient(21258): shouldOverrideUrlLoading called with url: http://video.fyber.com/?ad_format=video&screen_density_y=443&screen_density_category=undefined&rewarded=1&screen_density_x=442&google_ad_id=61bf4bd1-1951-4988-b9f9-e0439c36a9f7&carrier_country=kr&appid=26553&google_ad_id_limited_tracking_enabled=false&phone_version=LGE_Nexus%205&carrier_name=olleh&sdk_features=MPI&placement_id=&screen_height=1776&platform=android&network_connection_type=wifi&app_version=1.0.3&app_bundle_name=com.yodo1.crossyroad&client=sdk&sdk_version=7.0.3&uid=ea46db94ce85d052da735419b362cd123b775c7a&screen_width=1080&manufacturer=LGE&language=ko_KR&os_version=Android%20OS%205.0.1&sdk=on&user_data=null&client=sdk
I/[SP] SPWebClient(21258): Not overriding
I/Unity   (21258): road
I/Unity   (21258):  
I/Unity   (21258): (Filename: ./artifacts/AndroidManagedGenerated/UnityEngineDebug.cpp Line: 49)
I/Unity   (21258): 
I/Unity   (21258): grass
I/Unity   (21258):  
I/Unity   (21258): (Filename: ./artifacts/AndroidManagedGenerated/UnityEngineDebug.cpp Line: 49)
I/Unity   (21258): 
I/Unity   (21258): road
I/Unity   (21258):  
I/Unity   (21258): (Filename: ./artifacts/AndroidManagedGenerated/UnityEngineDebug.cpp Line: 49)
I/Unity   (21258): 
I/[SP] SPWebClient(21258): shouldOverrideUrlLoading called with url: sponsorpay://validate?tpn=adcolony&id=241687
D/[SP] SPBrandEngageClient(21258): MBE client asks to validate a third party network: adcolony
I/AdColony(21258): Ad is not ready, as there are currently no ads to play in zone vz02bdc193bf1a4cb1ac.
D/[SP] SPBrandEngageClient(21258): Notifying - javascript:Sponsorpay.MBE.SDKInterface.notify('validate', {tpn:'AdColony', id:241687, result:'no_video'})
I/[SP] SPWebClient(21258): shouldOverrideUrlLoading called with url: sponsorpay://validate?tpn=applifier&id=165148
D/[SP] SPBrandEngageClient(21258): MBE client asks to validate a third party network: applifier
D/[SP] SPBrandEngageClient(21258): Notifying - javascript:Sponsorpay.MBE.SDKInterface.notify('validate', {tpn:'Applifier', id:165148, result:'success'})
I/Unity   (21258): grass
I/Unity   (21258):  
I/Unity   (21258): (Filename: ./artifacts/AndroidManagedGenerated/UnityEngineDebug.cpp Line: 49)
I/Unity   (21258): 
I/[SP] SPWebClient(21258): shouldOverrideUrlLoading called with url: sponsorpay://requestOffers?n=3
D/[SP] SPBrandEngageClient(21258): SPBrandEngageClient mStatus -> READY_TO_SHOW_OFFERS
D/Yodo1SdkManager(21258): SPBrandEngage - intent available
I/Unity   (21258): checkFyberCanPlayAdCallBack:
I/Unity   (21258):  
I/Unity   (21258): (Filename: ./artifacts/AndroidManagedGenerated/UnityEngineDebug.cpp Line: 49)
I/Unity   (21258): 
I/Unity   (21258): grass
I/Unity   (21258):  
I/Unity   (21258): (Filename: ./artifacts/AndroidManagedGenerated/UnityEngineDebug.cpp Line: 49)
I/Unity   (21258): 
I/ActivityManager(  746): Start proc com.google.android.googlequicksearchbox:search for broadcast com.google.android.googlequicksearchbox/com.google.android.velvet.location.ActivityDetectionReceiver: pid=21703 uid=10019 gids={50019, 9997, 3003, 3001, 1028, 3002, 1015, 1005} abi=armeabi-v7a
I/ActivityManager(  746): Start proc com.google.android.partnersetup for content provider com.google.android.partnersetup/.RlzAppProvider: pid=21726 uid=10011 gids={50011, 9997, 3003} abi=armeabi-v7a
D/WifiService(  746): New client listening to asynchronous messages
D/WifiService(  746): acquireWifiLockLocked: WifiLock{NlpWifiLock type=2 binder=android.os.BinderProxy@3ddd5dc9}
E/WifiStateMachine(  746): WifiStateMachine CMD_START_SCAN source 10007 txSuccessRate=134.47 rxSuccessRate=186.98 targetRoamBSSID=any RSSI=-32
W/GAV2    (21703): Thread[main,5,main]: Need to call initialize() and be in fallback mode to start dispatch.
I/wpa_supplicant(  923): wlan0: CTRL-EVENT-SCAN-STARTED 
W/HandlerScheduledExecuto(21703): Task does not implement UiTask. Consider using NamedUiRunnable for gce@2eb54959
W/InputMethodInfo(  746): Duplicated subtype definition found: , voice
W/InputMethodManagerService(  746): Skipping input method ComponentInfo{appplus.mobi.lockdownpro/appplus.mobi.applock.service.AppLockPlusService}: it does not require the permission android.permission.BIND_INPUT_METHOD
E/WifiStateMachine(  746): WifiStateMachine CMD_START_SCAN source -2 txSuccessRate=134.47 rxSuccessRate=186.98 targetRoamBSSID=any RSSI=-32
I/Unity   (21258): grass
I/Unity   (21258):  
I/Unity   (21258): (Filename: ./artifacts/AndroidManagedGenerated/UnityEngineDebug.cpp Line: 49)
I/Unity   (21258): 
I/aa      ( 1843): Not returning location for the following outliers: [125410407932]
D/LocationFilter( 1843): Forcing stable location. Original location:Location[fused 37.587190,126.922826 acc=25 et=+1d4h19m53s386ms] because connected WiFi network is the same, bssid=00:08:9f:4e:7c:ef
W/HandlerScheduledExecuto(21703): Task does not implement UiTask. Consider using NamedUiRunnable for gce@2eb54959
D/WifiService(  746): releaseWifiLockLocked: WifiLock{NlpWifiLock type=2 binder=android.os.BinderProxy@3ddd5dc9}
I/ActivityManager(  746): Start proc com.android.chrome for broadcast com.android.chrome/com.google.ipc.invalidation.ticl.android2.AndroidInternalScheduler$AlarmReceiver: pid=21786 uid=10031 gids={50031, 9997, 3003, 1028, 1015} abi=armeabi-v7a
I/Unity   (21258): grass
I/Unity   (21258):  
I/Unity   (21258): (Filename: ./artifacts/AndroidManagedGenerated/UnityEngineDebug.cpp Line: 49)
I/Unity   (21258): 
I/Unity   (21258): grass
I/Unity   (21258):  
I/Unity   (21258): (Filename: ./artifacts/AndroidManagedGenerated/UnityEngineDebug.cpp Line: 49)
I/Unity   (21258): 
I/GAV2    (21703): Thread[GAThread,5,main]: No campaign data found.
I/Unity   (21258): grass
I/Unity   (21258):  
I/Unity   (21258): (Filename: ./artifacts/AndroidManagedGenerated/UnityEngineDebug.cpp Line: 49)
I/Unity   (21258): 
D/Kontagent(21258): T#01:Heartbeat!
I/Kontagent(21258): T#01:Kontagent SDK is built for Unity3D plugin
D/Kontagent(21258): T#31589:Trying to enqueue a message: Message{url='http://api.geo.kontagent.net/api/v1/38eb7745340240f3941f289306336814/pgr/?ts=1423755659&s=6036873873736737518&kt_v=au1.4.5', id=5329796834312626210, name='pgr', sessionId='6036873873736737518', timestamp='1423755659', isDelivered=false, deliveryTrials=0}
D/Kontagent(21258): T#31589:Adding message: Message{url='http://api.geo.kontagent.net/api/v1/38eb7745340240f3941f289306336814/pgr/?ts=1423755659&s=6036873873736737518&kt_v=au1.4.5', id=5329796834312626210, name='pgr', sessionId='6036873873736737518', timestamp='1423755659', isDelivered=false, deliveryTrials=0}
D/Kontagent:TransferQueue(21258): T#31589:Stopping queue processing timer
D/TimeService(24800): Updating widget using TimeTick
I/Unity   (21258): log-right-poop
I/Unity   (21258):  
I/Unity   (21258): (Filename: ./artifacts/AndroidManagedGenerated/UnityEngineDebug.cpp Line: 49)
I/Unity   (21258): 
I/Unity   (21258): grass
I/Unity   (21258):  
I/Unity   (21258): (Filename: ./artifacts/AndroidManagedGenerated/UnityEngineDebug.cpp Line: 49)
I/Unity   (21258): 
I/Unity   (21258): EndOfGameShowAd:True
I/Unity   (21258):  
I/Unity   (21258): (Filename: ./artifacts/AndroidManagedGenerated/UnityEngineDebug.cpp Line: 49)
I/Unity   (21258): 
D/Yodo1SdkManager(21258): GooglePlus_IsConnected:true
I/ActivityManager(  746): Start proc com.google.android.gms.unstable for service com.google.android.gms/.droidguard.DroidGuardService: pid=21814 uid=10007 gids={50007, 9997, 2001, 3003, 1007, 3006, 3002, 3001, 1028, 1015, 1005, 3007} abi=armeabi-v7a
W/ResourcesManager(21814): Asset path '/system/framework/com.android.media.remotedisplay.jar' does not exist or contains no resources.
W/ResourcesManager(21814): Asset path '/system/framework/com.android.location.provider.jar' does not exist or contains no resources.
I/MultiDex(21814): VM with version 2.1.0 has multidex support
I/MultiDex(21814): install
I/MultiDex(21814): VM has multidex support, MultiDex support library is disabled.
I/ProviderInstaller(21814): Insert disabled by gate 'gms:security:enable_conscrypt_in_gms_application'
D/GCM     ( 1541): GcmService start Intent { act=com.google.android.gms.INITIALIZE flg=0x10 pkg=com.google.android.gms cmp=com.google.android.gms/.gcm.GcmService } com.google.android.gms.INITIALIZE
D/AuthorizationBluetoothService( 1541): Received GmsCore event: Intent { act=com.google.android.gms.INITIALIZE flg=0x10 pkg=com.google.android.gms cmp=com.google.android.gms/.auth.be.proximity.authorization.bt.AuthorizationBluetoothService$AutoStarter }.
D/c       ( 1541): Getting all permits...
D/a       ( 1541): Opening database...
D/a       ( 1541): Opening database auth.proximity.permit_store...
D/a       ( 1541): Closing database...
I/Fitness (17808): GmsCore initialized.  Initializing Fitness
D/LocationInitializer(17808): Restart initialization of location
D/WVCdm   (  185): Instantiating CDM.
I/WVCdm   (  185): CdmEngine::OpenSession
I/WVCdm   (  185): Level3 Library Sep 25 2014 17:10:03
W/WVCdm   (  185): Could not read /data/mediadrm/IDM1013/ay64.dat2: No such file or directory
D/DrmWidevineDash(  185): OEMCrypto_Initialize: starts! g_qsee_apps_version = 0x11
D/DrmWidevineDash(  185): Service_Initialize: starts!
D/QSEECOMAPI: (  185): QSEECom_get_handle sb_length = 0x19000
D/QSEECOMAPI: (  185): App is not loaded in QSEE
D/QSEECOMAPI: (  185): Loaded image: APP id = 3
D/DrmWidevineDash(  185): Service_Initialize: ends! returns 0
D/DrmWidevineDash(  185): OEMCrypto_Initialize sion_buffer g_wv_fhandle->ion_sbuffer  0x0xb4510000
E/DrmWidevineDash(  185): sion_buffer g_wv_fhandle->ion_sbuffer  0x0xb4510000
D/DrmWidevineDash(  185): OEMCrypto_Initialize: ends! returns 0
D/DrmWidevineDash(  185): OEMCrypto_APIVersion: starts!
D/DrmWidevineDash(  185): hlos api version =  9
D/DrmWidevineDash(  185): tz api version =  9
D/DrmWidevineDash(  185): OEMCrypto_APIVersion: ends! returns version 9
D/DrmWidevineDash(  185): OEMCrypto_IsKeyboxValid: starts!
D/DrmWidevineDash(  185): OEMCrypto_IsKeyboxValid: ends! returns 0
D/WVCdm   (  185): OEMCrypto_Initialize Level 1 success. I will use level 1.
D/DrmWidevineDash(  185): OEMCrypto_OpenSession: starts! SID=0xb4001940
D/DrmWidevineDash(  185): OEMCrypto_OpenSession SID = 1
D/DrmWidevineDash(  185): OEMCrypto_OpenSession: ends! returns 0
D/DrmWidevineDash(  185): OEMCrypto_GetRandom: starts! randomData=0xb3e242a0, dataLength=8
D/DrmWidevineDash(  185): OEMCrypto_GetRandom: ends! returns 0
D/DrmWidevineDash(  185): OEMCrypto_LoadDeviceRSAKey: starts!SID=1, wrapped_rsa_key=0xb3e80600, wrapped_rsa_key_length=1280
D/DrmWidevineDash(  185): OEMCrypto_LoadDeviceRSAKey: ends! returns 0
I/WVCdm   (  185): CdmEngine::QueryKeyControlInfo
I/WVCdm   (  185): CdmEngine::CloseSession
D/DrmWidevineDash(  185): OEMCrypto_CloseSession: starts! SID=1
D/DrmWidevineDash(  185): OEMCrypto_CloseSession: ends! returns 0
I/WVCdm   (  185): L3 Terminate.
D/DrmWidevineDash(  185): OEMCrypto_Terminate: starts!
D/DrmWidevineDash(  185): Service_Uninitialize: starts!
D/QSEECOMAPI: (  185): QSEECom_dealloc_memory 
D/QSEECOMAPI: (  185): QSEECom_shutdown_app, app_id = 3
D/DrmWidevineDash(  185): Service_Uninitialize: ends! returns 0x0
D/DrmWidevineDash(  185): OEMCrypto_Terminate: ends! returns 0
D/Kontagent(21258): T#31589:doProcessQueue()
I/Kontagent:TransferQueue(21258): T#31589:Processing message: [session ID = 6036873873736737518, message ID = 5329796834312626210, URL = http://api.geo.kontagent.net/api/v1/38eb7745340240f3941f289306336814/pgr/?ts=1423755659&s=6036873873736737518&kt_v=au1.4.5]
I/GoogleHttpClient(21814): Falling back to old SSLCertificateSocketFactory
I/Kontagent(21258): T#31589:HTTP operation completed successfully => schedule processing of next operation...
D/Kontagent:TransferQueue(21258): T#31589:Stopping queue processing timer
D/Kontagent(21258): T#31589:Trying to remove a message id: 5329796834312626210
D/Kontagent(21258): T#31589:Removing message: Message{url='http://api.geo.kontagent.net/api/v1/38eb7745340240f3941f289306336814/pgr/?ts=1423755659&s=6036873873736737518&kt_v=au1.4.5', id=5329796834312626210, name='pgr', sessionId='6036873873736737518', timestamp='1423755659', isDelivered=false, deliveryTrials=0}
D/Kontagent(21258): T#31589:doProcessQueue()
I/dex2oat (21837): /system/bin/dex2oat --runtime-arg -classpath --runtime-arg  --instruction-set=arm --instruction-set-features=div --runtime-arg -Xrelocate --boot-image=/system/framework/boot.art --dex-file=/data/data/com.google.android.gms/app_fb/f.apk --oat-fd=32 --oat-location=/data/data/com.google.android.gms/app_fb/f.dex --runtime-arg -Xms64m --runtime-arg -Xmx512m
I/dex2oat (21837): dex2oat took 103.707ms (threads: 4)
I/Adreno-EGL(21814): <qeglDrvAPI_eglInitialize:410>: QUALCOMM Build: 10/24/14, 167c270, I68fa98814b
I/Adreno-EGL(21814): <qeglDrvAPI_eglInitialize:410>: QUALCOMM Build: 10/24/14, 167c270, I68fa98814b
I/art     (  746): Explicit concurrent mark sweep GC freed 42218(2MB) AllocSpace objects, 2(29KB) LOS objects, 23% free, 51MB/67MB, paused 1.409ms total 128.614ms
I/ActivityManager(  746): Start proc com.wsl.noom for broadcast com.wsl.noom/com.wsl.activitymonitor.PeriodicAlarmReceiver: pid=21844 uid=10152 gids={50152, 9997, 3003, 3001, 3002, 1028, 1015} abi=armeabi-v7a
W/ResourcesManager(21844): Asset path '/system/framework/com.google.android.maps.jar' does not exist or contains no resources.
I/Crashlytics(21844): Initializing Crashlytics 1.1.13.29
W/ActivityThread(21844): ClassLoader.loadClass: The class loader returned by Thread.getContextClassLoader() may fail for processes that host multiple applications. You should explicitly specify a context class loader. For example: Thread.setContextClassLoader(getClass().getClassLoader());
I/Fitness ( 1843): Account supported from cache: true
W/Fitness ( 1843): FitnessAccountManager connection failed: c{statusCode=unknown status code 16, resolution=null}
D/Yodo1SdkManager(21258): onShowButtonClick
I/ActivityManager(  746): START u0 {cmp=com.yodo1.crossyroad/com.sponsorpay.publisher.mbe.SPBrandEngageActivity} from uid 10372 on display 0
D/Yodo1GlobalSDK(21258): onPause
D/YgBasicAdapterMat(21258): onPause
D/YgBasicAdapterUpsight(21258): onPause
D/Kontagent:Session(21258): T#01:Heartbeat stopped!
D/YgBasicAdapterFyber(21258): onPause
D/YgBasicAdapterUmengGame(21258): onPause
D/com.umeng.common.b(21258): Could not get location from GPS or Cell-id, lack ACCESS_COARSE_LOCATION or ACCESS_COARSE_LOCATION permission?
I/Prime31 (21258): onSystemUiVisibilityChange. new visibility: 0
I/Prime31 (21258): enabling immersive mode
I/ActivityManager(  746): Displayed com.yodo1.crossyroad/com.sponsorpay.publisher.mbe.SPBrandEngageActivity: +100ms
V/Fitness (21844): Received batch result
I/[SP] SPWebClient(21258): shouldOverrideUrlLoading called with url: sponsorpay://start?status=STARTED
D/[SP] SPBrandEngageClient(21258): SPBrandEngageClient mStatus -> SHOWING_OFFERS
I/[SP] SPBrandEngageClient(21258): SPBrandEngageClientStatus -> STARTED
I/[SP] SPWebClient(21258): shouldOverrideUrlLoading called with url: sponsorpay://play?tpn=Applifier&id=165148
D/[SP] SPBrandEngageClient(21258): MBE client asks to play an offer from a third party network:Applifier
I/ActivityManager(  746): START u0 {flg=0x10010000 cmp=com.yodo1.crossyroad/com.unity3d.ads.android.view.UnityAdsFullscreenActivity} from uid 10372 on display 0
W/art     (21258): Attempt to remove local handle scope entry from IRT, ignoring
W/AwContents(21258): onDetachedFromWindow called when already detached. Ignoring
W/art     (21258): Attempt to remove local handle scope entry from IRT, ignoring
W/art     (21258): Attempt to remove local handle scope entry from IRT, ignoring
E/lowmemorykiller(  173): Error writing /proc/21786/oom_score_adj; errno=22
I/ActivityManager(  746): Process com.android.chrome (pid 21786) has died
E/lowmemorykiller(  173): Error opening /proc/21726/oom_score_adj; errno=2
I/ActivityManager(  746): Process com.google.android.partnersetup (pid 21726) has died
I/ActivityManager(  746): Displayed com.yodo1.crossyroad/com.unity3d.ads.android.view.UnityAdsFullscreenActivity: +208ms
E/lowmemorykiller(  173): Error writing /proc/21703/oom_score_adj; errno=22
D/WifiService(  746): Client connection lost with reason: 4
I/ActivityManager(  746): Process com.google.android.googlequicksearchbox:search (pid 21703) has died
I/ActivityManager(  746): Process com.google.android.gms.unstable (pid 21814) has died
I/chromium(21258): [INFO:CONSOLE(4367)] "ko", source: http://cdn.applifier.com/impact/webview/production/impact/js/impact.js?version=c56f9bf380355c0e363a5fb2682bece41e782bd2 (4367)
I/chromium(21258): [INFO:CONSOLE(5772)] "Resize handler called", source: http://cdn.applifier.com/impact/webview/production/impact/js/impact.js?version=c56f9bf380355c0e363a5fb2682bece41e782bd2 (5772)
D/[SP] SPBrandEngageClient(21258): Notifying - javascript:Sponsorpay.MBE.SDKInterface.notify('play', {tpn:'Applifier', id:165148, result:'started'})
I/MediaFocusControl(  746):  AudioFocus  requestAudioFocus() from android.media.AudioManager@3ed8b88b
I/chromium(21258): [INFO:CONSOLE(5734)] "Rendering: start", source: http://cdn.applifier.com/impact/webview/production/impact/js/impact.js?version=c56f9bf380355c0e363a5fb2682bece41e782bd2 (5734)
I/chromium(21258): [INFO:CONSOLE(4411)] "true", source: http://cdn.applifier.com/impact/webview/production/impact/js/impact.js?version=c56f9bf380355c0e363a5fb2682bece41e782bd2 (4411)
I/chromium(21258): [INFO:CONSOLE(5760)] "Hiding all views", source: http://cdn.applifier.com/impact/webview/production/impact/js/impact.js?version=c56f9bf380355c0e363a5fb2682bece41e782bd2 (5760)
I/chromium(21258): [INFO:CONSOLE(2409)] "GoogleAnalytics call:_setCustomVar,1,connectionType,wifi,2", source: http://cdn.applifier.com/impact/webview/production/impact/js/impact.js?version=c56f9bf380355c0e363a5fb2682bece41e782bd2 (2409)
I/chromium(21258): [INFO:CONSOLE(2409)] "GoogleAnalytics call:_setCustomVar,2,gameId,131624390,2", source: http://cdn.applifier.com/impact/webview/production/impact/js/impact.js?version=c56f9bf380355c0e363a5fb2682bece41e782bd2 (2409)
I/chromium(21258): [INFO:CONSOLE(2409)] "GoogleAnalytics call:_setCustomVar,3,devicePixelRatio,3,2", source: http://cdn.applifier.com/impact/webview/production/impact/js/impact.js?version=c56f9bf380355c0e363a5fb2682bece41e782bd2 (2409)
I/chromium(21258): [INFO:CONSOLE(2409)] "GoogleAnalytics call:_setCustomVar,4,abGroup,10,2", source: http://cdn.applifier.com/impact/webview/production/impact/js/impact.js?version=c56f9bf380355c0e363a5fb2682bece41e782bd2 (2409)
I/OMX-VDEC-1080P(  185): component_init: OMX.qcom.video.decoder.avc : fd=17
I/OMX-VDEC-1080P(  185): Capabilities: driver_name = msm_vidc_driver, card = msm_vdec_8974, bus_info = , version = 1, capabilities = 4003000
I/chromium(21258): [INFO:CONSOLE(2409)] "GoogleAnalytics call:_setCustomVar,5,zoneId,rewardedVideoZone,2", source: http://cdn.applifier.com/impact/webview/production/impact/js/impact.js?version=c56f9bf380355c0e363a5fb2682bece41e782bd2 (2409)
I/chromium(21258): [INFO:CONSOLE(2409)] "GoogleAnalytics call:_trackPageview", source: http://cdn.applifier.com/impact/webview/production/impact/js/impact.js?version=c56f9bf380355c0e363a5fb2682bece41e782bd2 (2409)
I/OMX-VDEC-1080P(  185): omx_vdec::component_init() success : fd=17
I/OMXCodec(  185): [OMX.qcom.video.decoder.avc] AVC profile = 66 (Baseline), level = 30
I/chromium(21258): [INFO:CONSOLE(4442)] "Sending open event for parameters: 131624390, 549ed797434e5819000424fe, 54405531bd1ec33572000003, 54516dcbe7e7c0be0f00000d, 5469f06f1ec2bd481b000001, 5475ccf91e0b207b47000002, 54be602147786e9d01000013, rewardedVideoZone", source: http://cdn.applifier.com/impact/webview/production/impact/js/impact.js?version=c56f9bf380355c0e363a5fb2682bece41e782bd2 (4442)
I/chromium(21258): [INFO:CONSOLE(5758)] "Showing: start", source: http://cdn.applifier.com/impact/webview/production/impact/js/impact.js?version=c56f9bf380355c0e363a5fb2682bece41e782bd2 (5758)
I/chromium(21258): [INFO:CONSOLE(5772)] "Resize handler called", source: http://cdn.applifier.com/impact/webview/production/impact/js/impact.js?version=c56f9bf380355c0e363a5fb2682bece41e782bd2 (5772)
I/chromium(21258): [INFO:CONSOLE(5760)] "Hiding all views", source: http://cdn.applifier.com/impact/webview/production/impact/js/impact.js?version=c56f9bf380355c0e363a5fb2682bece41e782bd2 (5760)
I/chromium(21258): [INFO:CONSOLE(5758)] "Showing: start", source: http://cdn.applifier.com/impact/webview/production/impact/js/impact.js?version=c56f9bf380355c0e363a5fb2682bece41e782bd2 (5758)
I/OMXCodec(  185): [OMX.qcom.video.decoder.avc] video dimensions are 480 x 270
I/OMXCodec(  185): [OMX.qcom.video.decoder.avc] Crop rect is 480 x 270 @ (0, 0)
I/OMXCodec(  185): [OMX.qcom.video.decoder.avc] OMX-buffers: min=18 actual=18 undeq=1+1
I/OMXCodec(  185): [OMX.qcom.video.decoder.avc] OMX-buffers: min=18 actual=22 undeq=4+1
D/MediaPlayer(21258): getMetadata
I/OMXCodec(  185): [OMX.qcom.video.decoder.avc] video dimensions are 480 x 272
I/OMXCodec(  185): [OMX.qcom.video.decoder.avc] Crop rect is 480 x 272 @ (0, 0)
I/OMXCodec(  185): [OMX.qcom.video.decoder.avc] OMX-buffers: min=3 actual=3 undeq=1+1
I/OMXCodec(  185): [OMX.qcom.video.decoder.avc] OMX-buffers: min=3 actual=7 undeq=4+1
I/OMXCodec(  185): [OMX.qcom.video.decoder.avc] video dimensions are 480 x 270
I/OMXCodec(  185): [OMX.qcom.video.decoder.avc] Crop rect is 480 x 270 @ (0, 0)
I/SoftAAC2(  185): Reconfiguring decoder: 0->44100 Hz, 0->2 channels
D/audio_hw_primary(  185): out_set_parameters: enter: usecase(1: low-latency-playback) kvpairs: routing=2
W/MediaPlayer(21258): info/warning (3, 0)
I/chromium(21258): [INFO:CONSOLE(5734)] "Rendering: completed", source: http://cdn.applifier.com/impact/webview/production/impact/js/impact.js?version=c56f9bf380355c0e363a5fb2682bece41e782bd2 (5734)
I/chromium(21258): [INFO:CONSOLE(4411)] "true", source: http://cdn.applifier.com/impact/webview/production/impact/js/impact.js?version=c56f9bf380355c0e363a5fb2682bece41e782bd2 (4411)
V/ActivityManager(  746): Display changed displayId=0
I/ActivityManager(  746): Config changes=480 {1.0 450mcc8mnc ko_KR ldltr sw360dp w598dp h335dp 480dpi nrml land finger -keyb/v/h -nav/h s.62}
I/InputReader(  746): Reconfiguring input devices.  changes=0x00000004
I/InputReader(  746): Device reconfigured: id=4, name='touch_dev', size 1080x1920, orientation 1, mode 1, display id 0
I/InputReader(  746): Reconfiguring input devices.  changes=0x00000004
I/chromium(21258): [INFO:CONSOLE(5772)] "Resize handler called", source: http://cdn.applifier.com/impact/webview/production/impact/js/impact.js?version=c56f9bf380355c0e363a5fb2682bece41e782bd2 (5772)
I/chromium(21258): [INFO:CONSOLE(5774)] "Resize handler changing orientation to landscape", source: http://cdn.applifier.com/impact/webview/production/impact/js/impact.js?version=c56f9bf380355c0e363a5fb2682bece41e782bd2 (5774)
I/chromium(21258): [INFO:CONSOLE(5760)] "Hiding all views", source: http://cdn.applifier.com/impact/webview/production/impact/js/impact.js?version=c56f9bf380355c0e363a5fb2682bece41e782bd2 (5760)
I/chromium(21258): [INFO:CONSOLE(5758)] "Showing: completed", source: http://cdn.applifier.com/impact/webview/production/impact/js/impact.js?version=c56f9bf380355c0e363a5fb2682bece41e782bd2 (5758)
I/chromium(21258): [INFO:CONSOLE(2383)] "Tracking data: {"eventType":"videoAnalyticsEventCaching","data":{"videoPlaybackType":"cached","connectionType":"wifi","campaignId":"54405531bd1ec33572000003","eventValue":"start"}}", source: http://cdn.applifier.com/impact/webview/production/impact/js/impact.js?version=c56f9bf380355c0e363a5fb2682bece41e782bd2 (2383)
I/chromium(21258): [INFO:CONSOLE(2383)] "Tracking data: {"eventType":"videoAnalyticsEventCaching","data":{"videoPlaybackType":"cached","connectionType":"wifi","campaignId":"54405531bd1ec33572000003","cachingDuration":1031,"eventValue":"completed"}}", source: http://cdn.applifier.com/impact/webview/production/impact/js/impact.js?version=c56f9bf380355c0e363a5fb2682bece41e782bd2 (2383)
I/chromium(21258): [INFO:CONSOLE(2383)] "Tracking data: {"eventType":"videoAnalyticsEventCaching","data":{"videoPlaybackType":"stream","connectionType":"wifi","campaignId":"54516dcbe7e7c0be0f00000d","eventValue":"start"}}", source: http://cdn.applifier.com/impact/webview/production/impact/js/impact.js?version=c56f9bf380355c0e363a5fb2682bece41e782bd2 (2383)
I/chromium(21258): [INFO:CONSOLE(2383)] "Tracking data: {"eventType":"videoAnalyticsEventPlay","data":{"videoPlaybackType":"cached","connectionType":"wifi","campaignId":"54405531bd1ec33572000003","bufferingDuration":1143}}", source: http://cdn.applifier.com/impact/webview/production/impact/js/impact.js?version=c56f9bf380355c0e363a5fb2682bece41e782bd2 (2383)
I/Fitness ( 1843): FlushServiceReceiver.onReceive
I/WindowManager(  746): Screen frozen for +323ms due to Window{1b561217 u0 NavigationBar}
I/ActivityManager(  746): Start proc com.sweettracker.smartparcel for broadcast com.sweettracker.smartparcel/.halibut.HalibutAlarmReceiver: pid=21993 uid=10104 gids={50104, 9997, 3003, 1028, 1015} abi=armeabi-v7a
I/art     (21993): Explicit concurrent mark sweep GC freed 5988(363KB) AllocSpace objects, 6(96KB) LOS objects, 24% free, 15MB/21MB, paused 522us total 38.282ms
E/WifiStateMachine(  746): WifiStateMachine CMD_START_SCAN source -2 txSuccessRate=474.54 rxSuccessRate=679.94 targetRoamBSSID=any RSSI=-34
I/UrQA    (21993): UrQA Response Code : 200
I/art     (  746): Explicit concurrent mark sweep GC freed 26295(1572KB) AllocSpace objects, 2(32KB) LOS objects, 23% free, 51MB/67MB, paused 1.620ms total 191.667ms
I/chromium(21258): [INFO:CONSOLE(5542)] "Calling custom click url: http://ad.apsalar.com/api/v1/ad?re=0&a=Smule&i=com.smule.magicpiano&ca=Piano+Android&an=Everyplay+GameAds&p=Android&pl=KR&and5=cd99a3a23d29407bf489650786b7303a&aifa=61bf4bd1-1951-4988-b9f9-e0439c36a9f7&aif5=82b29adaa1d341bae216604925393179&ip=210.106.1.228&cl=549ed797434e5819000424fe&cr=54405531bd1ec33572000003&game_id=12260&redirect=false&s=131624390&h=7db8f76aa056b5124cdcab640e6ac77c57fae77b&adv_cid=1812", source: http://cdn.applifier.com/impact/webview/production/impact/js/impact.js?version=c56f9bf380355c0e363a5fb2682bece41e782bd2 (5542)
I/GAV3    (21993): Thread[GAThread,5,main]: No campaign data found.
I/System.out(21258): Exiting monitor
E/        (  185): not in avi mode
I/OMX-VDEC-1080P(  185): omx_vdec::component_deinit() complete
I/OMX-VDEC-1080P(  185): Exit OMX vdec Destructor: fd=17
E/qdoverlay(  176): Failed to call ioctl MSMFB_OVERLAY_SET err=Out of memory
E/qdoverlay(  176): MdpCtrl failed to setOverlay, restoring last known good ov info
E/qdoverlay(  176): == Bad OVInfo is:  mdp_overlay z=1 fg=0 alpha=255 mask=-1 flags=0x64000 id=-1
E/qdoverlay(  176): src msmfb_img w=1152 h=128 format=13 MDP_RGBA_8888
E/qdoverlay(  176): src_rect mdp_rect x=0 y=0 w=1080 h=126
E/qdoverlay(  176): dst_rect mdp_rect x=0 y=1794 w=1080 h=126
E/qdoverlay(  176): == Last good known OVInfo is:  mdp_overlay z=0 fg=0 alpha=0 mask=0 flags=0x0 id=-1
E/qdoverlay(  176): src msmfb_img w=0 h=0 format=0 MDP_RGB_565
E/qdoverlay(  176): src_rect mdp_rect x=0 y=0 w=0 h=0
E/qdoverlay(  176): dst_rect mdp_rect x=0 y=0 w=0 h=0
E/qdoverlay(  176): MdpCtrl Lkgo ov has id -1, will not restore
E/qdoverlay(  176): Ctrl commit failed set overlay
E/qdhwcomposer(  176): configureLowRes: commit failed for low res panel
V/ActivityManager(  746): Display changed displayId=0
I/ActivityManager(  746): Config changes=480 {1.0 450mcc8mnc ko_KR ldltr sw360dp w360dp h567dp 480dpi nrml port finger -keyb/v/h -nav/h s.63}
I/InputReader(  746): Reconfiguring input devices.  changes=0x00000004
I/InputReader(  746): Device reconfigured: id=4, name='touch_dev', size 1080x1920, orientation 0, mode 1, display id 0
D/[SP] SPBrandEngageClient(21258): Notifying - javascript:Sponsorpay.MBE.SDKInterface.notify('play', {tpn:'Applifier', id:165148, result:'finished'})
W/MediaPlayer(21258): mediaplayer went away with unhandled events
I/chromium(21258): [INFO:CONSOLE(5760)] "Hiding all views", source: http://cdn.applifier.com/impact/webview/production/impact/js/impact.js?version=c56f9bf380355c0e363a5fb2682bece41e782bd2 (5760)
I/chromium(21258): [INFO:CONSOLE(5758)] "Showing: completed", source: http://cdn.applifier.com/impact/webview/production/impact/js/impact.js?version=c56f9bf380355c0e363a5fb2682bece41e782bd2 (5758)
I/chromium(21258): [INFO:CONSOLE(5772)] "Resize handler called", source: http://cdn.applifier.com/impact/webview/production/impact/js/impact.js?version=c56f9bf380355c0e363a5fb2682bece41e782bd2 (5772)
I/chromium(21258): [INFO:CONSOLE(5774)] "Resize handler changing orientation to portrait", source: http://cdn.applifier.com/impact/webview/production/impact/js/impact.js?version=c56f9bf380355c0e363a5fb2682bece41e782bd2 (5774)
I/chromium(21258): [INFO:CONSOLE(5563)] "Switched end screen background to: portrait", source: http://cdn.applifier.com/impact/webview/production/impact/js/impact.js?version=c56f9bf380355c0e363a5fb2682bece41e782bd2 (5563)
I/WindowManager(  746): Screen frozen for +173ms due to Window{1b561217 u0 NavigationBar}
I/[SP] SPWebClient(21258): shouldOverrideUrlLoading called with url: sponsorpay://start?status=USER_ENGAGED
D/[SP] SPBrandEngageClient(21258): SPBrandEngageClient mStatus -> USER_ENGAGED
I/chromium(21258): [INFO:CONSOLE(5772)] "Resize handler called", source: http://cdn.applifier.com/impact/webview/production/impact/js/impact.js?version=c56f9bf380355c0e363a5fb2682bece41e782bd2 (5772)
I/chromium(21258): [INFO:CONSOLE(4476)] "Sending close event for parameters: 131624390, 549ed797434e5819000424fe, completed, rewardedVideoZone", source: http://cdn.applifier.com/impact/webview/production/impact/js/impact.js?version=c56f9bf380355c0e363a5fb2682bece41e782bd2 (4476)
I/chromium(21258): [INFO:CONSOLE(4411)] "true", source: http://cdn.applifier.com/impact/webview/production/impact/js/impact.js?version=c56f9bf380355c0e363a5fb2682bece41e782bd2 (4411)
W/ScreenOrientationListener(21258): Removing an inexistent observer!
D/[SP] SPBrandEngageClient(21258): Notifying - javascript:Sponsorpay.MBE.SDKInterface.notify('play', {tpn:'Applifier', id:165148, result:'closed'})
I/art     (  746): Explicit concurrent mark sweep GC freed 17432(827KB) AllocSpace objects, 0(0B) LOS objects, 23% free, 51MB/67MB, paused 1.286ms total 109.697ms
D/audio_hw_primary(  185): disable_audio_route: reset and update mixer path: low-latency-playback
D/audio_hw_primary(  185): disable_snd_device: snd_device(2: speaker)
I/[SP] SPWebClient(21258): shouldOverrideUrlLoading called with url: sponsorpay://start?status=CLOSE_FINISHED
D/[SP] SPBrandEngageClient(21258): SPBrandEngageClient mStatus -> MUST_QUERY_SERVER_FOR_OFFERS
I/[SP] SPBrandEngageClient(21258): SPBrandEngageClientStatus -> CLOSE_FINISHED
D/Yodo1SdkManager(21258): SP_REQUEST_STATUS_PARAMETER_FINISHED_VALUE
D/Yodo1GlobalSDK(21258): onResume
D/YgBasicAdapterMat(21258): onResume
D/YgBasicAdapterUpsight(21258): onResume
D/YgBasicAdapterFyber(21258): onResume
I/YgPaymentAdapterGoogleBilling(21258): Initialization google in-app billing
D/IabHelper(21258): Starting in-app billing setup.
D/YgBasicAdapterUmengGame(21258): onResume
I/MobclickAgent(21258): Extend current session: 2269BDAAAA0649126F6668547326B1B7
D/MobclickAgent(21258): App resume from background
D/com.umeng.common.net.s(21258): 831:	request: http://oc.umeng.com/check_config_update
D/com.umeng.common.net.s(21258): {"type":"online_config","appkey":"5465bdcbfd98c5f86d002253","version_code":"18","package":"com.yodo1.crossyroad","sdk_version":"4.6.3.0","idmd5":"8c478fc566fb36d6ec93b5d9baf4d2b","channel":"Google_play","report_policy":1,"last_config_time":"Tue Feb 10 10:24:00 CST 2015"}
D/IabHelper(21258): Billing service connected.
D/IabHelper(21258): Checking for in-app billing 3 support.
D/Finsky  (21331): [31595] InAppBillingUtils.pickAccount: com.yodo1.crossyroad: Account determined from installer data - [-a75N1J9LvpFsV3zDR5MBn8NXvk]
D/IabHelper(21258): In-app billing version 3 supported for com.yodo1.crossyroad
D/Finsky  (21331): [31569] InAppBillingUtils.pickAccount: com.yodo1.crossyroad: Account determined from installer data - [-a75N1J9LvpFsV3zDR5MBn8NXvk]
D/IabHelper(21258): Subscriptions AVAILABLE.
I/YgPaymentAdapterGoogleBilling(21258): Setup Finished
I/Prime31 (21258): onSystemUiVisibilityChange. new visibility: 6
I/Prime31 (21258): enabling immersive mode
E/BufferQueueProducer(  176): [SurfaceView] cancelBuffer: BufferQueue has been abandoned
D/audio_hw_primary(  185): out_set_parameters: enter: usecase(1: low-latency-playback) kvpairs: routing=2
D/audio_hw_primary(  185): select_devices: out_snd_device(2: speaker) in_snd_device(0: none)
D/msm8974_platform(  185): platform_send_audio_calibration: sending audio calibration for snd_device(2) acdb_id(15)
D/audio_hw_primary(  185): enable_snd_device: snd_device(2: speaker)
D/audio_hw_primary(  185): enable_audio_route: apply and update mixer path: low-latency-playback
I/Unity   (21258): fyberAdWatchedCallBack:OK
I/Unity   (21258):  
